Component: Arm Compiler for Embedded 6.19 Tool: armlink [5e73cb00]

==============================================================================

Section Cross References

    context_rvds.o(.text) refers to cpuport.o(.text.rt_hw_hard_fault_exception) for rt_hw_hard_fault_exception
    context_rvds.o(.text) refers to cpuport.o(.bss.rt_thread_switch_interrupt_flag) for rt_thread_switch_interrupt_flag
    context_rvds.o(.text) refers to cpuport.o(.bss.rt_interrupt_from_thread) for rt_interrupt_from_thread
    context_rvds.o(.text) refers to cpuport.o(.bss.rt_interrupt_to_thread) for rt_interrupt_to_thread
    cpuport.o(.ARM.exidx.text.rt_hw_stack_init) refers to cpuport.o(.text.rt_hw_stack_init) for [Anonymous Symbol]
    cpuport.o(.text.rt_hw_hard_fault_exception) refers to kservice.o(.text.rt_kprintf) for rt_kprintf
    cpuport.o(.text.rt_hw_hard_fault_exception) refers to cmd.o(.text.list_thread) for list_thread
    cpuport.o(.text.rt_hw_hard_fault_exception) refers to scheduler.o(.bss.rt_current_thread) for rt_current_thread
    cpuport.o(.ARM.exidx.text.rt_hw_hard_fault_exception) refers to cpuport.o(.text.rt_hw_hard_fault_exception) for [Anonymous Symbol]
    cpuport.o(.ARM.exidx.text.rt_hw_cpu_reset) refers to cpuport.o(.text.rt_hw_cpu_reset) for [Anonymous Symbol]
    clock.o(.ARM.exidx.text.rt_system_tick_init) refers to clock.o(.text.rt_system_tick_init) for [Anonymous Symbol]
    clock.o(.text.rt_tick_get) refers to clock.o(.bss.rt_tick) for [Anonymous Symbol]
    clock.o(.ARM.exidx.text.rt_tick_get) refers to clock.o(.text.rt_tick_get) for [Anonymous Symbol]
    clock.o(.text.rt_tick_set) refers to context_rvds.o(.text) for rt_hw_interrupt_disable
    clock.o(.text.rt_tick_set) refers to clock.o(.bss.rt_tick) for [Anonymous Symbol]
    clock.o(.ARM.exidx.text.rt_tick_set) refers to clock.o(.text.rt_tick_set) for [Anonymous Symbol]
    clock.o(.text.rt_tick_increase) refers to thread.o(.text.rt_thread_self) for rt_thread_self
    clock.o(.text.rt_tick_increase) refers to timer.o(.text.rt_timer_check) for rt_timer_check
    clock.o(.text.rt_tick_increase) refers to thread.o(.text.rt_thread_yield) for rt_thread_yield
    clock.o(.text.rt_tick_increase) refers to clock.o(.bss.rt_tick) for [Anonymous Symbol]
    clock.o(.ARM.exidx.text.rt_tick_increase) refers to clock.o(.text.rt_tick_increase) for [Anonymous Symbol]
    clock.o(.text.rt_tick_from_millisecond) refers to idiv_div0.o(.text) for __aeabi_idivmod
    clock.o(.ARM.exidx.text.rt_tick_from_millisecond) refers to clock.o(.text.rt_tick_from_millisecond) for [Anonymous Symbol]
    components.o(.ARM.exidx.text.rti_start) refers to components.o(.text.rti_start) for [Anonymous Symbol]
    components.o(.ARM.exidx.text.rti_board_start) refers to components.o(.text.rti_board_start) for [Anonymous Symbol]
    components.o(.ARM.exidx.text.rti_board_end) refers to components.o(.text.rti_board_end) for [Anonymous Symbol]
    components.o(.ARM.exidx.text.rti_end) refers to components.o(.text.rti_end) for [Anonymous Symbol]
    components.o(.text.rt_components_board_init) refers to components.o(.rti_fn.1.end) for __rt_init_rti_board_end
    components.o(.text.rt_components_board_init) refers to components.o(.rti_fn.0.end) for __rt_init_rti_board_start
    components.o(.ARM.exidx.text.rt_components_board_init) refers to components.o(.text.rt_components_board_init) for [Anonymous Symbol]
    components.o(.text.rt_components_init) refers to components.o(.rti_fn.6.end) for __rt_init_rti_end
    components.o(.text.rt_components_init) refers to components.o(.rti_fn.1.end) for __rt_init_rti_board_end
    components.o(.ARM.exidx.text.rt_components_init) refers to components.o(.text.rt_components_init) for [Anonymous Symbol]
    components.o(.text.main_thread_entry) refers to main.o(.text.main) for $Super$$main
    components.o(.text.main_thread_entry) refers to components.o(.rti_fn.6.end) for __rt_init_rti_end
    components.o(.text.main_thread_entry) refers to components.o(.rti_fn.1.end) for __rt_init_rti_board_end
    components.o(.ARM.exidx.text.main_thread_entry) refers to components.o(.text.main_thread_entry) for [Anonymous Symbol]
    components.o(.text.rt_application_init) refers to thread.o(.text.rt_thread_init) for rt_thread_init
    components.o(.text.rt_application_init) refers to thread.o(.text.rt_thread_startup) for rt_thread_startup
    components.o(.text.rt_application_init) refers to components.o(.bss.main_stack) for [Anonymous Symbol]
    components.o(.text.rt_application_init) refers to components.o(.bss.main_thread) for main_thread
    components.o(.text.rt_application_init) refers to components.o(.rodata.str1.1) for [Anonymous Symbol]
    components.o(.text.rt_application_init) refers to components.o(.text.main_thread_entry) for main_thread_entry
    components.o(.ARM.exidx.text.rt_application_init) refers to components.o(.text.rt_application_init) for [Anonymous Symbol]
[...]
    __arm_cp.1_4                             0x08004498   Number         4  msh.o(.text.msh_help)
    __arm_cp.1_5                             0x0800449c   Number         4  msh.o(.text.msh_help)
    [Anonymous Symbol]                       0x080044a0   Section        0  msh.o(.text.msh_is_used)
    print_number                             0x080044a5   Thumb Code   380  kservice.o(.text.print_number)
    [Anonymous Symbol]                       0x080044a4   Section        0  kservice.o(.text.print_number)
    print_number.small_digits                0x08004620   Number         0  kservice.o(.text.print_number)
    print_number.large_digits                0x08004634   Number         0  kservice.o(.text.print_number)
    [Anonymous Symbol]                       0x08004648   Section        0  components.o(.text.rt_components_board_init)
    __arm_cp.4_0                             0x0800465c   Number         4  components.o(.text.rt_components_board_init)
    __arm_cp.4_1                             0x08004660   Number         4  components.o(.text.rt_components_board_init)
    [Anonymous Symbol]                       0x08004664   Section        0  scheduler.o(.text.rt_enter_critical)
    [Anonymous Symbol]                       0x08004678   Section        0  scheduler.o(.text.rt_exit_critical)
    __arm_cp.6_0                             0x080046a8   Number         4  scheduler.o(.text.rt_exit_critical)
    [Anonymous Symbol]                       0x080046ac   Section        0  board.o(.text.rt_hw_board_init)
    __arm_cp.2_0                             0x08004718   Number         4  board.o(.text.rt_hw_board_init)
    __arm_cp.2_1                             0x0800471c   Number         4  board.o(.text.rt_hw_board_init)
    [Anonymous Symbol]                       0x08004720   Section        0  air001_core_board.o(.text.rt_hw_console_getchar)
    __arm_cp.13_0                            0x08004754   Number         4  air001_core_board.o(.text.rt_hw_console_getchar)
    __arm_cp.13_1                            0x08004758   Number         4  air001_core_board.o(.text.rt_hw_console_getchar)
    [Anonymous Symbol]                       0x0800475c   Section        0  air001_core_board.o(.text.rt_hw_console_output)
    __arm_cp.10_0                            0x080047ac   Number         4  air001_core_board.o(.text.rt_hw_console_output)
    [Anonymous Symbol]                       0x080047b0   Section        0  cpuport.o(.text.rt_hw_hard_fault_exception)
    __arm_cp.1_8                             0x08004884   Number         4  cpuport.o(.text.rt_hw_hard_fault_exception)
    [Anonymous Symbol]                       0x080048a4   Section        0  cpuport.o(.text.rt_hw_stack_init)
    __arm_cp.0_0                             0x080048e8   Number         4  cpuport.o(.text.rt_hw_stack_init)
    [Anonymous Symbol]                       0x080048ec   Section        0  irq.o(.text.rt_interrupt_enter)
    [Anonymous Symbol]                       0x08004900   Section        0  irq.o(.text.rt_interrupt_leave)
    [Anonymous Symbol]                       0x08004914   Section        0  kservice.o(.text.rt_kprintf)
    __arm_cp.15_0                            0x08004940   Number         4  kservice.o(.text.rt_kprintf)
    [Anonymous Symbol]                       0x08004944   Section        0  kservice.o(.text.rt_memmove)
    [Anonymous Symbol]                       0x08004978   Section        0  kservice.o(.text.rt_memset)
    __arm_cp.3_0                             0x080049cc   Number         4  kservice.o(.text.rt_memset)
    [Anonymous Symbol]                       0x080049d0   Section        0  object.o(.text.rt_object_detach)
    [Anonymous Symbol]                       0x080049f4   Section        0  object.o(.text.rt_object_get_information)
    [Anonymous Symbol]                       0x08004a0c   Section        0  object.o(.text.rt_object_init)
    __arm_cp.4_0                             0x08004a68   Number         4  object.o(.text.rt_object_init)
    [Anonymous Symbol]                       0x08004a6c   Section        0  object.o(.text.rt_object_is_systemobject)
    [Anonymous Symbol]                       0x08004a72   Section        0  ringbuff.o(.text.rt_ringbuffer_getchar)
    [Anonymous Symbol]                       0x08004ae2   Section        0  ringbuff.o(.text.rt_ringbuffer_init)
    [Anonymous Symbol]                       0x08004aee   Section        0  ringbuff.o(.text.rt_ringbuffer_putchar)
    [Anonymous Symbol]                       0x08004b50   Section        0  scheduler.o(.text.rt_schedule)
    __arm_cp.2_5                             0x08004ba4   Number         4  scheduler.o(.text.rt_schedule)
    [Anonymous Symbol]                       0x08004ba8   Section        0  scheduler.o(.text.rt_schedule_insert_thread)
    [Anonymous Symbol]                       0x08004be8   Section        0  scheduler.o(.text.rt_schedule_remove_thread)
    [Anonymous Symbol]                       0x08004c28   Section        0  ipc.o(.text.rt_sem_init)
    [Anonymous Symbol]                       0x08004c48   Section        0  ipc.o(.text.rt_sem_release)
    [Anonymous Symbol]                       0x08004c96   Section        0  ipc.o(.text.rt_sem_take)
    [Anonymous Symbol]                       0x08004d4c   Section        0  kservice.o(.text.rt_show_version)
    [Anonymous Symbol]                       0x08004e00   Section        0  kservice.o(.text.rt_strlen)
    [Anonymous Symbol]                       0x08004e0e   Section        0  kservice.o(.text.rt_strncpy)
    [Anonymous Symbol]                       0x08004e44   Section        0  scheduler.o(.text.rt_system_scheduler_init)
    __arm_cp.0_0                             0x08004e70   Number         4  scheduler.o(.text.rt_system_scheduler_init)
    __arm_cp.0_3                             0x08004e74   Number         4  scheduler.o(.text.rt_system_scheduler_init)
    [Anonymous Symbol]                       0x08004e78   Section        0  scheduler.o(.text.rt_system_scheduler_start)
    __arm_cp.1_0                             0x08004e9c   Number         4  scheduler.o(.text.rt_system_scheduler_start)
    __arm_cp.1_1                             0x08004ea0   Number         4  scheduler.o(.text.rt_system_scheduler_start)
    [Anonymous Symbol]                       0x08004ea4   Section        0  timer.o(.text.rt_system_timer_init)
    __arm_cp.7_0                             0x08004eac   Number         4  timer.o(.text.rt_system_timer_init)
    [Anonymous Symbol]                       0x08004eb0   Section        0  timer.o(.text.rt_system_timer_thread_init)
    [Anonymous Symbol]                       0x08004eb4   Section        0  thread.o(.text.rt_thread_exit)
    __arm_cp.0_0                             0x08004f18   Number         4  thread.o(.text.rt_thread_exit)
    __arm_cp.0_1                             0x08004f1c   Number         4  thread.o(.text.rt_thread_exit)
    rt_thread_idle_entry                     0x08004f21   Thumb Code     2  idle.o(.text.rt_thread_idle_entry)
    [Anonymous Symbol]                       0x08004f20   Section        0  idle.o(.text.rt_thread_idle_entry)
    [Anonymous Symbol]                       0x08004f24   Section        0  idle.o(.text.rt_thread_idle_init)
    __arm_cp.1_0                             0x08004f50   Number         4  idle.o(.text.rt_thread_idle_init)
    __arm_cp.1_1                             0x08004f54   Number         4  idle.o(.text.rt_thread_idle_init)
    __arm_cp.1_3                             0x08004f60   Number         4  idle.o(.text.rt_thread_idle_init)
    [Anonymous Symbol]                       0x08004f64   Section        0  thread.o(.text.rt_thread_init)
    __arm_cp.1_0                             0x08004fd8   Number         4  thread.o(.text.rt_thread_init)
    __arm_cp.1_1                             0x08004fdc   Number         4  thread.o(.text.rt_thread_init)
    [Anonymous Symbol]                       0x08004fe0   Section        0  thread.o(.text.rt_thread_mdelay)
    [Anonymous Symbol]                       0x08004fee   Section        0  thread.o(.text.rt_thread_resume)
    [Anonymous Symbol]                       0x08005034   Section        0  thread.o(.text.rt_thread_self)
    [Anonymous Symbol]                       0x0800503c   Section        0  thread.o(.text.rt_thread_sleep)
    [Anonymous Symbol]                       0x080050b0   Section        0  thread.o(.text.rt_thread_startup)
    [Anonymous Symbol]                       0x08005104   Section        0  thread.o(.text.rt_thread_suspend)
    [Anonymous Symbol]                       0x0800514a   Section        0  thread.o(.text.rt_thread_timeout)
    [Anonymous Symbol]                       0x08005170   Section        0  thread.o(.text.rt_thread_yield)
    __arm_cp.6_0                             0x080051c8   Number         4  thread.o(.text.rt_thread_yield)
    __arm_cp.6_1                             0x080051cc   Number         4  thread.o(.text.rt_thread_yield)
    [Anonymous Symbol]                       0x080051d0   Section        0  clock.o(.text.rt_tick_from_millisecond)
    __arm_cp.4_0                             0x08005200   Number         4  clock.o(.text.rt_tick_from_millisecond)
    [Anonymous Symbol]                       0x08005204   Section        0  clock.o(.text.rt_tick_get)
    [Anonymous Symbol]                       0x0800520c   Section        0  clock.o(.text.rt_tick_increase)
    __arm_cp.3_0                             0x08005238   Number         4  clock.o(.text.rt_tick_increase)
    [Anonymous Symbol]                       0x0800523c   Section        0  timer.o(.text.rt_timer_check)
    [Anonymous Symbol]                       0x080052d4   Section        0  timer.o(.text.rt_timer_control)
    [Anonymous Symbol]                       0x0800532a   Section        0  timer.o(.text.rt_timer_detach)
    [Anonymous Symbol]                       0x0800535a   Section        0  timer.o(.text.rt_timer_init)
    [Anonymous Symbol]                       0x08005388   Section        0  timer.o(.text.rt_timer_start)
    __arm_cp.2_0                             0x080053f8   Number         4  timer.o(.text.rt_timer_start)
    __arm_cp.2_1                             0x080053fc   Number         4  timer.o(.text.rt_timer_start)
    __arm_cp.2_2                             0x08005400   Number         4  timer.o(.text.rt_timer_start)
    [Anonymous Symbol]                       0x08005404   Section        0  timer.o(.text.rt_timer_stop)
    [Anonymous Symbol]                       0x0800543c   Section        0  kservice.o(.text.rt_vsnprintf)
    rti_board_end                            0x080057b9   Thumb Code     4  components.o(.text.rti_board_end)
    [Anonymous Symbol]                       0x080057b8   Section        0  components.o(.text.rti_board_end)
    rti_board_start                          0x080057bd   Thumb Code     4  components.o(.text.rti_board_start)
    [Anonymous Symbol]                       0x080057bc   Section        0  components.o(.text.rti_board_start)
    rti_end                                  0x080057c1   Thumb Code     4  components.o(.text.rti_end)
    [Anonymous Symbol]                       0x080057c0   Section        0  components.o(.text.rti_end)
    rti_start                                0x080057c5   Thumb Code     4  components.o(.text.rti_start)
    [Anonymous Symbol]                       0x080057c4   Section        0  components.o(.text.rti_start)
    [Anonymous Symbol]                       0x080057c8   Section        0  components.o(.text.rtthread_startup)
    __arm_cp.8_0                             0x0800581c   Number         4  components.o(.text.rtthread_startup)
    __arm_cp.8_1                             0x08005820   Number         4  components.o(.text.rtthread_startup)
    __arm_cp.8_2                             0x08005824   Number         4  components.o(.text.rtthread_startup)
    __arm_cp.8_3                             0x08005828   Number         4  components.o(.text.rtthread_startup)
    [Anonymous Symbol]                       0x0800582c   Section        0  cmd.o(.text.version)
    i.__ARM_clz                              0x08005836   Section        0  depilogue.o(i.__ARM_clz)
    i.__scatterload_copy                     0x08005864   Section       14  handlers.o(i.__scatterload_copy)
    i.__scatterload_null                     0x08005872   Section        2  handlers.o(i.__scatterload_null)
    i.__scatterload_zeroinit                 0x08005874   Section       14  handlers.o(i.__scatterload_zeroinit)
    [Anonymous Symbol]                       0x08005884   Section        0  air001xx_hal_rcc.o(.rodata..L__const.HAL_RCC_GetSysClockFreq.hsiValue)
    [Anonymous Symbol]                       0x08005c07   Section        0  components.o(.rodata.str1.1)
    [Anonymous Symbol]                       0x08005c0c   Section        0  cmd.o(.rodata.str1.1)
    [Anonymous Symbol]                       0x08005c99   Section        0  msh.o(.rodata.str1.1)
    [Anonymous Symbol]                       0x08005cc7   Section        0  shell.o(.rodata.str1.1)
    __tagsym$$used.0                         0x08005cd8   Number         0  components.o(.rti_fn.0)
    __tagsym$$used.1                         0x08005cdc   Number         0  components.o(.rti_fn.0.end)
    __tagsym$$used.0                         0x08005ce0   Number         0  air001_core_board.o(.rti_fn.1)
    __tagsym$$used.2                         0x08005ce4   Number         0  components.o(.rti_fn.1.end)
    __tagsym$$used.0                         0x08005ce8   Number         0  shell.o(.rti_fn.6)
    __tagsym$$used.3                         0x08005cec   Number         0  components.o(.rti_fn.6.end)
    __tagsym$$used.0                         0x08005cf0   Number         0  cmd.o(FSymTab)
    __tagsym$$used.1                         0x08005cfc   Number         0  cmd.o(FSymTab)
    __tagsym$$used.2                         0x08005d08   Number         0  cmd.o(FSymTab)
    __tagsym$$used.3                         0x08005d14   Number         0  cmd.o(FSymTab)
    __tagsym$$used.4                         0x08005d20   Number         0  cmd.o(FSymTab)
    __tagsym$$used.5                         0x08005d2c   Number         0  cmd.o(FSymTab)
    __tagsym$$used.6                         0x08005d38   Number         0  cmd.o(FSymTab)
    __tagsym$$used.7                         0x08005d44   Number         0  cmd.o(FSymTab)
    __tagsym$$used.8                         0x08005d50   Number         0  cmd.o(FSymTab)
    __tagsym$$used.9                         0x08005d5c   Number         0  cmd.o(FSymTab)
    __tagsym$$used.10                        0x08005d68   Number         0  cmd.o(FSymTab)
    __tagsym$$used.11                        0x08005d74   Number         0  cmd.o(FSymTab)
    __tagsym$$used.0                         0x08005d80   Number         0  msh.o(FSymTab)
    __tagsym$$used.1                         0x08005d8c   Number         0  msh.o(FSymTab)
    rt_object_container                      0x200000cc   Data          64  object.o(.data.rt_object_container)
    [Anonymous Symbol]                       0x200000cc   Section        0  object.o(.data.rt_object_container)
    RGB_Reflash.RGB_BUFFER                   0x200003b2   Data          24  ws2812_spi_dma.o(.bss.RGB_Reflash.RGB_BUFFER)
    [Anonymous Symbol]                       0x200003b2   Section        0  ws2812_spi_dma.o(.bss.RGB_Reflash.RGB_BUFFER)
    filter.value                             0x2000051c   Data           4  encode.o(.bss.filter.value)
    [Anonymous Symbol]                       0x2000051c   Section        0  encode.o(.bss.filter.value)
    finsh_get_prompt.finsh_prompt            0x20000520   Data          65  shell.o(.bss.finsh_get_prompt.finsh_prompt)
    [Anonymous Symbol]                       0x20000520   Section        0  shell.o(.bss.finsh_get_prompt.finsh_prompt)
    finsh_thread                             0x20000564   Data         120  shell.o(.bss.finsh_thread)
    [Anonymous Symbol]                       0x20000564   Section        0  shell.o(.bss.finsh_thread)
    finsh_thread_stack                       0x200005dc   Data         512  shell.o(.bss.finsh_thread_stack)
    [Anonymous Symbol]                       0x200005dc   Section        0  shell.o(.bss.finsh_thread_stack)
    idle                                     0x200007dc   Data         120  idle.o(.bss.idle)
    [Anonymous Symbol]                       0x200007dc   Section        0  idle.o(.bss.idle)
    main_stack                               0x20000858   Data         256  components.o(.bss.main_stack)
    [Anonymous Symbol]                       0x20000858   Section        0  components.o(.bss.main_stack)
    rt_kprintf.rt_log_buf                    0x20000a2c   Data          64  kservice.o(.bss.rt_kprintf.rt_log_buf)
    [Anonymous Symbol]                       0x20000a2c   Section        0  kservice.o(.bss.rt_kprintf.rt_log_buf)
    rt_scheduler_lock_nest                   0x20000a6c   Data           2  scheduler.o(.bss.rt_scheduler_lock_nest)
    [Anonymous Symbol]                       0x20000a6c   Section        0  scheduler.o(.bss.rt_scheduler_lock_nest)
    rt_thread_stack                          0x20000abc   Data         128  idle.o(.bss.rt_thread_stack)
    [Anonymous Symbol]                       0x20000abc   Section        0  idle.o(.bss.rt_thread_stack)
    rt_tick                                  0x20000b40   Data           4  clock.o(.bss.rt_tick)
    [Anonymous Symbol]                       0x20000b40   Section        0  clock.o(.bss.rt_tick)
    rt_timer_list                            0x20000b44   Data           8  timer.o(.bss.rt_timer_list)
    [Anonymous Symbol]                       0x20000b44   Section        0  timer.o(.bss.rt_timer_list)
    rt_timer_start.random_nr                 0x20000b4c   Data           4  timer.o(.bss.rt_timer_start.random_nr)
    [Anonymous Symbol]                       0x20000b4c   Section        0  timer.o(.bss.rt_timer_start.random_nr)
    shell_rx_sem                             0x20000b58   Data          32  air001_core_board.o(.bss.shell_rx_sem)
    [Anonymous Symbol]                       0x20000b58   Section        0  air001_core_board.o(.bss.shell_rx_sem)
    STACK                                    0x20000bc8   Section      768  startup_air001_dev.o(STACK)

    Global Symbols

    Symbol Name                              Value     Ov Type        Size  Object(Section)

    BuildAttributes$$THM_ISAv3M$S$PE$A:L22$X:L11$S22$IEEE1$IW$~IW$USESV6$~STKCKD$USESV7$~SHL$OTIME$ROPI$EBA8$MICROLIB$REQ8$PRES8$EABIv2 0x00000000   Number         0  anon$$obj.o ABSOLUTE
    __cpp_initialize__aeabi_                  - Undefined Weak Reference
    __cxa_finalize                            - Undefined Weak Reference
    __decompress                              - Undefined Weak Reference
    _clock_init                               - Undefined Weak Reference
    _microlib_exit                            - Undefined Weak Reference
    __Vectors_Size                           0x000000c0   Number         0  startup_air001_dev.o ABSOLUTE
    __Vectors                                0x08000000   Data           4  startup_air001_dev.o(RESET)
    __Vectors_End                            0x080000c0   Data           0  startup_air001_dev.o(RESET)
    __main                                   0x080000c1   Thumb Code     0  entry.o(.ARM.Collect$$$$00000000)
    _main_stk                                0x080000c1   Thumb Code     0  entry2.o(.ARM.Collect$$$$00000001)
    _main_scatterload                        0x080000c5   Thumb Code     0  entry5.o(.ARM.Collect$$$$00000004)
    __main_after_scatterload                 0x080000c9   Thumb Code     0  entry5.o(.ARM.Collect$$$$00000004)
    _main_clock                              0x080000c9   Thumb Code     0  entry7b.o(.ARM.Collect$$$$00000008)
    _main_cpp_init                           0x080000c9   Thumb Code     0  entry8b.o(.ARM.Collect$$$$0000000A)
    _main_init                               0x080000c9   Thumb Code     0  entry9a.o(.ARM.Collect$$$$0000000B)
    __rt_final_cpp                           0x080000d1   Thumb Code     0  entry10a.o(.ARM.Collect$$$$0000000D)
    __rt_final_exit                          0x080000d1   Thumb Code     0  entry11a.o(.ARM.Collect$$$$0000000F)
    rt_hw_interrupt_disable                  0x080000d5   Thumb Code     8  context_rvds.o(.text)
    rt_hw_interrupt_enable                   0x080000dd   Thumb Code     6  context_rvds.o(.text)
    rt_hw_context_switch                     0x080000e3   Thumb Code    28  context_rvds.o(.text)
    rt_hw_context_switch_interrupt           0x080000e3   Thumb Code     0  context_rvds.o(.text)
    PendSV_Handler                           0x080000ff   Thumb Code    84  context_rvds.o(.text)
    rt_hw_context_switch_to                  0x08000153   Thumb Code    44  context_rvds.o(.text)
    rt_hw_interrupt_thread_switch            0x0800017f   Thumb Code     2  context_rvds.o(.text)
    HardFault_Handler                        0x08000181   Thumb Code    12  context_rvds.o(.text)
    Reset_Handler                            0x080001ad   Thumb Code     8  startup_air001_dev.o(.text)
    ADC_COMP_IRQHandler                      0x080001bf   Thumb Code     0  startup_air001_dev.o(.text)
    EXTI0_1_IRQHandler                       0x080001bf   Thumb Code     0  startup_air001_dev.o(.text)
    EXTI2_3_IRQHandler                       0x080001bf   Thumb Code     0  startup_air001_dev.o(.text)
    FLASH_IRQHandler                         0x080001bf   Thumb Code     0  startup_air001_dev.o(.text)
    I2C1_IRQHandler                          0x080001bf   Thumb Code     0  startup_air001_dev.o(.text)
    LED_IRQHandler                           0x080001bf   Thumb Code     0  startup_air001_dev.o(.text)
    LPTIM1_IRQHandler                        0x080001bf   Thumb Code     0  startup_air001_dev.o(.text)
    PVD_IRQHandler                           0x080001bf   Thumb Code     0  startup_air001_dev.o(.text)
    RCC_IRQHandler                           0x080001bf   Thumb Code     0  startup_air001_dev.o(.text)
    RTC_IRQHandler                           0x080001bf   Thumb Code     0  startup_air001_dev.o(.text)
    SPI2_IRQHandler                          0x080001bf   Thumb Code     0  startup_air001_dev.o(.text)
    TIM14_IRQHandler                         0x080001bf   Thumb Code     0  startup_air001_dev.o(.text)
    TIM16_IRQHandler                         0x080001bf   Thumb Code     0  startup_air001_dev.o(.text)
    TIM17_IRQHandler                         0x080001bf   Thumb Code     0  startup_air001_dev.o(.text)
    TIM1_BRK_UP_TRG_COM_IRQHandler           0x080001bf   Thumb Code     0  startup_air001_dev.o(.text)
    TIM1_CC_IRQHandler                       0x080001bf   Thumb Code     0  startup_air001_dev.o(.text)
    TIM3_IRQHandler                          0x080001bf   Thumb Code     0  startup_air001_dev.o(.text)
    USART1_IRQHandler                        0x080001bf   Thumb Code     0  startup_air001_dev.o(.text)
    WWDG_IRQHandler                          0x080001bf   Thumb Code     0  startup_air001_dev.o(.text)
    __aeabi_memcpy                           0x080001c9   Thumb Code    36  memcpya.o(.text)
    __aeabi_memcpy4                          0x080001c9   Thumb Code     0  memcpya.o(.text)
    __aeabi_memcpy8                          0x080001c9   Thumb Code     0  memcpya.o(.text)
    __aeabi_memset                           0x080001ed   Thumb Code    14  memseta.o(.text)
    __aeabi_memset4                          0x080001ed   Thumb Code     0  memseta.o(.text)
    __aeabi_memset8                          0x080001ed   Thumb Code     0  memseta.o(.text)
    __aeabi_memclr                           0x080001fb   Thumb Code     4  memseta.o(.text)
    __aeabi_memclr4                          0x080001fb   Thumb Code     0  memseta.o(.text)
    __aeabi_memclr8                          0x080001fb   Thumb Code     0  memseta.o(.text)
    _memset$wrapper                          0x080001ff   Thumb Code    18  memseta.o(.text)
    strlen                                   0x08000211   Thumb Code    14  strlen.o(.text)
    strncmp                                  0x0800021f   Thumb Code    30  strncmp.o(.text)
    __aeabi_fadd                             0x0800023d   Thumb Code   162  fadd.o(.text)
    __aeabi_fsub                             0x080002df   Thumb Code     8  fadd.o(.text)
    __aeabi_frsub                            0x080002e7   Thumb Code     8  fadd.o(.text)
    __aeabi_fmul                             0x080002ef   Thumb Code   122  fmul.o(.text)
    __aeabi_dmul                             0x08000369   Thumb Code   202  dmul.o(.text)
    __aeabi_ddiv                             0x08000439   Thumb Code   234  ddiv.o(.text)
    __aeabi_i2f                              0x08000529   Thumb Code    22  fflti.o(.text)
    __aeabi_i2d                              0x08000541   Thumb Code    34  dflti.o(.text)
    __aeabi_f2iz                             0x08000569   Thumb Code    50  ffixi.o(.text)
    __aeabi_f2d                              0x0800059b   Thumb Code    40  f2d.o(.text)
    __aeabi_d2f                              0x080005c3   Thumb Code    56  d2f.o(.text)
    __aeabi_uidiv                            0x080005fb   Thumb Code     0  uidiv_div0.o(.text)
    __aeabi_uidivmod                         0x080005fb   Thumb Code    62  uidiv_div0.o(.text)
    __aeabi_idiv                             0x08000639   Thumb Code     0  idiv_div0.o(.text)
    __aeabi_idivmod                          0x08000639   Thumb Code    74  idiv_div0.o(.text)
    __I$use$fp                               0x08000689   Thumb Code     0  iusefp.o(.text)
    _float_round                             0x08000689   Thumb Code    16  fepilogue.o(.text)
    _float_epilogue                          0x08000699   Thumb Code   114  fepilogue.o(.text)
    _double_round                            0x0800070b   Thumb Code    26  depilogue.o(.text)
    _double_epilogue                         0x08000725   Thumb Code   164  depilogue.o(.text)
    __scatterload                            0x080007c9   Thumb Code    28  init.o(.text)
    __scatterload_rt2                        0x080007c9   Thumb Code     0  init.o(.text)
    __aeabi_llsl                             0x080007ed   Thumb Code    32  llshl.o(.text)
    _ll_shift_l                              0x080007ed   Thumb Code     0  llshl.o(.text)
    __aeabi_llsr                             0x0800080d   Thumb Code    34  llushr.o(.text)
    _ll_ushift_r                             0x0800080d   Thumb Code     0  llushr.o(.text)
    main                                     0x08000831   Thumb Code    36  system_air001xx.o(.text.$Sub$$main)
    BSP_LED_Init                             0x0800085d   Thumb Code    60  air001_core_board.o(.text.BSP_LED_Init)
    BSP_LED_Off                              0x08000899   Thumb Code    20  air001_core_board.o(.text.BSP_LED_Off)
    BSP_USART_Config                         0x080008b1   Thumb Code   204  air001_core_board.o(.text.BSP_USART_Config)
    DMA1_Channel1_IRQHandler                 0x080009a5   Thumb Code    20  air001xx_it.o(.text.DMA1_Channel1_IRQHandler)
    DMA1_Channel2_3_IRQHandler               0x080009b9   Thumb Code    20  air001xx_it.o(.text.DMA1_Channel2_3_IRQHandler)
    EXTI4_15_IRQHandler                      0x080009d1   Thumb Code    16  air001xx_it.o(.text.EXTI4_15_IRQHandler)
    Encode_Handler                           0x080009e1   Thumb Code    36  encode.o(.text.Encode_Handler)
    Error_Handler                            0x08000a11   Thumb Code     8  main.o(.text.Error_Handler)
    HAL_DMA_Abort_IT                         0x08000a19   Thumb Code    84  air001xx_hal_dma.o(.text.HAL_DMA_Abort_IT)
    HAL_DMA_DeInit                           0x08000a6d   Thumb Code    80  air001xx_hal_dma.o(.text.HAL_DMA_DeInit)
    HAL_DMA_GetState                         0x08000abd   Thumb Code     6  air001xx_hal_dma.o(.text.HAL_DMA_GetState)
    HAL_DMA_IRQHandler                       0x08000ac5   Thumb Code   252  air001xx_hal_dma.o(.text.HAL_DMA_IRQHandler)
    HAL_DMA_Init                             0x08000bc5   Thumb Code   108  air001xx_hal_dma.o(.text.HAL_DMA_Init)
    HAL_DMA_Start_IT                         0x08000c3d   Thumb Code   128  air001xx_hal_dma.o(.text.HAL_DMA_Start_IT)
    HAL_GPIO_DeInit                          0x08000cbd   Thumb Code   224  air001xx_hal_gpio.o(.text.HAL_GPIO_DeInit)
    HAL_GPIO_Init                            0x08000d9d   Thumb Code   360  air001xx_hal_gpio.o(.text.HAL_GPIO_Init)
    HAL_GPIO_WritePin                        0x08000f15   Thumb Code    16  air001xx_hal_gpio.o(.text.HAL_GPIO_WritePin)
    HAL_GetTick                              0x08000f25   Thumb Code     8  air001xx_hal.o(.text.HAL_GetTick)
    HAL_I2C_ErrorCallback                    0x08000f31   Thumb Code     2  air001xx_hal_i2c.o(.text.HAL_I2C_ErrorCallback)
    HAL_I2C_GetState                         0x08000f33   Thumb Code     6  air001xx_hal_i2c.o(.text.HAL_I2C_GetState)
    HAL_I2C_Init                             0x08000f39   Thumb Code   368  air001xx_hal_i2c.o(.text.HAL_I2C_Init)
    HAL_I2C_MasterRxCpltCallback             0x080010c5   Thumb Code     2  air001xx_hal_i2c.o(.text.HAL_I2C_MasterRxCpltCallback)
    HAL_I2C_MemRxCpltCallback                0x080010c7   Thumb Code     2  air001xx_hal_i2c.o(.text.HAL_I2C_MemRxCpltCallback)
    HAL_I2C_MspInit                          0x080010c9   Thumb Code     2  air001xx_hal_i2c.o(.text.HAL_I2C_MspInit)
    HAL_I2C_SlaveRxCpltCallback              0x080010cd   Thumb Code   188  interface_iic.o(.text.HAL_I2C_SlaveRxCpltCallback)
    HAL_I2C_SlaveTxCpltCallback              0x080011c9   Thumb Code     2  air001xx_hal_i2c.o(.text.HAL_I2C_SlaveTxCpltCallback)
    HAL_I2C_Slave_Receive_DMA                0x080011cd   Thumb Code   184  air001xx_hal_i2c.o(.text.HAL_I2C_Slave_Receive_DMA)
    HAL_Init                                 0x08001291   Thumb Code    24  air001xx_hal.o(.text.HAL_Init)
    HAL_InitTick                             0x080012a9   Thumb Code    64  air001xx_hal.o(.text.HAL_InitTick)
    HAL_MspInit                              0x080012ed   Thumb Code    52  air001xx_hal_msp.o(.text.HAL_MspInit)
    HAL_NVIC_DisableIRQ                      0x08001325   Thumb Code    28  air001xx_hal_cortex.o(.text.HAL_NVIC_DisableIRQ)
    HAL_NVIC_EnableIRQ                       0x08001345   Thumb Code    20  air001xx_hal_cortex.o(.text.HAL_NVIC_EnableIRQ)
    HAL_NVIC_SetPriority                     0x0800135d   Thumb Code    48  air001xx_hal_cortex.o(.text.HAL_NVIC_SetPriority)
    HAL_RCC_ClockConfig                      0x08001395   Thumb Code   484  air001xx_hal_rcc.o(.text.HAL_RCC_ClockConfig)
    HAL_RCC_GetPCLK1Freq                     0x08001589   Thumb Code    28  air001xx_hal_rcc.o(.text.HAL_RCC_GetPCLK1Freq)
    HAL_RCC_GetSysClockFreq                  0x080015ad   Thumb Code   124  air001xx_hal_rcc.o(.text.HAL_RCC_GetSysClockFreq)
    HAL_RCC_OscConfig                        0x08001639   Thumb Code  1216  air001xx_hal_rcc.o(.text.HAL_RCC_OscConfig)
    HAL_SPI_DeInit                           0x08001b29   Thumb Code    46  air001xx_hal_spi.o(.text.HAL_SPI_DeInit)
    HAL_SPI_ErrorCallback                    0x08001b57   Thumb Code     2  air001xx_hal_spi.o(.text.HAL_SPI_ErrorCallback)
    HAL_SPI_IRQHandler                       0x08001b59   Thumb Code   300  air001xx_hal_spi.o(.text.HAL_SPI_IRQHandler)
    HAL_SPI_Init                             0x08001c89   Thumb Code   128  air001xx_hal_spi.o(.text.HAL_SPI_Init)
    HAL_SPI_MspDeInit                        0x08001d09   Thumb Code    72  air001xx_hal_msp.o(.text.HAL_SPI_MspDeInit)
    HAL_SPI_MspInit                          0x08001d55   Thumb Code   360  air001xx_hal_msp.o(.text.HAL_SPI_MspInit)
    HAL_SPI_Transmit_DMA                     0x08001ed5   Thumb Code   260  air001xx_hal_spi.o(.text.HAL_SPI_Transmit_DMA)
    HAL_SPI_TxCpltCallback                   0x08001fe9   Thumb Code     2  air001xx_hal_spi.o(.text.HAL_SPI_TxCpltCallback)
    HAL_SPI_TxHalfCpltCallback               0x08001feb   Thumb Code     2  air001xx_hal_spi.o(.text.HAL_SPI_TxHalfCpltCallback)
    HAL_SYSCFG_DMA_Req                       0x08001fed   Thumb Code    12  air001xx_hal.o(.text.HAL_SYSCFG_DMA_Req)
    HAL_SYSTICK_Config                       0x08001ffd   Thumb Code    40  air001xx_hal_cortex.o(.text.HAL_SYSTICK_Config)
    HAL_TIM_PWM_ConfigChannel                0x08002031   Thumb Code   628  air001xx_hal_tim.o(.text.HAL_TIM_PWM_ConfigChannel)
    HAL_TIM_PWM_Init                         0x080022a9   Thumb Code   164  air001xx_hal_tim.o(.text.HAL_TIM_PWM_Init)
    HAL_TIM_PWM_MspInit                      0x08002359   Thumb Code     2  air001xx_hal_msp.o(.text.HAL_TIM_PWM_MspInit)
    HAL_TIM_PWM_Start                        0x0800235d   Thumb Code    72  air001xx_hal_tim.o(.text.HAL_TIM_PWM_Start)
    HAL_UART_ErrorCallback                   0x080023b1   Thumb Code     2  air001xx_hal_uart.o(.text.HAL_UART_ErrorCallback)
    HAL_UART_IRQHandler                      0x080023b5   Thumb Code   648  air001xx_hal_uart.o(.text.HAL_UART_IRQHandler)
    HAL_UART_Init                            0x08002645   Thumb Code   138  air001xx_hal_uart.o(.text.HAL_UART_Init)
    HAL_UART_MspInit                         0x080026cf   Thumb Code     2  air001xx_hal_uart.o(.text.HAL_UART_MspInit)
    HAL_UART_Receive_IT                      0x080026d1   Thumb Code    96  air001xx_hal_uart.o(.text.HAL_UART_Receive_IT)
    HAL_UART_RxCpltCallback                  0x08002731   Thumb Code    48  air001_core_board.o(.text.HAL_UART_RxCpltCallback)
    HAL_UART_Transmit                        0x0800276d   Thumb Code   312  air001xx_hal_uart.o(.text.HAL_UART_Transmit)
    HAL_UART_TxCpltCallback                  0x080028a9   Thumb Code     2  air001xx_hal_uart.o(.text.HAL_UART_TxCpltCallback)
    Motor_Set_CH3                            0x080029f9   Thumb Code     8  motor_pwm.o(.text.Motor_Set_CH3)
    Motor_Set_CH4                            0x08002a01   Thumb Code     8  motor_pwm.o(.text.Motor_Set_CH4)
    NMI_Handler                              0x08002a0d   Thumb Code    12  air001xx_it.o(.text.NMI_Handler)
    RGB_Reflash                              0x08002a19   Thumb Code   112  ws2812_spi_dma.o(.text.RGB_Reflash)
    SPI1_IRQHandler                          0x08002a95   Thumb Code    20  air001xx_it.o(.text.SPI1_IRQHandler)
    SVC_Handler                              0x08002cfd   Thumb Code    12  air001xx_it.o(.text.SVC_Handler)
    Set_Angle                                0x08002d09   Thumb Code    16  encode.o(.text.Set_Angle)
    Set_LEDColor                             0x08002d19   Thumb Code    20  ws2812_spi_dma.o(.text.Set_LEDColor)
    SysTick_Handler                          0x08002d31   Thumb Code    16  board.o(.text.SysTick_Handler)
    SystemInit                               0x08002d41   Thumb Code    32  system_air001xx.o(.text.SystemInit)
    USART2_IRQHandler                        0x08002e51   Thumb Code    12  air001_core_board.o(.text.USART2_IRQHandler)
    WS2812Init                               0x08002e61   Thumb Code    68  ws2812_spi_dma.o(.text.WS2812Init)
    _PID_Thread_entry                        0x08002ead   Thumb Code   288  encode.o(.text._PID_Thread_entry)
    __rt_ffs                                 0x08002fed   Thumb Code    56  kservice.o(.text.__rt_ffs)
    _countSpeed                              0x08003029   Thumb Code     2  encode.o(.text._countSpeed)
    cmd_ps                                   0x0800302b   Thumb Code    10  msh.o(.text.cmd_ps)
    encode_Init                              0x08003035   Thumb Code   172  encode.o(.text.encode_Init)
    finsh_system_init                        0x08003119   Thumb Code    96  shell.o(.text.finsh_system_init)
    finsh_thread_entry                       0x080031ad   Thumb Code  1156  shell.o(.text.finsh_thread_entry)
    get_Angle                                0x08003661   Thumb Code    40  encode.o(.text.get_Angle)
    hello                                    0x08003695   Thumb Code    12  cmd.o(.text.hello)
    interface_init                           0x080036b5   Thumb Code   324  interface_iic.o(.text.interface_init)
    list                                     0x0800381d   Thumb Code    68  cmd.o(.text.list)
    list_mailbox                             0x08003891   Thumb Code   292  cmd.o(.text.list_mailbox)
    list_sem                                 0x08003a3d   Thumb Code   292  cmd.o(.text.list_sem)
    list_thread                              0x08003bd1   Thumb Code   280  cmd.o(.text.list_thread)
    list_timer                               0x08003d81   Thumb Code   224  cmd.o(.text.list_timer)
    $Super$$main                             0x08003ef1   Thumb Code   108  main.o(.text.main)
    main_thread_entry                        0x08003fa1   Thumb Code    24  components.o(.text.main_thread_entry)
    motor_Init                               0x08003fc1   Thumb Code   296  motor_pwm.o(.text.motor_Init)
    msh_auto_complete                        0x080040fd   Thumb Code   248  msh.o(.text.msh_auto_complete)
    msh_exec                                 0x08004205   Thumb Code   492  msh.o(.text.msh_exec)
    msh_help                                 0x0800443d   Thumb Code    76  msh.o(.text.msh_help)
    msh_is_used                              0x080044a1   Thumb Code     4  msh.o(.text.msh_is_used)
    rt_components_board_init                 0x08004649   Thumb Code    20  components.o(.text.rt_components_board_init)
    rt_enter_critical                        0x08004665   Thumb Code    20  scheduler.o(.text.rt_enter_critical)
    rt_exit_critical                         0x08004679   Thumb Code    48  scheduler.o(.text.rt_exit_critical)
    rt_hw_board_init                         0x080046ad   Thumb Code   108  board.o(.text.rt_hw_board_init)
    rt_hw_console_getchar                    0x08004721   Thumb Code    52  air001_core_board.o(.text.rt_hw_console_getchar)
    rt_hw_console_output                     0x0800475d   Thumb Code    80  air001_core_board.o(.text.rt_hw_console_output)
    rt_hw_hard_fault_exception               0x080047b1   Thumb Code    84  cpuport.o(.text.rt_hw_hard_fault_exception)
    rt_hw_stack_init                         0x080048a5   Thumb Code    68  cpuport.o(.text.rt_hw_stack_init)
    rt_interrupt_enter                       0x080048ed   Thumb Code    20  irq.o(.text.rt_interrupt_enter)
    rt_interrupt_leave                       0x08004901   Thumb Code    20  irq.o(.text.rt_interrupt_leave)
    rt_kprintf                               0x08004915   Thumb Code    44  kservice.o(.text.rt_kprintf)
    rt_memmove                               0x08004945   Thumb Code    50  kservice.o(.text.rt_memmove)
    rt_memset                                0x08004979   Thumb Code    84  kservice.o(.text.rt_memset)
    rt_object_detach                         0x080049d1   Thumb Code    36  object.o(.text.rt_object_detach)
    rt_object_get_information                0x080049f5   Thumb Code    24  object.o(.text.rt_object_get_information)
    rt_object_init                           0x08004a0d   Thumb Code    92  object.o(.text.rt_object_init)
    rt_object_is_systemobject                0x08004a6d   Thumb Code     6  object.o(.text.rt_object_is_systemobject)
    rt_ringbuffer_getchar                    0x08004a73   Thumb Code   112  ringbuff.o(.text.rt_ringbuffer_getchar)
    rt_ringbuffer_init                       0x08004ae3   Thumb Code    12  ringbuff.o(.text.rt_ringbuffer_init)
    rt_ringbuffer_putchar                    0x08004aef   Thumb Code    96  ringbuff.o(.text.rt_ringbuffer_putchar)
    rt_schedule                              0x08004b51   Thumb Code    84  scheduler.o(.text.rt_schedule)
    rt_schedule_insert_thread                0x08004ba9   Thumb Code    64  scheduler.o(.text.rt_schedule_insert_thread)
    rt_schedule_remove_thread                0x08004be9   Thumb Code    64  scheduler.o(.text.rt_schedule_remove_thread)
    rt_sem_init                              0x08004c29   Thumb Code    32  ipc.o(.text.rt_sem_init)
    rt_sem_release                           0x08004c49   Thumb Code    78  ipc.o(.text.rt_sem_release)
    rt_sem_take                              0x08004c97   Thumb Code   182  ipc.o(.text.rt_sem_take)
    rt_show_version                          0x08004d4d   Thumb Code    44  kservice.o(.text.rt_show_version)
    rt_strlen                                0x08004e01   Thumb Code    14  kservice.o(.text.rt_strlen)
    rt_strncpy                               0x08004e0f   Thumb Code    52  kservice.o(.text.rt_strncpy)
    rt_system_scheduler_init                 0x08004e45   Thumb Code    44  scheduler.o(.text.rt_system_scheduler_init)
    rt_system_scheduler_start                0x08004e79   Thumb Code    36  scheduler.o(.text.rt_system_scheduler_start)
    rt_system_timer_init                     0x08004ea5   Thumb Code     8  timer.o(.text.rt_system_timer_init)
    rt_system_timer_thread_init              0x08004eb1   Thumb Code     2  timer.o(.text.rt_system_timer_thread_init)
    rt_thread_exit                           0x08004eb5   Thumb Code   100  thread.o(.text.rt_thread_exit)
    rt_thread_idle_init                      0x08004f25   Thumb Code    44  idle.o(.text.rt_thread_idle_init)
    rt_thread_init                           0x08004f65   Thumb Code   116  thread.o(.text.rt_thread_init)
    rt_thread_mdelay                         0x08004fe1   Thumb Code    14  thread.o(.text.rt_thread_mdelay)
    rt_thread_resume                         0x08004fef   Thumb Code    70  thread.o(.text.rt_thread_resume)
    rt_thread_self                           0x08005035   Thumb Code     8  thread.o(.text.rt_thread_self)
    rt_thread_sleep                          0x0800503d   Thumb Code   116  thread.o(.text.rt_thread_sleep)
    rt_thread_startup                        0x080050b1   Thumb Code    84  thread.o(.text.rt_thread_startup)
    rt_thread_suspend                        0x08005105   Thumb Code    70  thread.o(.text.rt_thread_suspend)
    rt_thread_timeout                        0x0800514b   Thumb Code    36  thread.o(.text.rt_thread_timeout)
    rt_thread_yield                          0x08005171   Thumb Code    88  thread.o(.text.rt_thread_yield)
    rt_tick_from_millisecond                 0x080051d1   Thumb Code    48  clock.o(.text.rt_tick_from_millisecond)
    rt_tick_get                              0x08005205   Thumb Code     8  clock.o(.text.rt_tick_get)
    rt_tick_increase                         0x0800520d   Thumb Code    44  clock.o(.text.rt_tick_increase)
    rt_timer_check                           0x0800523d   Thumb Code   152  timer.o(.text.rt_timer_check)
    rt_timer_control                         0x080052d5   Thumb Code    86  timer.o(.text.rt_timer_control)
    rt_timer_detach                          0x0800532b   Thumb Code    48  timer.o(.text.rt_timer_detach)
    rt_timer_init                            0x0800535b   Thumb Code    46  timer.o(.text.rt_timer_init)
    rt_timer_start                           0x08005389   Thumb Code   112  timer.o(.text.rt_timer_start)
    rt_timer_stop                            0x08005405   Thumb Code    54  timer.o(.text.rt_timer_stop)
    rt_vsnprintf                             0x0800543d   Thumb Code   884  kservice.o(.text.rt_vsnprintf)
    rtthread_startup                         0x080057c9   Thumb Code    84  components.o(.text.rtthread_startup)
    version                                  0x0800582d   Thumb Code    10  cmd.o(.text.version)
    __ARM_clz                                0x08005837   Thumb Code    46  depilogue.o(i.__ARM_clz)
    __scatterload_copy                       0x08005865   Thumb Code    14  handlers.o(i.__scatterload_copy)
    __scatterload_null                       0x08005873   Thumb Code     2  handlers.o(i.__scatterload_null)
    __scatterload_zeroinit                   0x08005875   Thumb Code    14  handlers.o(i.__scatterload_zeroinit)
    AHBPrescTable                            0x08005898   Data          64  system_air001xx.o(.rodata.AHBPrescTable)
    APBPrescTable                            0x080058d8   Data          32  system_air001xx.o(.rodata.APBPrescTable)
    HSIFreqTable                             0x080058f8   Data          32  system_air001xx.o(.rodata.HSIFreqTable)
    __lowest_bit_bitmap                      0x08005918   Data         256  kservice.o(.rodata.__lowest_bit_bitmap)
    code                                     0x08005a18   Data           2  ws2812_spi_dma.o(.rodata.code)
    __fsym_hello_name                        0x08005a1a   Data           6  cmd.o(.rodata.name)
    __fsym_hello_desc                        0x08005a20   Data          16  cmd.o(.rodata.name)
    __fsym_version_name                      0x08005a30   Data           8  cmd.o(.rodata.name)
    __fsym_version_desc                      0x08005a38   Data          35  cmd.o(.rodata.name)
    __fsym___cmd_version_name                0x08005a5b   Data          14  cmd.o(.rodata.name)
    __fsym___cmd_version_desc                0x08005a69   Data          35  cmd.o(.rodata.name)
    __fsym_list_thread_name                  0x08005a8c   Data          12  cmd.o(.rodata.name)
    __fsym_list_thread_desc                  0x08005a98   Data          12  cmd.o(.rodata.name)
    __fsym___cmd_list_thread_name            0x08005aa4   Data          18  cmd.o(.rodata.name)
    __fsym___cmd_list_thread_desc            0x08005ab6   Data          12  cmd.o(.rodata.name)
    __fsym_list_sem_name                     0x08005ac2   Data           9  cmd.o(.rodata.name)
    __fsym_list_sem_desc                     0x08005acb   Data          25  cmd.o(.rodata.name)
    __fsym___cmd_list_sem_name               0x08005ae4   Data          15  cmd.o(.rodata.name)
    __fsym___cmd_list_sem_desc               0x08005af3   Data          25  cmd.o(.rodata.name)
    __fsym_list_mailbox_name                 0x08005b0c   Data          13  cmd.o(.rodata.name)
    __fsym_list_mailbox_desc                 0x08005b19   Data          24  cmd.o(.rodata.name)
    __fsym___cmd_list_mailbox_name           0x08005b31   Data          19  cmd.o(.rodata.name)
    __fsym___cmd_list_mailbox_desc           0x08005b44   Data          24  cmd.o(.rodata.name)
    __fsym_list_timer_name                   0x08005b5c   Data          11  cmd.o(.rodata.name)
    __fsym_list_timer_desc                   0x08005b67   Data          21  cmd.o(.rodata.name)
    __fsym___cmd_list_timer_name             0x08005b7c   Data          17  cmd.o(.rodata.name)
    __fsym___cmd_list_timer_desc             0x08005b8d   Data          21  cmd.o(.rodata.name)
    __fsym_list_name                         0x08005ba2   Data           5  cmd.o(.rodata.name)
    __fsym_list_desc                         0x08005ba7   Data          26  cmd.o(.rodata.name)
    __fsym___cmd_help_name                   0x08005bc1   Data          11  msh.o(.rodata.name)
    __fsym___cmd_help_desc                   0x08005bcc   Data          22  msh.o(.rodata.name)
    __fsym___cmd_ps_name                     0x08005be2   Data           9  msh.o(.rodata.name)
    __fsym___cmd_ps_desc                     0x08005beb   Data          28  msh.o(.rodata.name)
    __rt_init_rti_start                      0x08005cd8   Data           4  components.o(.rti_fn.0)
    __rt_init_rti_board_start                0x08005cdc   Data           4  components.o(.rti_fn.0.end)
    __rt_init_BSP_USART_Config               0x08005ce0   Data           4  air001_core_board.o(.rti_fn.1)
    __rt_init_rti_board_end                  0x08005ce4   Data           4  components.o(.rti_fn.1.end)
    __rt_init_finsh_system_init              0x08005ce8   Data           4  shell.o(.rti_fn.6)
    __rt_init_rti_end                        0x08005cec   Data           4  components.o(.rti_fn.6.end)
    FSymTab$$Base                            0x08005cf0   Number         0  cmd.o(FSymTab)
    __fsym_hello                             0x08005cf0   Data          12  cmd.o(FSymTab)
    __fsym_version                           0x08005cfc   Data          12  cmd.o(FSymTab)
    __fsym___cmd_version                     0x08005d08   Data          12  cmd.o(FSymTab)
    __fsym_list_thread                       0x08005d14   Data          12  cmd.o(FSymTab)
    __fsym___cmd_list_thread                 0x08005d20   Data          12  cmd.o(FSymTab)
    __fsym_list_sem                          0x08005d2c   Data          12  cmd.o(FSymTab)
    __fsym___cmd_list_sem                    0x08005d38   Data          12  cmd.o(FSymTab)
    __fsym_list_mailbox                      0x08005d44   Data          12  cmd.o(FSymTab)
    __fsym___cmd_list_mailbox                0x08005d50   Data          12  cmd.o(FSymTab)
    __fsym_list_timer                        0x08005d5c   Data          12  cmd.o(FSymTab)
    __fsym___cmd_list_timer                  0x08005d68   Data          12  cmd.o(FSymTab)
    __fsym_list                              0x08005d74   Data          12  cmd.o(FSymTab)
    __fsym___cmd_help                        0x08005d80   Data          12  msh.o(FSymTab)
    __fsym___cmd_ps                          0x08005d8c   Data          12  msh.o(FSymTab)
    FSymTab$$Limit                           0x08005d98   Number         0  msh.o(FSymTab)
    Region$$Table$$Base                      0x08005d98   Number         0  anon$$obj.o(Region$$Table)
    Region$$Table$$Limit                     0x08005db8   Number         0  anon$$obj.o(Region$$Table)
    VECT_SRAM_TAB                            0x20000000   Data         192  system_air001xx.o(.ARM.__at_0x20000000)
    LED_PORT                                 0x200000c0   Data           4  air001_core_board.o(.data.LED_PORT)
    SystemCoreClock                          0x200000c4   Data           4  system_air001xx.o(.data.SystemCoreClock)
    _IF_SPEED                                0x200000c8   Data           1  encode.o(.data._IF_SPEED)
    uwTickFreq                               0x2000010c   Data           4  air001xx_hal.o(.data.uwTickFreq)
    uwTickPrio                               0x20000110   Data           4  air001xx_hal.o(.data.uwTickPrio)
    DebugUartHandle                          0x20000118   Data          76  air001_core_board.o(.bss.DebugUartHandle)
    HdmaCh1                                  0x20000164   Data          68  ws2812_spi_dma.o(.bss.HdmaCh1)
    HdmaCh2                                  0x200001a8   Data          68  ws2812_spi_dma.o(.bss.HdmaCh2)
    I2cHandle                                0x200001ec   Data          72  interface_iic.o(.bss.I2cHandle)
    PID_Thread                               0x20000234   Data         120  encode.o(.bss.PID_Thread)
    PID_Thread_num                           0x200002ac   Data         256  encode.o(.bss.PID_Thread_num)
    RGB_Data                                 0x200003ac   Data           6  ws2812_spi_dma.o(.bss.RGB_Data)
    RxBuffer_State                           0x200003ca   Data           1  interface_iic.o(.bss.RxBuffer_State)
    RxBuffer_index                           0x200003cc   Data           4  interface_iic.o(.bss.RxBuffer_index)
    Spi1Handle                               0x200003d0   Data          80  ws2812_spi_dma.o(.bss.Spi1Handle)
    TimHandle                                0x20000420   Data          64  motor_pwm.o(.bss.TimHandle)
    _shell                                   0x20000460   Data         120  shell.o(.bss._shell)
    _syscall_table_begin                     0x200004d8   Data           4  shell.o(.bss._syscall_table_begin)
    _syscall_table_end                       0x200004dc   Data           4  shell.o(.bss._syscall_table_end)
    aRxBuffer                                0x200004e0   Data          16  interface_iic.o(.bss.aRxBuffer)
    control                                  0x200004f0   Data          20  interface_iic.o(.bss.control)
    encode                                   0x20000504   Data          24  encode.o(.bss.encode)
    main_thread                              0x20000958   Data         120  components.o(.bss.main_thread)
    pid_angle                                0x200009d0   Data          36  encode.o(.bss.pid_angle)
    pid_speed                                0x200009f4   Data          36  encode.o(.bss.pid_speed)
    rt_current_priority                      0x20000a18   Data           1  scheduler.o(.bss.rt_current_priority)
    rt_current_thread                        0x20000a1c   Data           4  scheduler.o(.bss.rt_current_thread)
    rt_interrupt_from_thread                 0x20000a20   Data           4  cpuport.o(.bss.rt_interrupt_from_thread)
    rt_interrupt_nest                        0x20000a24   Data           1  irq.o(.bss.rt_interrupt_nest)
    rt_interrupt_to_thread                   0x20000a28   Data           4  cpuport.o(.bss.rt_interrupt_to_thread)
    rt_thread_defunct                        0x20000a70   Data           8  scheduler.o(.bss.rt_thread_defunct)
    rt_thread_priority_table                 0x20000a78   Data          64  scheduler.o(.bss.rt_thread_priority_table)
    rt_thread_ready_priority_group           0x20000ab8   Data           4  scheduler.o(.bss.rt_thread_ready_priority_group)
    rt_thread_switch_interrupt_flag          0x20000b3c   Data           4  cpuport.o(.bss.rt_thread_switch_interrupt_flag)
    rx_buf                                   0x20000b50   Data           1  air001_core_board.o(.bss.rx_buf)
    shell                                    0x20000b54   Data           4  shell.o(.bss.shell)
    static_timer                             0x20000b78   Data          44  encode.o(.bss.static_timer)
    uart_rx_buf                              0x20000ba4   Data          16  air001_core_board.o(.bss.uart_rx_buf)
    uart_rxcb                                0x20000bb4   Data          12  air001_core_board.o(.bss.uart_rxcb)
    uwTick                                   0x20000bc0   Data           4  air001xx_hal.o(.bss.uwTick)
    __initial_sp                             0x20000ec8   Data           0  startup_air001_dev.o(STACK)



==============================================================================

Memory Map of the image

  Image Entry point : 0x080000c1

  Load Region LR_IROM1 (Base: 0x08000000, Size: 0x00005ed0, Max: 0x00008000, ABSOLUTE)

    Execution Region ER_IROM1 (Exec base: 0x08000000, Load base: 0x08000000, Size: 0x00005db8, Max: 0x00008000, ABSOLUTE)

    Exec Addr    Load Addr    Size         Type   Attr      Idx    E Section Name        Object

    0x08000000   0x08000000   0x000000c0   Data   RO         1663    RESET               startup_air001_dev.o
    0x080000c0   0x080000c0   0x00000000   Code   RO         1687  * .ARM.Collect$$$$00000000  mc_p.l(entry.o)
    0x080000c0   0x080000c0   0x00000004   Code   RO         1754    .ARM.Collect$$$$00000001  mc_p.l(entry2.o)
    0x080000c4   0x080000c4   0x00000004   Code   RO         1757    .ARM.Collect$$$$00000004  mc_p.l(entry5.o)
    0x080000c8   0x080000c8   0x00000000   Code   RO         1759    .ARM.Collect$$$$00000008  mc_p.l(entry7b.o)
    0x080000c8   0x080000c8   0x00000000   Code   RO         1761    .ARM.Collect$$$$0000000A  mc_p.l(entry8b.o)
    0x080000c8   0x080000c8   0x00000008   Code   RO         1762    .ARM.Collect$$$$0000000B  mc_p.l(entry9a.o)
    0x080000d0   0x080000d0   0x00000000   Code   RO         1764    .ARM.Collect$$$$0000000D  mc_p.l(entry10a.o)
    0x080000d0   0x080000d0   0x00000000   Code   RO         1766    .ARM.Collect$$$$0000000F  mc_p.l(entry11a.o)
    0x080000d0   0x080000d0   0x00000004   Code   RO         1755    .ARM.Collect$$$$00002712  mc_p.l(entry2.o)
    0x080000d4   0x080000d4   0x000000d8   Code   RO            1    .text               context_rvds.o
    0x080001ac   0x080001ac   0x0000001c   Code   RO         1664    .text               startup_air001_dev.o
    0x080001c8   0x080001c8   0x00000024   Code   RO         1698    .text               mc_p.l(memcpya.o)
    0x080001ec   0x080001ec   0x00000024   Code   RO         1700    .text               mc_p.l(memseta.o)
    0x08000210   0x08000210   0x0000000e   Code   RO         1702    .text               mc_p.l(strlen.o)
    0x0800021e   0x0800021e   0x0000001e   Code   RO         1704    .text               mc_p.l(strncmp.o)
    0x0800023c   0x0800023c   0x000000b2   Code   RO         1736    .text               mf_p.l(fadd.o)
    0x080002ee   0x080002ee   0x0000007a   Code   RO         1738    .text               mf_p.l(fmul.o)
    0x08000368   0x08000368   0x000000d0   Code   RO         1740    .text               mf_p.l(dmul.o)
    0x08000438   0x08000438   0x000000f0   Code   RO         1742    .text               mf_p.l(ddiv.o)
    0x08000528   0x08000528   0x00000016   Code   RO         1744    .text               mf_p.l(fflti.o)
    0x0800053e   0x0800053e   0x00000002   PAD
    0x08000540   0x08000540   0x00000028   Code   RO         1746    .text               mf_p.l(dflti.o)
    0x08000568   0x08000568   0x00000032   Code   RO         1748    .text               mf_p.l(ffixi.o)
    0x0800059a   0x0800059a   0x00000028   Code   RO         1750    .text               mf_p.l(f2d.o)
    0x080005c2   0x080005c2   0x00000038   Code   RO         1752    .text               mf_p.l(d2f.o)
    0x080005fa   0x080005fa   0x0000003e   Code   RO         1773    .text               mc_p.l(uidiv_div0.o)
    0x08000638   0x08000638   0x00000050   Code   RO         1775    .text               mc_p.l(idiv_div0.o)
    0x08000688   0x08000688   0x00000000   Code   RO         1781    .text               mc_p.l(iusefp.o)
    0x08000688   0x08000688   0x00000082   Code   RO         1782    .text               mf_p.l(fepilogue.o)
    0x0800070a   0x0800070a   0x000000be   Code   RO         1784    .text               mf_p.l(depilogue.o)
    0x080007c8   0x080007c8   0x00000024   Code   RO         1794    .text               mc_p.l(init.o)
    0x080007ec   0x080007ec   0x00000020   Code   RO         1796    .text               mc_p.l(llshl.o)
    0x0800080c   0x0800080c   0x00000022   Code   RO         1798    .text               mc_p.l(llushr.o)
    0x0800082e   0x0800082e   0x00000002   PAD
    0x08000830   0x08000830   0x0000002c   Code   RO         1673    .text.$Sub$$main    system_air001xx.o
    0x0800085c   0x0800085c   0x0000003c   Code   RO         1422    .text.BSP_LED_Init  air001_core_board.o
    0x08000898   0x08000898   0x00000018   Code   RO         1428    .text.BSP_LED_Off   air001_core_board.o
    0x080008b0   0x080008b0   0x000000f4   Code   RO         1438    .text.BSP_USART_Config  air001_core_board.o
    0x080009a4   0x080009a4   0x00000014   Code   RO         1491    .text.DMA1_Channel1_IRQHandler  air001xx_it.o
    0x080009b8   0x080009b8   0x00000018   Code   RO         1493    .text.DMA1_Channel2_3_IRQHandler  air001xx_it.o
    0x080009d0   0x080009d0   0x00000010   Code   RO         1497    .text.EXTI4_15_IRQHandler  air001xx_it.o
    0x080009e0   0x080009e0   0x00000030   Code   RO         1588    .text.Encode_Handler  encode.o
    0x08000a10   0x08000a10   0x00000008   Code   RO         1523    .text.Error_Handler  main.o
    0x08000a18   0x08000a18   0x00000054   Code   RO          521    .text.HAL_DMA_Abort_IT  air001xx_hal_dma.o
    0x08000a6c   0x08000a6c   0x00000050   Code   RO          513    .text.HAL_DMA_DeInit  air001xx_hal_dma.o
    0x08000abc   0x08000abc   0x00000006   Code   RO          533    .text.HAL_DMA_GetState  air001xx_hal_dma.o
    0x08000ac2   0x08000ac2   0x00000002   PAD
    0x08000ac4   0x08000ac4   0x00000100   Code   RO          525    .text.HAL_DMA_IRQHandler  air001xx_hal_dma.o
    0x08000bc4   0x08000bc4   0x00000078   Code   RO          511    .text.HAL_DMA_Init  air001xx_hal_dma.o
    0x08000c3c   0x08000c3c   0x00000080   Code   RO          517    .text.HAL_DMA_Start_IT  air001xx_hal_dma.o
    0x08000cbc   0x08000cbc   0x000000e0   Code   RO          595    .text.HAL_GPIO_DeInit  air001xx_hal_gpio.o
    0x08000d9c   0x08000d9c   0x00000178   Code   RO          593    .text.HAL_GPIO_Init  air001xx_hal_gpio.o
    0x08000f14   0x08000f14   0x00000010   Code   RO          599    .text.HAL_GPIO_WritePin  air001xx_hal_gpio.o
    0x08000f24   0x08000f24   0x0000000c   Code   RO          436    .text.HAL_GetTick   air001xx_hal.o
    0x08000f30   0x08000f30   0x00000002   Code   RO         1402    .text.HAL_I2C_ErrorCallback  air001xx_hal_i2c.o
    0x08000f32   0x08000f32   0x00000006   Code   RO         1406    .text.HAL_I2C_GetState  air001xx_hal_i2c.o
    0x08000f38   0x08000f38   0x0000018c   Code   RO         1288    .text.HAL_I2C_Init  air001xx_hal_i2c.o
    0x080010c4   0x080010c4   0x00000002   Code   RO         1388    .text.HAL_I2C_MasterRxCpltCallback  air001xx_hal_i2c.o
    0x080010c6   0x080010c6   0x00000002   Code   RO         1400    .text.HAL_I2C_MemRxCpltCallback  air001xx_hal_i2c.o
    0x080010c8   0x080010c8   0x00000002   Code   RO         1290    .text.HAL_I2C_MspInit  air001xx_hal_i2c.o
    0x080010ca   0x080010ca   0x00000002   PAD
    0x080010cc   0x080010cc   0x000000fc   Code   RO         1647    .text.HAL_I2C_SlaveRxCpltCallback  interface_iic.o
    0x080011c8   0x080011c8   0x00000002   Code   RO         1390    .text.HAL_I2C_SlaveTxCpltCallback  air001xx_hal_i2c.o
    0x080011ca   0x080011ca   0x00000002   PAD
    0x080011cc   0x080011cc   0x000000c4   Code   RO         1328    .text.HAL_I2C_Slave_Receive_DMA  air001xx_hal_i2c.o
    0x08001290   0x08001290   0x00000018   Code   RO          424    .text.HAL_Init      air001xx_hal.o
    0x080012a8   0x080012a8   0x00000044   Code   RO          426    .text.HAL_InitTick  air001xx_hal.o
    0x080012ec   0x080012ec   0x00000038   Code   RO         1471    .text.HAL_MspInit   air001xx_hal_msp.o
    0x08001324   0x08001324   0x00000020   Code   RO          483    .text.HAL_NVIC_DisableIRQ  air001xx_hal_cortex.o
    0x08001344   0x08001344   0x00000018   Code   RO          481    .text.HAL_NVIC_EnableIRQ  air001xx_hal_cortex.o
    0x0800135c   0x0800135c   0x00000038   Code   RO          479    .text.HAL_NVIC_SetPriority  air001xx_hal_cortex.o
    0x08001394   0x08001394   0x000001f4   Code   RO          675    .text.HAL_RCC_ClockConfig  air001xx_hal_rcc.o
    0x08001588   0x08001588   0x00000024   Code   RO          681    .text.HAL_RCC_GetPCLK1Freq  air001xx_hal_rcc.o
    0x080015ac   0x080015ac   0x0000008c   Code   RO          673    .text.HAL_RCC_GetSysClockFreq  air001xx_hal_rcc.o
    0x08001638   0x08001638   0x000004f0   Code   RO          671    .text.HAL_RCC_OscConfig  air001xx_hal_rcc.o
    0x08001b28   0x08001b28   0x0000002e   Code   RO          834    .text.HAL_SPI_DeInit  air001xx_hal_spi.o
    0x08001b56   0x08001b56   0x00000002   Code   RO          914    .text.HAL_SPI_ErrorCallback  air001xx_hal_spi.o
    0x08001b58   0x08001b58   0x00000130   Code   RO          910    .text.HAL_SPI_IRQHandler  air001xx_hal_spi.o
    0x08001c88   0x08001c88   0x00000080   Code   RO          830    .text.HAL_SPI_Init  air001xx_hal_spi.o
    0x08001d08   0x08001d08   0x0000004c   Code   RO         1475    .text.HAL_SPI_MspDeInit  air001xx_hal_msp.o
    0x08001d54   0x08001d54   0x00000180   Code   RO         1473    .text.HAL_SPI_MspInit  air001xx_hal_msp.o
    0x08001ed4   0x08001ed4   0x00000114   Code   RO          866    .text.HAL_SPI_Transmit_DMA  air001xx_hal_spi.o
    0x08001fe8   0x08001fe8   0x00000002   Code   RO          916    .text.HAL_SPI_TxCpltCallback  air001xx_hal_spi.o
    0x08001fea   0x08001fea   0x00000002   Code   RO          922    .text.HAL_SPI_TxHalfCpltCallback  air001xx_hal_spi.o
    0x08001fec   0x08001fec   0x00000010   Code   RO          466    .text.HAL_SYSCFG_DMA_Req  air001xx_hal.o
    0x08001ffc   0x08001ffc   0x00000034   Code   RO          487    .text.HAL_SYSTICK_Config  air001xx_hal_cortex.o
    0x08002030   0x08002030   0x00000278   Code   RO         1109    .text.HAL_TIM_PWM_ConfigChannel  air001xx_hal_tim.o
    0x080022a8   0x080022a8   0x000000b0   Code   RO         1009    .text.HAL_TIM_PWM_Init  air001xx_hal_tim.o
    0x08002358   0x08002358   0x00000002   Code   RO         1477    .text.HAL_TIM_PWM_MspInit  air001xx_hal_msp.o
    0x0800235a   0x0800235a   0x00000002   PAD
    0x0800235c   0x0800235c   0x00000054   Code   RO         1017    .text.HAL_TIM_PWM_Start  air001xx_hal_tim.o
    0x080023b0   0x080023b0   0x00000002   Code   RO          798    .text.HAL_UART_ErrorCallback  air001xx_hal_uart.o
    0x080023b2   0x080023b2   0x00000002   PAD
    0x080023b4   0x080023b4   0x00000290   Code   RO          794    .text.HAL_UART_IRQHandler  air001xx_hal_uart.o
    0x08002644   0x08002644   0x0000008a   Code   RO          726    .text.HAL_UART_Init  air001xx_hal_uart.o
    0x080026ce   0x080026ce   0x00000002   Code   RO          728    .text.HAL_UART_MspInit  air001xx_hal_uart.o
    0x080026d0   0x080026d0   0x00000060   Code   RO          746    .text.HAL_UART_Receive_IT  air001xx_hal_uart.o
    0x08002730   0x08002730   0x0000003c   Code   RO         1444    .text.HAL_UART_RxCpltCallback  air001_core_board.o
    0x0800276c   0x0800276c   0x0000013c   Code   RO          740    .text.HAL_UART_Transmit  air001xx_hal_uart.o
    0x080028a8   0x080028a8   0x00000002   Code   RO          800    .text.HAL_UART_TxCpltCallback  air001xx_hal_uart.o
    0x080028aa   0x080028aa   0x00000036   Code   RO         1320    .text.I2C_DMAError  air001xx_hal_i2c.o
    0x080028e0   0x080028e0   0x00000118   Code   RO         1318    .text.I2C_DMAXferCplt  air001xx_hal_i2c.o
    0x080029f8   0x080029f8   0x00000008   Code   RO         1629    .text.Motor_Set_CH3  motor_pwm.o
    0x08002a00   0x08002a00   0x0000000c   Code   RO         1631    .text.Motor_Set_CH4  motor_pwm.o
    0x08002a0c   0x08002a0c   0x0000000c   Code   RO         1487    .text.NMI_Handler   air001xx_it.o
    0x08002a18   0x08002a18   0x0000007c   Code   RO         1556    .text.RGB_Reflash   ws2812_spi_dma.o
    0x08002a94   0x08002a94   0x00000018   Code   RO         1495    .text.SPI1_IRQHandler  air001xx_it.o
    0x08002aac   0x08002aac   0x00000010   Code   RO          912    .text.SPI_DMAAbortOnError  air001xx_hal_spi.o
    0x08002abc   0x08002abc   0x00000022   Code   RO          872    .text.SPI_DMAError  air001xx_hal_spi.o
    0x08002ade   0x08002ade   0x0000000a   Code   RO          868    .text.SPI_DMAHalfTransmitCplt  air001xx_hal_spi.o
    0x08002ae8   0x08002ae8   0x0000009e   Code   RO          870    .text.SPI_DMATransmitCplt  air001xx_hal_spi.o
    0x08002b86   0x08002b86   0x00000002   PAD
    0x08002b88   0x08002b88   0x000000d0   Code   RO          892    .text.SPI_WaitFifoStateUntilTimeout  air001xx_hal_spi.o
    0x08002c58   0x08002c58   0x000000a4   Code   RO          894    .text.SPI_WaitFlagStateUntilTimeout  air001xx_hal_spi.o
    0x08002cfc   0x08002cfc   0x0000000c   Code   RO         1489    .text.SVC_Handler   air001xx_it.o
    0x08002d08   0x08002d08   0x00000010   Code   RO         1604    .text.Set_Angle     encode.o
    0x08002d18   0x08002d18   0x00000018   Code   RO         1554    .text.Set_LEDColor  ws2812_spi_dma.o
    0x08002d30   0x08002d30   0x00000010   Code   RO         1508    .text.SysTick_Handler  board.o
    0x08002d40   0x08002d40   0x00000030   Code   RO         1671    .text.SystemInit    system_air001xx.o
    0x08002d70   0x08002d70   0x00000010   Code   RO          796    .text.UART_DMAAbortOnError  air001xx_hal_uart.o
    0x08002d80   0x08002d80   0x000000d0   Code   RO          730    .text.UART_SetConfig  air001xx_hal_uart.o
    0x08002e50   0x08002e50   0x00000010   Code   RO         1442    .text.USART2_IRQHandler  air001_core_board.o
    0x08002e60   0x08002e60   0x0000004c   Code   RO         1552    .text.WS2812Init    ws2812_spi_dma.o
    0x08002eac   0x08002eac   0x00000140   Code   RO         1582    .text._PID_Thread_entry  encode.o
    0x08002fec   0x08002fec   0x0000003c   Code   RO          188    .text.__rt_ffs      kservice.o
    0x08003028   0x08003028   0x00000002   Code   RO         1578    .text._countSpeed   encode.o
    0x0800302a   0x0800302a   0x0000000a   Code   RO          369    .text.cmd_ps        msh.o
    0x08003034   0x08003034   0x000000e4   Code   RO         1586    .text.encode_Init   encode.o
    0x08003118   0x08003118   0x00000094   Code   RO          403    .text.finsh_system_init  shell.o
    0x080031ac   0x080031ac   0x000004b4   Code   RO          397    .text.finsh_thread_entry  shell.o
    0x08003660   0x08003660   0x00000034   Code   RO         1598    .text.get_Angle     encode.o
    0x08003694   0x08003694   0x00000020   Code   RO          328    .text.hello         cmd.o
    0x080036b4   0x080036b4   0x00000168   Code   RO         1645    .text.interface_init  interface_iic.o
    0x0800381c   0x0800381c   0x00000074   Code   RO          340    .text.list          cmd.o
    0x08003890   0x08003890   0x000001ac   Code   RO          336    .text.list_mailbox  cmd.o
    0x08003a3c   0x08003a3c   0x00000194   Code   RO          334    .text.list_sem      cmd.o
    0x08003bd0   0x08003bd0   0x000001b0   Code   RO          332    .text.list_thread   cmd.o
    0x08003d80   0x08003d80   0x00000170   Code   RO          338    .text.list_timer    cmd.o
    0x08003ef0   0x08003ef0   0x000000b0   Code   RO         1521    .text.main          main.o
    0x08003fa0   0x08003fa0   0x00000020   Code   RO           56    .text.main_thread_entry  components.o
    0x08003fc0   0x08003fc0   0x0000013c   Code   RO         1625    .text.motor_Init    motor_pwm.o
    0x080040fc   0x080040fc   0x00000108   Code   RO          373    .text.msh_auto_complete  msh.o
    0x08004204   0x08004204   0x00000238   Code   RO          371    .text.msh_exec      msh.o
    0x0800443c   0x0800443c   0x00000064   Code   RO          367    .text.msh_help      msh.o
    0x080044a0   0x080044a0   0x00000004   Code   RO          365    .text.msh_is_used   msh.o
    0x080044a4   0x080044a4   0x000001a4   Code   RO          176    .text.print_number  kservice.o
    0x08004648   0x08004648   0x0000001c   Code   RO           52    .text.rt_components_board_init  components.o
    0x08004664   0x08004664   0x00000014   Code   RO          241    .text.rt_enter_critical  scheduler.o
    0x08004678   0x08004678   0x00000034   Code   RO          243    .text.rt_exit_critical  scheduler.o
    0x080046ac   0x080046ac   0x00000074   Code   RO         1510    .text.rt_hw_board_init  board.o
    0x08004720   0x08004720   0x0000003c   Code   RO         1446    .text.rt_hw_console_getchar  air001_core_board.o
    0x0800475c   0x0800475c   0x00000054   Code   RO         1440    .text.rt_hw_console_output  air001_core_board.o
    0x080047b0   0x080047b0   0x000000f4   Code   RO           10    .text.rt_hw_hard_fault_exception  cpuport.o
    0x080048a4   0x080048a4   0x00000048   Code   RO            8    .text.rt_hw_stack_init  cpuport.o
    0x080048ec   0x080048ec   0x00000014   Code   RO          127    .text.rt_interrupt_enter  irq.o
    0x08004900   0x08004900   0x00000014   Code   RO          129    .text.rt_interrupt_leave  irq.o
    0x08004914   0x08004914   0x00000030   Code   RO          172    .text.rt_kprintf    kservice.o
    0x08004944   0x08004944   0x00000032   Code   RO          152    .text.rt_memmove    kservice.o
    0x08004976   0x08004976   0x00000002   PAD
    0x08004978   0x08004978   0x00000058   Code   RO          148    .text.rt_memset     kservice.o
    0x080049d0   0x080049d0   0x00000024   Code   RO          214    .text.rt_object_detach  object.o
    0x080049f4   0x080049f4   0x00000018   Code   RO          206    .text.rt_object_get_information  object.o
    0x08004a0c   0x08004a0c   0x00000060   Code   RO          212    .text.rt_object_init  object.o
    0x08004a6c   0x08004a6c   0x00000006   Code   RO          216    .text.rt_object_is_systemobject  object.o
    0x08004a72   0x08004a72   0x00000070   Code   RO         1542    .text.rt_ringbuffer_getchar  ringbuff.o
    0x08004ae2   0x08004ae2   0x0000000c   Code   RO         1538    .text.rt_ringbuffer_init  ringbuff.o
    0x08004aee   0x08004aee   0x00000060   Code   RO         1540    .text.rt_ringbuffer_putchar  ringbuff.o
    0x08004b4e   0x08004b4e   0x00000002   PAD
    0x08004b50   0x08004b50   0x00000058   Code   RO          235    .text.rt_schedule   scheduler.o
    0x08004ba8   0x08004ba8   0x00000040   Code   RO          237    .text.rt_schedule_insert_thread  scheduler.o
    0x08004be8   0x08004be8   0x00000040   Code   RO          239    .text.rt_schedule_remove_thread  scheduler.o
    0x08004c28   0x08004c28   0x00000020   Code   RO           95    .text.rt_sem_init   ipc.o
    0x08004c48   0x08004c48   0x0000004e   Code   RO          103    .text.rt_sem_release  ipc.o
    0x08004c96   0x08004c96   0x000000b6   Code   RO           99    .text.rt_sem_take   ipc.o
    0x08004d4c   0x08004d4c   0x000000b4   Code   RO          170    .text.rt_show_version  kservice.o
    0x08004e00   0x08004e00   0x0000000e   Code   RO          158    .text.rt_strlen     kservice.o
    0x08004e0e   0x08004e0e   0x00000034   Code   RO          162    .text.rt_strncpy    kservice.o
    0x08004e42   0x08004e42   0x00000002   PAD
    0x08004e44   0x08004e44   0x00000034   Code   RO          231    .text.rt_system_scheduler_init  scheduler.o
    0x08004e78   0x08004e78   0x0000002c   Code   RO          233    .text.rt_system_scheduler_start  scheduler.o
    0x08004ea4   0x08004ea4   0x0000000c   Code   RO          314    .text.rt_system_timer_init  timer.o
    0x08004eb0   0x08004eb0   0x00000002   Code   RO          316    .text.rt_system_timer_thread_init  timer.o
    0x08004eb2   0x08004eb2   0x00000002   PAD
    0x08004eb4   0x08004eb4   0x0000006c   Code   RO          262    .text.rt_thread_exit  thread.o
    0x08004f20   0x08004f20   0x00000002   Code   RO           82    .text.rt_thread_idle_entry  idle.o
    0x08004f22   0x08004f22   0x00000002   PAD
    0x08004f24   0x08004f24   0x00000040   Code   RO           80    .text.rt_thread_idle_init  idle.o
    0x08004f64   0x08004f64   0x0000007c   Code   RO          264    .text.rt_thread_init  thread.o
    0x08004fe0   0x08004fe0   0x0000000e   Code   RO          284    .text.rt_thread_mdelay  thread.o
    0x08004fee   0x08004fee   0x00000046   Code   RO          270    .text.rt_thread_resume  thread.o
    0x08005034   0x08005034   0x00000008   Code   RO          266    .text.rt_thread_self  thread.o
    0x0800503c   0x0800503c   0x00000074   Code   RO          276    .text.rt_thread_sleep  thread.o
    0x080050b0   0x080050b0   0x00000054   Code   RO          268    .text.rt_thread_startup  thread.o
    0x08005104   0x08005104   0x00000046   Code   RO          278    .text.rt_thread_suspend  thread.o
    0x0800514a   0x0800514a   0x00000024   Code   RO          288    .text.rt_thread_timeout  thread.o
    0x0800516e   0x0800516e   0x00000002   PAD
    0x08005170   0x08005170   0x00000060   Code   RO          274    .text.rt_thread_yield  thread.o
    0x080051d0   0x080051d0   0x00000034   Code   RO           33    .text.rt_tick_from_millisecond  clock.o
    0x08005204   0x08005204   0x00000008   Code   RO           27    .text.rt_tick_get   clock.o
    0x0800520c   0x0800520c   0x00000030   Code   RO           31    .text.rt_tick_increase  clock.o
    0x0800523c   0x0800523c   0x00000098   Code   RO          310    .text.rt_timer_check  timer.o
    0x080052d4   0x080052d4   0x00000056   Code   RO          308    .text.rt_timer_control  timer.o
    0x0800532a   0x0800532a   0x00000030   Code   RO          302    .text.rt_timer_detach  timer.o
    0x0800535a   0x0800535a   0x0000002e   Code   RO          300    .text.rt_timer_init  timer.o
    0x08005388   0x08005388   0x0000007c   Code   RO          304    .text.rt_timer_start  timer.o
    0x08005404   0x08005404   0x00000036   Code   RO          306    .text.rt_timer_stop  timer.o
    0x0800543a   0x0800543a   0x00000002   PAD
    0x0800543c   0x0800543c   0x0000037c   Code   RO          174    .text.rt_vsnprintf  kservice.o
    0x080057b8   0x080057b8   0x00000004   Code   RO           48    .text.rti_board_end  components.o
    0x080057bc   0x080057bc   0x00000004   Code   RO           46    .text.rti_board_start  components.o
    0x080057c0   0x080057c0   0x00000004   Code   RO           50    .text.rti_end       components.o
    0x080057c4   0x080057c4   0x00000004   Code   RO           44    .text.rti_start     components.o
    0x080057c8   0x080057c8   0x00000064   Code   RO           60    .text.rtthread_startup  components.o
    0x0800582c   0x0800582c   0x0000000a   Code   RO          330    .text.version       cmd.o
    0x08005836   0x08005836   0x0000002e   Code   RO         1786    i.__ARM_clz         mf_p.l(depilogue.o)
    0x08005864   0x08005864   0x0000000e   Code   RO         1804    i.__scatterload_copy  mc_p.l(handlers.o)
    0x08005872   0x08005872   0x00000002   Code   RO         1805    i.__scatterload_null  mc_p.l(handlers.o)
    0x08005874   0x08005874   0x0000000e   Code   RO         1806    i.__scatterload_zeroinit  mc_p.l(handlers.o)
    0x08005882   0x08005882   0x00000002   PAD
    0x08005884   0x08005884   0x00000014   Data   RO          699    .rodata..L__const.HAL_RCC_GetSysClockFreq.hsiValue  air001xx_hal_rcc.o
    0x08005898   0x08005898   0x00000040   Data   RO         1676    .rodata.AHBPrescTable  system_air001xx.o
    0x080058d8   0x080058d8   0x00000020   Data   RO         1677    .rodata.APBPrescTable  system_air001xx.o
    0x080058f8   0x080058f8   0x00000020   Data   RO         1678    .rodata.HSIFreqTable  system_air001xx.o
    0x08005918   0x08005918   0x00000100   Data   RO          192    .rodata.__lowest_bit_bitmap  kservice.o
    0x08005a18   0x08005a18   0x00000002   Data   RO         1559    .rodata.code        ws2812_spi_dma.o
    0x08005a1a   0x08005a1a   0x000001a7   Data   RO          342    .rodata.name        cmd.o
    0x08005bc1   0x08005bc1   0x00000046   Data   RO          376    .rodata.name        msh.o
    0x08005c07   0x08005c07   0x00000005   Data   RO           67    .rodata.str1.1      components.o
    0x08005c0c   0x08005c0c   0x0000008d   Data   RO          346    .rodata.str1.1      cmd.o
    0x08005c99   0x08005c99   0x0000002e   Data   RO          375    .rodata.str1.1      msh.o
    0x08005cc7   0x08005cc7   0x00000011   Data   RO          411    .rodata.str1.1      shell.o
    0x08005cd8   0x08005cd8   0x00000004   Data   RO           62    .rti_fn.0           components.o
    0x08005cdc   0x08005cdc   0x00000004   Data   RO           63    .rti_fn.0.end       components.o
    0x08005ce0   0x08005ce0   0x00000004   Data   RO         1462    .rti_fn.1           air001_core_board.o
    0x08005ce4   0x08005ce4   0x00000004   Data   RO           64    .rti_fn.1.end       components.o
    0x08005ce8   0x08005ce8   0x00000004   Data   RO          415    .rti_fn.6           shell.o
    0x08005cec   0x08005cec   0x00000004   Data   RO           65    .rti_fn.6.end       components.o
    0x08005cf0   0x08005cf0   0x0000000c   Data   RO          343    FSymTab             cmd.o
    0x08005cfc   0x08005cfc   0x0000000c   Data   RO          344    FSymTab             cmd.o
    0x08005d08   0x08005d08   0x0000000c   Data   RO          345    FSymTab             cmd.o
    0x08005d14   0x08005d14   0x0000000c   Data   RO          347    FSymTab             cmd.o
    0x08005d20   0x08005d20   0x0000000c   Data   RO          348    FSymTab             cmd.o
    0x08005d2c   0x08005d2c   0x0000000c   Data   RO          349    FSymTab             cmd.o
    0x08005d38   0x08005d38   0x0000000c   Data   RO          350    FSymTab             cmd.o
    0x08005d44   0x08005d44   0x0000000c   Data   RO          351    FSymTab             cmd.o
    0x08005d50   0x08005d50   0x0000000c   Data   RO          352    FSymTab             cmd.o
    0x08005d5c   0x08005d5c   0x0000000c   Data   RO          353    FSymTab             cmd.o
    0x08005d68   0x08005d68   0x0000000c   Data   RO          354    FSymTab             cmd.o
    0x08005d74   0x08005d74   0x0000000c   Data   RO          355    FSymTab             cmd.o
    0x08005d80   0x08005d80   0x0000000c   Data   RO          377    FSymTab             msh.o
    0x08005d8c   0x08005d8c   0x0000000c   Data   RO          378    FSymTab             msh.o
    0x08005d98   0x08005d98   0x00000020   Data   RO         1803    Region$$Table       anon$$obj.o


    Execution Region RW_IRAM1 (Exec base: 0x20000000, Load base: 0x08005db8, Size: 0x00000ec8, Max: 0x00001000, ABSOLUTE)

    Exec Addr    Load Addr    Size         Type   Attr      Idx    E Section Name        Object

    0x20000000   0x08005db8   0x000000c0   Data   RW         1679    .ARM.__at_0x20000000  system_air001xx.o
    0x200000c0   0x08005e78   0x00000004   Data   RW         1452    .data.LED_PORT      air001_core_board.o
    0x200000c4   0x08005e7c   0x00000004   Data   RW         1675    .data.SystemCoreClock  system_air001xx.o
    0x200000c8   0x08005e80   0x00000001   Data   RW         1606    .data._IF_SPEED     encode.o
    0x200000c9   0x08005e81   0x00000003   PAD
    0x200000cc   0x08005e84   0x00000040   Data   RW          222    .data.rt_object_container  object.o
    0x2000010c   0x08005ec4   0x00000004   Data   RW          469    .data.uwTickFreq    air001xx_hal.o
    0x20000110   0x08005ec8   0x00000004   Data   RW          468    .data.uwTickPrio    air001xx_hal.o
    0x20000114   0x08005ecc   0x00000004   PAD
    0x20000118        -       0x0000004c   Zero   RW         1458    .bss.DebugUartHandle  air001_core_board.o
    0x20000164        -       0x00000044   Zero   RW         1563    .bss.HdmaCh1        ws2812_spi_dma.o
    0x200001a8        -       0x00000044   Zero   RW         1564    .bss.HdmaCh2        ws2812_spi_dma.o
    0x200001ec        -       0x00000048   Zero   RW         1653    .bss.I2cHandle      interface_iic.o
    0x20000234        -       0x00000078   Zero   RW         1612    .bss.PID_Thread     encode.o
    0x200002ac        -       0x00000100   Zero   RW         1613    .bss.PID_Thread_num  encode.o
    0x200003ac        -       0x00000006   Zero   RW         1560    .bss.RGB_Data       ws2812_spi_dma.o
    0x200003b2        -       0x00000018   Zero   RW         1561    .bss.RGB_Reflash.RGB_BUFFER  ws2812_spi_dma.o
    0x200003ca        -       0x00000001   Zero   RW         1650    .bss.RxBuffer_State  interface_iic.o
    0x200003cb   0x08005ecc   0x00000001   PAD
    0x200003cc        -       0x00000004   Zero   RW         1651    .bss.RxBuffer_index  interface_iic.o
    0x200003d0        -       0x00000050   Zero   RW         1558    .bss.Spi1Handle     ws2812_spi_dma.o
    0x20000420        -       0x00000040   Zero   RW         1633    .bss.TimHandle      motor_pwm.o
    0x20000460        -       0x00000078   Zero   RW          412    .bss._shell         shell.o
    0x200004d8        -       0x00000004   Zero   RW          405    .bss._syscall_table_begin  shell.o
    0x200004dc        -       0x00000004   Zero   RW          406    .bss._syscall_table_end  shell.o
    0x200004e0        -       0x00000010   Zero   RW         1649    .bss.aRxBuffer      interface_iic.o
    0x200004f0        -       0x00000014   Zero   RW         1652    .bss.control        interface_iic.o
    0x20000504        -       0x00000018   Zero   RW         1608    .bss.encode         encode.o
    0x2000051c        -       0x00000004   Zero   RW         1607    .bss.filter.value   encode.o
    0x20000520        -       0x00000041   Zero   RW          409    .bss.finsh_get_prompt.finsh_prompt  shell.o
    0x20000561   0x08005ecc   0x00000003   PAD
    0x20000564        -       0x00000078   Zero   RW          413    .bss.finsh_thread   shell.o
    0x200005dc        -       0x00000200   Zero   RW          414    .bss.finsh_thread_stack  shell.o
    0x200007dc        -       0x00000078   Zero   RW           86    .bss.idle           idle.o
    0x20000854   0x08005ecc   0x00000004   PAD
    0x20000858        -       0x00000100   Zero   RW           68    .bss.main_stack     components.o
    0x20000958        -       0x00000078   Zero   RW           66    .bss.main_thread    components.o
    0x200009d0        -       0x00000024   Zero   RW         1609    .bss.pid_angle      encode.o
    0x200009f4        -       0x00000024   Zero   RW         1610    .bss.pid_speed      encode.o
    0x20000a18        -       0x00000001   Zero   RW          250    .bss.rt_current_priority  scheduler.o
    0x20000a19   0x08005ecc   0x00000003   PAD
    0x20000a1c        -       0x00000004   Zero   RW          247    .bss.rt_current_thread  scheduler.o
    0x20000a20        -       0x00000004   Zero   RW           14    .bss.rt_interrupt_from_thread  cpuport.o
    0x20000a24        -       0x00000001   Zero   RW          133    .bss.rt_interrupt_nest  irq.o
    0x20000a25   0x08005ecc   0x00000003   PAD
    0x20000a28        -       0x00000004   Zero   RW           15    .bss.rt_interrupt_to_thread  cpuport.o
    0x20000a2c        -       0x00000040   Zero   RW          191    .bss.rt_kprintf.rt_log_buf  kservice.o
    0x20000a6c        -       0x00000002   Zero   RW          248    .bss.rt_scheduler_lock_nest  scheduler.o
    0x20000a6e   0x08005ecc   0x00000002   PAD
    0x20000a70        -       0x00000008   Zero   RW          252    .bss.rt_thread_defunct  scheduler.o
    0x20000a78        -       0x00000040   Zero   RW          249    .bss.rt_thread_priority_table  scheduler.o
    0x20000ab8        -       0x00000004   Zero   RW          251    .bss.rt_thread_ready_priority_group  scheduler.o
    0x20000abc        -       0x00000080   Zero   RW           87    .bss.rt_thread_stack  idle.o
    0x20000b3c        -       0x00000004   Zero   RW           16    .bss.rt_thread_switch_interrupt_flag  cpuport.o
    0x20000b40        -       0x00000004   Zero   RW           35    .bss.rt_tick        clock.o
    0x20000b44        -       0x00000008   Zero   RW          319    .bss.rt_timer_list  timer.o
    0x20000b4c        -       0x00000004   Zero   RW          318    .bss.rt_timer_start.random_nr  timer.o
    0x20000b50        -       0x00000001   Zero   RW         1459    .bss.rx_buf         air001_core_board.o
    0x20000b51   0x08005ecc   0x00000003   PAD
    0x20000b54        -       0x00000004   Zero   RW          410    .bss.shell          shell.o
    0x20000b58        -       0x00000020   Zero   RW         1460    .bss.shell_rx_sem   air001_core_board.o
    0x20000b78        -       0x0000002c   Zero   RW         1611    .bss.static_timer   encode.o
    0x20000ba4        -       0x00000010   Zero   RW         1457    .bss.uart_rx_buf    air001_core_board.o
    0x20000bb4        -       0x0000000c   Zero   RW         1461    .bss.uart_rxcb      air001_core_board.o
    0x20000bc0        -       0x00000004   Zero   RW          470    .bss.uwTick         air001xx_hal.o
    0x20000bc4   0x08005ecc   0x00000004   PAD
    0x20000bc8        -       0x00000300   Zero   RW         1661    STACK               startup_air001_dev.o


==============================================================================

Image component sizes


      Code (inc. data)   RO Data    RW Data    ZI Data      Debug   Object Name

       548         72          4          4        137       9946   air001_core_board.o
       120         12          0          8          4       5288   air001xx_hal.o
       164         28          0          0          0       5415   air001xx_hal_cortex.o
       674         16          0          0          0       8740   air001xx_hal_dma.o
       616         16          0          0          0       4512   air001xx_hal_gpio.o
       942         48          0          0          0      49640   air001xx_hal_i2c.o
       518         32          0          0          0       6548   air001xx_hal_msp.o
      1940        116         20          0          0       9557   air001xx_hal_rcc.o
      1350         24          0          0          0      23989   air001xx_hal_spi.o
       892         32          0          0          0      56702   air001xx_hal_tim.o
      1436         24          0          0          0      19105   air001xx_hal_uart.o
       108          8          0          0          0       1453   air001xx_it.o
       132          8          0          0          0       1674   board.o
       108          8          0          0          4       2570   clock.o
      1790        612        708          0          0      13280   cmd.o
       176         32         21          0        376       3343   components.o
       216         32          0          0          0        808   context_rvds.o
       316        164          0          0         12       2259   cpuport.o
       666        112          0          1        520       7756   encode.o
        66         20          0          0        248       2120   idle.o
       612        100          0          0        113       6530   interface_iic.o
       292          0          0          0          0      11038   ipc.o
        40          0          0          0          1       1027   irq.o
      1804        382        256          0         64      15225   kservice.o
       184         68          0          0          0       2254   main.o
       336         24          0          0         64       5184   motor_pwm.o
       946        116        140          0          0       5252   msh.o
       162          4          0         64          0       5968   object.o
       220          0          0          0          0       2771   ringbuff.o
       384         24          0          0         83       4469   scheduler.o
      1352        448         21          0        829       6643   shell.o
        28          8        192          0        768        632   startup_air001_dev.o
        92         24        128        196          0       2357   system_air001xx.o
       726         24          0          0          0       8984   thread.o
       524         22          0          0         12       6657   timer.o
       224         24          2          0        246       4242   ws2812_spi_dma.o

    ----------------------------------------------------------------------
     20730       2684       1524        276       3508     323938   Object Totals
         0          0         32          0          0          0   (incl. Generated)
        26          0          0          3         27          0   (incl. Padding)

    ----------------------------------------------------------------------

      Code (inc. data)   RO Data    RW Data    ZI Data      Debug   Library Member Name

         0          0          0          0          0          0   entry.o
         0          0          0          0          0          0   entry10a.o
         0          0          0          0          0          0   entry11a.o
         8          4          0          0          0          0   entry2.o
         4          0          0          0          0          0   entry5.o
         0          0          0          0          0          0   entry7b.o
         0          0          0          0          0          0   entry8b.o
         8          4          0          0          0          0   entry9a.o
        30          0          0          0          0          0   handlers.o
        80          6          0          0          0         72   idiv_div0.o
        36          8          0          0          0         68   init.o
         0          0          0          0          0          0   iusefp.o
        32          0          0          0          0         68   llshl.o
        34          0          0          0          0         68   llushr.o
        36          0          0          0          0         60   memcpya.o
        36          0          0          0          0        100   memseta.o
        14          0          0          0          0         60   strlen.o
        30          0          0          0          0         72   strncmp.o
        62          0          0          0          0         72   uidiv_div0.o
        56          0          0          0          0         68   d2f.o
       240          6          0          0          0         84   ddiv.o
       236          0          0          0          0        216   depilogue.o
        40          6          0          0          0         68   dflti.o
       208          6          0          0          0         88   dmul.o
        40          0          0          0          0         60   f2d.o
       178          0          0          0          0        108   fadd.o
       130          0          0          0          0        144   fepilogue.o
        50          0          0          0          0         60   ffixi.o
        22          0          0          0          0         68   fflti.o
       122          0          0          0          0         72   fmul.o

    ----------------------------------------------------------------------
      1738         40          0          0          0       1676   Library Totals
         6          0          0          0          0          0   (incl. Padding)

    ----------------------------------------------------------------------

      Code (inc. data)   RO Data    RW Data    ZI Data      Debug   Library Name

       410         22          0          0          0        640   mc_p.l
      1322         18          0          0          0       1036   mf_p.l

    ----------------------------------------------------------------------
      1738         40          0          0          0       1676   Library Totals

    ----------------------------------------------------------------------

==============================================================================


      Code (inc. data)   RO Data    RW Data    ZI Data      Debug   

     22468       2724       1524        276       3508     324262   Grand Totals
     22468       2724       1524        276       3508     324262   ELF Image Totals
     22468       2724       1524        276          0          0   ROM Totals

==============================================================================

    Total RO  Size (Code + RO Data)                23992 (  23.43kB)
    Total RW  Size (RW Data + ZI Data)              3784 (   3.70kB)
    Total ROM Size (Code + RO Data + RW Data)      24268 (  23.70kB)

==============================================================================

