Component: Arm Compiler for Embedded 6.19 Tool: armlink [5e73cb00]

==============================================================================

Section Cross References

    context_rvds.o(.text) refers to cpuport.o(.text.rt_hw_hard_fault_exception) for rt_hw_hard_fault_exception
    context_rvds.o(.text) refers to cpuport.o(.bss.rt_thread_switch_interrupt_flag) for rt_thread_switch_interrupt_flag
    context_rvds.o(.text) refers to cpuport.o(.bss.rt_interrupt_from_thread) for rt_interrupt_from_thread
    context_rvds.o(.text) refers to cpuport.o(.bss.rt_interrupt_to_thread) for rt_interrupt_to_thread
    cpuport.o(.ARM.exidx.text.rt_hw_stack_init) refers to cpuport.o(.text.rt_hw_stack_init) for [Anonymous Symbol]
    cpuport.o(.text.rt_hw_hard_fault_exception) refers to kservice.o(.text.rt_kprintf) for rt_kprintf
    cpuport.o(.text.rt_hw_hard_fault_exception) refers to scheduler.o(.bss.rt_current_thread) for rt_current_thread
    cpuport.o(.ARM.exidx.text.rt_hw_hard_fault_exception) refers to cpuport.o(.text.rt_hw_hard_fault_exception) for [Anonymous Symbol]
    cpuport.o(.ARM.exidx.text.rt_hw_cpu_reset) refers to cpuport.o(.text.rt_hw_cpu_reset) for [Anonymous Symbol]
    clock.o(.ARM.exidx.text.rt_system_tick_init) refers to clock.o(.text.rt_system_tick_init) for [Anonymous Symbol]
    clock.o(.text.rt_tick_get) refers to clock.o(.bss.rt_tick) for [Anonymous Symbol]
    clock.o(.ARM.exidx.text.rt_tick_get) refers to clock.o(.text.rt_tick_get) for [Anonymous Symbol]
    clock.o(.text.rt_tick_set) refers to context_rvds.o(.text) for rt_hw_interrupt_disable
    clock.o(.text.rt_tick_set) refers to clock.o(.bss.rt_tick) for [Anonymous Symbol]
    clock.o(.ARM.exidx.text.rt_tick_set) refers to clock.o(.text.rt_tick_set) for [Anonymous Symbol]
    clock.o(.text.rt_tick_increase) refers to thread.o(.text.rt_thread_self) for rt_thread_self
    clock.o(.text.rt_tick_increase) refers to timer.o(.text.rt_timer_check) for rt_timer_check
    clock.o(.text.rt_tick_increase) refers to thread.o(.text.rt_thread_yield) for rt_thread_yield
    clock.o(.text.rt_tick_increase) refers to clock.o(.bss.rt_tick) for [Anonymous Symbol]
    clock.o(.ARM.exidx.text.rt_tick_increase) refers to clock.o(.text.rt_tick_increase) for [Anonymous Symbol]
    clock.o(.text.rt_tick_from_millisecond) refers to idiv_div0.o(.text) for __aeabi_idivmod
    clock.o(.ARM.exidx.text.rt_tick_from_millisecond) refers to clock.o(.text.rt_tick_from_millisecond) for [Anonymous Symbol]
    components.o(.ARM.exidx.text.rti_start) refers to components.o(.text.rti_start) for [Anonymous Symbol]
    components.o(.ARM.exidx.text.rti_board_start) refers to components.o(.text.rti_board_start) for [Anonymous Symbol]
    components.o(.ARM.exidx.text.rti_board_end) refers to components.o(.text.rti_board_end) for [Anonymous Symbol]
    components.o(.ARM.exidx.text.rti_end) refers to components.o(.text.rti_end) for [Anonymous Symbol]
    components.o(.text.rt_components_board_init) refers to components.o(.rti_fn.1.end) for __rt_init_rti_board_end
    components.o(.text.rt_components_board_init) refers to components.o(.rti_fn.0.end) for __rt_init_rti_board_start
    components.o(.ARM.exidx.text.rt_components_board_init) refers to components.o(.text.rt_components_board_init) for [Anonymous Symbol]
    components.o(.text.rt_components_init) refers to components.o(.rti_fn.6.end) for __rt_init_rti_end
    components.o(.text.rt_components_init) refers to components.o(.rti_fn.1.end) for __rt_init_rti_board_end
    components.o(.ARM.exidx.text.rt_components_init) refers to components.o(.text.rt_components_init) for [Anonymous Symbol]
    components.o(.text.main_thread_entry) refers to main.o(.text.main) for $Super$$main
    components.o(.text.main_thread_entry) refers to components.o(.rti_fn.6.end) for __rt_init_rti_end
    components.o(.text.main_thread_entry) refers to components.o(.rti_fn.1.end) for __rt_init_rti_board_end
    components.o(.ARM.exidx.text.main_thread_entry) refers to components.o(.text.main_thread_entry) for [Anonymous Symbol]
    components.o(.text.rt_application_init) refers to thread.o(.text.rt_thread_init) for rt_thread_init
    components.o(.text.rt_application_init) refers to thread.o(.text.rt_thread_startup) for rt_thread_startup
    components.o(.text.rt_application_init) refers to components.o(.bss.main_stack) for [Anonymous Symbol]
    components.o(.text.rt_application_init) refers to components.o(.bss.main_thread) for main_thread
    components.o(.text.rt_application_init) refers to components.o(.rodata.str1.1) for [Anonymous Symbol]
    components.o(.text.rt_application_init) refers to components.o(.text.main_thread_entry) for main_thread_entry
    components.o(.ARM.exidx.text.rt_application_init) refers to components.o(.text.rt_application_init) for [Anonymous Symbol]
    components.o(.text.rtthread_startup) refers to context_rvds.o(.text) for rt_hw_interrupt_disable
[...]
    __arm_cp.12_2                            0x08001eb8   Number         4  air001_core_board.o(.text.HAL_UART_RxCpltCallback)
    [Anonymous Symbol]                       0x08001ebc   Section        0  air001xx_hal_uart.o(.text.HAL_UART_Transmit)
    __arm_cp.7_0                             0x08001ff4   Number         4  air001xx_hal_uart.o(.text.HAL_UART_Transmit)
    [Anonymous Symbol]                       0x08001ff8   Section        0  air001xx_hal_uart.o(.text.HAL_UART_TxCpltCallback)
    [Anonymous Symbol]                       0x08001ffc   Section        0  motor_pwm.o(.text.Motor_Set_CH2)
    [Anonymous Symbol]                       0x08002004   Section        0  motor_pwm.o(.text.Motor_Set_CH3)
    [Anonymous Symbol]                       0x0800200c   Section        0  motor_pwm.o(.text.Motor_Set_CH4)
    __arm_cp.4_0                             0x08002014   Number         4  motor_pwm.o(.text.Motor_Set_CH4)
    [Anonymous Symbol]                       0x08002018   Section        0  air001xx_it.o(.text.NMI_Handler)
    [Anonymous Symbol]                       0x08002024   Section        0  air001xx_it.o(.text.SPI1_IRQHandler)
    SPI_DMAAbortOnError                      0x08002039   Thumb Code    16  air001xx_hal_spi.o(.text.SPI_DMAAbortOnError)
    [Anonymous Symbol]                       0x08002038   Section        0  air001xx_hal_spi.o(.text.SPI_DMAAbortOnError)
    [Anonymous Symbol]                       0x08002048   Section        0  air001xx_it.o(.text.SVC_Handler)
    [Anonymous Symbol]                       0x08002054   Section        0  ws2812_spi_dma.o(.text.Set_LEDColor)
    __arm_cp.1_0                             0x08002068   Number         4  ws2812_spi_dma.o(.text.Set_LEDColor)
    [Anonymous Symbol]                       0x0800206c   Section        0  board.o(.text.SysTick_Handler)
    [Anonymous Symbol]                       0x0800207c   Section        0  system_air001xx.o(.text.SystemInit)
    __arm_cp.1_0                             0x0800209c   Number         4  system_air001xx.o(.text.SystemInit)
    __arm_cp.1_1                             0x080020a0   Number         4  system_air001xx.o(.text.SystemInit)
    __arm_cp.1_2                             0x080020a4   Number         4  system_air001xx.o(.text.SystemInit)
    __arm_cp.1_3                             0x080020a8   Number         4  system_air001xx.o(.text.SystemInit)
    UART_DMAAbortOnError                     0x080020ad   Thumb Code    16  air001xx_hal_uart.o(.text.UART_DMAAbortOnError)
    [Anonymous Symbol]                       0x080020ac   Section        0  air001xx_hal_uart.o(.text.UART_DMAAbortOnError)
    UART_SetConfig                           0x080020bd   Thumb Code   196  air001xx_hal_uart.o(.text.UART_SetConfig)
    [Anonymous Symbol]                       0x080020bc   Section        0  air001xx_hal_uart.o(.text.UART_SetConfig)
    __arm_cp.2_0                             0x08002180   Number         4  air001xx_hal_uart.o(.text.UART_SetConfig)
    __arm_cp.2_1                             0x08002184   Number         4  air001xx_hal_uart.o(.text.UART_SetConfig)
    __arm_cp.2_2                             0x08002188   Number         4  air001xx_hal_uart.o(.text.UART_SetConfig)
    [Anonymous Symbol]                       0x0800218c   Section        0  air001_core_board.o(.text.USART2_IRQHandler)
    __arm_cp.11_0                            0x08002198   Number         4  air001_core_board.o(.text.USART2_IRQHandler)
    [Anonymous Symbol]                       0x0800219c   Section        0  ws2812_spi_dma.o(.text.WS2812Init)
    __arm_cp.0_0                             0x080021e0   Number         4  ws2812_spi_dma.o(.text.WS2812Init)
    __arm_cp.0_1                             0x080021e4   Number         4  ws2812_spi_dma.o(.text.WS2812Init)
    [Anonymous Symbol]                       0x080021e8   Section        0  kservice.o(.text.__rt_ffs)
    __arm_cp.23_0                            0x08002220   Number         4  kservice.o(.text.__rt_ffs)
    [Anonymous Symbol]                       0x08002224   Section        0  encode.o(.text._countSpeed)
    __arm_cp.1_1                             0x08002258   Number         4  encode.o(.text._countSpeed)
    __arm_cp.1_2                             0x0800225c   Number         4  encode.o(.text._countSpeed)
    [Anonymous Symbol]                       0x08002260   Section        0  msh.o(.text.cmd_ps)
    [Anonymous Symbol]                       0x0800226c   Section        0  encode.o(.text.encode_Init)
    __arm_cp.2_0                             0x080022f8   Number         4  encode.o(.text.encode_Init)
    __arm_cp.2_1                             0x080022fc   Number         4  encode.o(.text.encode_Init)
    __arm_cp.2_2                             0x08002300   Number         4  encode.o(.text.encode_Init)
    __arm_cp.2_3                             0x08002304   Number         4  encode.o(.text.encode_Init)
    __arm_cp.2_5                             0x08002314   Number         4  encode.o(.text.encode_Init)
    [Anonymous Symbol]                       0x08002318   Section        0  shell.o(.text.finsh_system_init)
    __arm_cp.8_0                             0x08002378   Number         4  shell.o(.text.finsh_system_init)
    __arm_cp.8_1                             0x0800237c   Number         4  shell.o(.text.finsh_system_init)
    __arm_cp.8_2                             0x08002380   Number         4  shell.o(.text.finsh_system_init)
    __arm_cp.8_3                             0x08002384   Number         4  shell.o(.text.finsh_system_init)
    __arm_cp.8_4                             0x08002388   Number         4  shell.o(.text.finsh_system_init)
    __arm_cp.8_5                             0x0800238c   Number         4  shell.o(.text.finsh_system_init)
    __arm_cp.8_6                             0x08002390   Number         4  shell.o(.text.finsh_system_init)
    __arm_cp.8_7                             0x08002394   Number         4  shell.o(.text.finsh_system_init)
    __arm_cp.8_9                             0x080023a0   Number         4  shell.o(.text.finsh_system_init)
    [Anonymous Symbol]                       0x080023ac   Section        0  shell.o(.text.finsh_thread_entry)
    __arm_cp.5_13                            0x080025cc   Number         4  shell.o(.text.finsh_thread_entry)
    __arm_cp.5_1                             0x08002830   Number         4  shell.o(.text.finsh_thread_entry)
    __arm_cp.5_2                             0x08002834   Number         4  shell.o(.text.finsh_thread_entry)
    __arm_cp.5_3                             0x08002838   Number         4  shell.o(.text.finsh_thread_entry)
    __arm_cp.5_4                             0x0800283c   Number         4  shell.o(.text.finsh_thread_entry)
    __arm_cp.5_5                             0x08002840   Number         4  shell.o(.text.finsh_thread_entry)
    __arm_cp.5_6                             0x08002844   Number         4  shell.o(.text.finsh_thread_entry)
    [Anonymous Symbol]                       0x08002860   Section        0  cmd.o(.text.hello)
    [Anonymous Symbol]                       0x08002880   Section        0  cmd.o(.text.list)
    __arm_cp.6_1                             0x080028d8   Number         4  cmd.o(.text.list)
    __arm_cp.6_2                             0x080028dc   Number         4  cmd.o(.text.list)
    [Anonymous Symbol]                       0x080028f4   Section        0  cmd.o(.text.list_mailbox)
    __arm_cp.4_2                             0x08002a44   Number         4  cmd.o(.text.list_mailbox)
    __arm_cp.4_5                             0x08002a7c   Number         4  cmd.o(.text.list_mailbox)
    __arm_cp.4_6                             0x08002a80   Number         4  cmd.o(.text.list_mailbox)
    __arm_cp.4_7                             0x08002a84   Number         4  cmd.o(.text.list_mailbox)
    [Anonymous Symbol]                       0x08002aa0   Section        0  cmd.o(.text.list_sem)
    __arm_cp.3_2                             0x08002bec   Number         4  cmd.o(.text.list_sem)
    __arm_cp.3_5                             0x08002c18   Number         4  cmd.o(.text.list_sem)
    __arm_cp.3_6                             0x08002c1c   Number         4  cmd.o(.text.list_sem)
    __arm_cp.3_7                             0x08002c20   Number         4  cmd.o(.text.list_sem)
    [Anonymous Symbol]                       0x08002c34   Section        0  cmd.o(.text.list_thread)
    __arm_cp.2_0                             0x08002d4c   Number         4  cmd.o(.text.list_thread)
    __arm_cp.2_2                             0x08002d58   Number         4  cmd.o(.text.list_thread)
    [Anonymous Symbol]                       0x08002de4   Section        0  cmd.o(.text.list_timer)
    __arm_cp.5_2                             0x08002ef4   Number         4  cmd.o(.text.list_timer)
    __arm_cp.5_7                             0x08002f50   Number         4  cmd.o(.text.list_timer)
    [Anonymous Symbol]                       0x08002f54   Section        0  main.o(.text.main)
    __arm_cp.1_1                             0x08002fcc   Number         4  main.o(.text.main)
    [Anonymous Symbol]                       0x08002fd0   Section        0  components.o(.text.main_thread_entry)
    __arm_cp.6_0                             0x08002fe8   Number         4  components.o(.text.main_thread_entry)
    __arm_cp.6_1                             0x08002fec   Number         4  components.o(.text.main_thread_entry)
    [Anonymous Symbol]                       0x08002ff0   Section        0  motor_pwm.o(.text.motor_Init)
    __arm_cp.1_0                             0x08003118   Number         4  motor_pwm.o(.text.motor_Init)
    __arm_cp.1_1                             0x0800311c   Number         4  motor_pwm.o(.text.motor_Init)
    __arm_cp.1_2                             0x08003120   Number         4  motor_pwm.o(.text.motor_Init)
    __arm_cp.1_3                             0x08003124   Number         4  motor_pwm.o(.text.motor_Init)
    __arm_cp.1_4                             0x08003128   Number         4  motor_pwm.o(.text.motor_Init)
    [Anonymous Symbol]                       0x0800312c   Section        0  msh.o(.text.msh_auto_complete)
    __arm_cp.4_0                             0x08003224   Number         4  msh.o(.text.msh_auto_complete)
    __arm_cp.4_1                             0x08003228   Number         4  msh.o(.text.msh_auto_complete)
    __arm_cp.4_2                             0x0800322c   Number         4  msh.o(.text.msh_auto_complete)
    [Anonymous Symbol]                       0x08003234   Section        0  msh.o(.text.msh_exec)
    __arm_cp.3_0                             0x08003420   Number         4  msh.o(.text.msh_exec)
    __arm_cp.3_1                             0x08003424   Number         4  msh.o(.text.msh_exec)
    __arm_cp.3_2                             0x08003428   Number         4  msh.o(.text.msh_exec)
    __arm_cp.3_5                             0x08003450   Number         4  msh.o(.text.msh_exec)
    [Anonymous Symbol]                       0x0800346c   Section        0  msh.o(.text.msh_help)
    __arm_cp.1_0                             0x080034b8   Number         4  msh.o(.text.msh_help)
    __arm_cp.1_1                             0x080034bc   Number         4  msh.o(.text.msh_help)
    __arm_cp.1_2                             0x080034c0   Number         4  msh.o(.text.msh_help)
    __arm_cp.1_3                             0x080034c4   Number         4  msh.o(.text.msh_help)
    __arm_cp.1_4                             0x080034c8   Number         4  msh.o(.text.msh_help)
    __arm_cp.1_5                             0x080034cc   Number         4  msh.o(.text.msh_help)
    [Anonymous Symbol]                       0x080034d0   Section        0  msh.o(.text.msh_is_used)
    print_number                             0x080034d5   Thumb Code   380  kservice.o(.text.print_number)
    [Anonymous Symbol]                       0x080034d4   Section        0  kservice.o(.text.print_number)
    print_number.small_digits                0x08003650   Number         0  kservice.o(.text.print_number)
    print_number.large_digits                0x08003664   Number         0  kservice.o(.text.print_number)
    [Anonymous Symbol]                       0x08003678   Section        0  components.o(.text.rt_components_board_init)
    __arm_cp.4_0                             0x0800368c   Number         4  components.o(.text.rt_components_board_init)
    __arm_cp.4_1                             0x08003690   Number         4  components.o(.text.rt_components_board_init)
    [Anonymous Symbol]                       0x08003694   Section        0  scheduler.o(.text.rt_enter_critical)
    [Anonymous Symbol]                       0x080036a8   Section        0  scheduler.o(.text.rt_exit_critical)
    __arm_cp.6_0                             0x080036d8   Number         4  scheduler.o(.text.rt_exit_critical)
    [Anonymous Symbol]                       0x080036dc   Section        0  board.o(.text.rt_hw_board_init)
    __arm_cp.2_0                             0x08003748   Number         4  board.o(.text.rt_hw_board_init)
    __arm_cp.2_1                             0x0800374c   Number         4  board.o(.text.rt_hw_board_init)
    [Anonymous Symbol]                       0x08003750   Section        0  air001_core_board.o(.text.rt_hw_console_getchar)
    __arm_cp.13_0                            0x08003784   Number         4  air001_core_board.o(.text.rt_hw_console_getchar)
    __arm_cp.13_1                            0x08003788   Number         4  air001_core_board.o(.text.rt_hw_console_getchar)
    [Anonymous Symbol]                       0x0800378c   Section        0  air001_core_board.o(.text.rt_hw_console_output)
    __arm_cp.10_0                            0x080037dc   Number         4  air001_core_board.o(.text.rt_hw_console_output)
    [Anonymous Symbol]                       0x080037e0   Section        0  cpuport.o(.text.rt_hw_hard_fault_exception)
    __arm_cp.1_8                             0x080038b0   Number         4  cpuport.o(.text.rt_hw_hard_fault_exception)
    [Anonymous Symbol]                       0x080038d0   Section        0  cpuport.o(.text.rt_hw_stack_init)
    __arm_cp.0_0                             0x08003914   Number         4  cpuport.o(.text.rt_hw_stack_init)
    [Anonymous Symbol]                       0x08003918   Section        0  irq.o(.text.rt_interrupt_enter)
    [Anonymous Symbol]                       0x0800392c   Section        0  irq.o(.text.rt_interrupt_leave)
    [Anonymous Symbol]                       0x08003940   Section        0  kservice.o(.text.rt_kprintf)
    __arm_cp.15_0                            0x0800396c   Number         4  kservice.o(.text.rt_kprintf)
    [Anonymous Symbol]                       0x08003970   Section        0  kservice.o(.text.rt_memmove)
    [Anonymous Symbol]                       0x080039a4   Section        0  kservice.o(.text.rt_memset)
    __arm_cp.3_0                             0x080039f8   Number         4  kservice.o(.text.rt_memset)
    [Anonymous Symbol]                       0x080039fc   Section        0  object.o(.text.rt_object_detach)
    [Anonymous Symbol]                       0x08003a20   Section        0  object.o(.text.rt_object_get_information)
    [Anonymous Symbol]                       0x08003a38   Section        0  object.o(.text.rt_object_init)
    __arm_cp.4_0                             0x08003a94   Number         4  object.o(.text.rt_object_init)
    [Anonymous Symbol]                       0x08003a98   Section        0  object.o(.text.rt_object_is_systemobject)
    [Anonymous Symbol]                       0x08003a9e   Section        0  ringbuff.o(.text.rt_ringbuffer_getchar)
    [Anonymous Symbol]                       0x08003b0e   Section        0  ringbuff.o(.text.rt_ringbuffer_init)
    [Anonymous Symbol]                       0x08003b1a   Section        0  ringbuff.o(.text.rt_ringbuffer_putchar)
    [Anonymous Symbol]                       0x08003b7c   Section        0  scheduler.o(.text.rt_schedule)
    __arm_cp.2_5                             0x08003bd0   Number         4  scheduler.o(.text.rt_schedule)
    [Anonymous Symbol]                       0x08003bd4   Section        0  scheduler.o(.text.rt_schedule_insert_thread)
    [Anonymous Symbol]                       0x08003c14   Section        0  scheduler.o(.text.rt_schedule_remove_thread)
    [Anonymous Symbol]                       0x08003c54   Section        0  ipc.o(.text.rt_sem_init)
    [Anonymous Symbol]                       0x08003c74   Section        0  ipc.o(.text.rt_sem_release)
    [Anonymous Symbol]                       0x08003cc2   Section        0  ipc.o(.text.rt_sem_take)
    [Anonymous Symbol]                       0x08003d78   Section        0  kservice.o(.text.rt_show_version)
    [Anonymous Symbol]                       0x08003e2c   Section        0  kservice.o(.text.rt_strlen)
    [Anonymous Symbol]                       0x08003e3a   Section        0  kservice.o(.text.rt_strncpy)
    [Anonymous Symbol]                       0x08003e70   Section        0  scheduler.o(.text.rt_system_scheduler_init)
    __arm_cp.0_0                             0x08003e9c   Number         4  scheduler.o(.text.rt_system_scheduler_init)
    __arm_cp.0_3                             0x08003ea0   Number         4  scheduler.o(.text.rt_system_scheduler_init)
    [Anonymous Symbol]                       0x08003ea4   Section        0  scheduler.o(.text.rt_system_scheduler_start)
    __arm_cp.1_0                             0x08003ec8   Number         4  scheduler.o(.text.rt_system_scheduler_start)
    __arm_cp.1_1                             0x08003ecc   Number         4  scheduler.o(.text.rt_system_scheduler_start)
    [Anonymous Symbol]                       0x08003ed0   Section        0  timer.o(.text.rt_system_timer_init)
    __arm_cp.7_0                             0x08003ed8   Number         4  timer.o(.text.rt_system_timer_init)
    [Anonymous Symbol]                       0x08003edc   Section        0  timer.o(.text.rt_system_timer_thread_init)
    [Anonymous Symbol]                       0x08003ee0   Section        0  thread.o(.text.rt_thread_exit)
    __arm_cp.0_0                             0x08003f44   Number         4  thread.o(.text.rt_thread_exit)
    __arm_cp.0_1                             0x08003f48   Number         4  thread.o(.text.rt_thread_exit)
    rt_thread_idle_entry                     0x08003f4d   Thumb Code     2  idle.o(.text.rt_thread_idle_entry)
    [Anonymous Symbol]                       0x08003f4c   Section        0  idle.o(.text.rt_thread_idle_entry)
    [Anonymous Symbol]                       0x08003f50   Section        0  idle.o(.text.rt_thread_idle_init)
    __arm_cp.1_0                             0x08003f7c   Number         4  idle.o(.text.rt_thread_idle_init)
    __arm_cp.1_1                             0x08003f80   Number         4  idle.o(.text.rt_thread_idle_init)
    __arm_cp.1_3                             0x08003f8c   Number         4  idle.o(.text.rt_thread_idle_init)
    [Anonymous Symbol]                       0x08003f90   Section        0  thread.o(.text.rt_thread_init)
    __arm_cp.1_0                             0x08004004   Number         4  thread.o(.text.rt_thread_init)
    __arm_cp.1_1                             0x08004008   Number         4  thread.o(.text.rt_thread_init)
    [Anonymous Symbol]                       0x0800400c   Section        0  thread.o(.text.rt_thread_mdelay)
    [Anonymous Symbol]                       0x0800401a   Section        0  thread.o(.text.rt_thread_resume)
    [Anonymous Symbol]                       0x08004060   Section        0  thread.o(.text.rt_thread_self)
    [Anonymous Symbol]                       0x08004068   Section        0  thread.o(.text.rt_thread_sleep)
    [Anonymous Symbol]                       0x080040dc   Section        0  thread.o(.text.rt_thread_startup)
    [Anonymous Symbol]                       0x08004130   Section        0  thread.o(.text.rt_thread_suspend)
    [Anonymous Symbol]                       0x08004176   Section        0  thread.o(.text.rt_thread_timeout)
    [Anonymous Symbol]                       0x0800419c   Section        0  thread.o(.text.rt_thread_yield)
    __arm_cp.6_0                             0x080041f4   Number         4  thread.o(.text.rt_thread_yield)
    __arm_cp.6_1                             0x080041f8   Number         4  thread.o(.text.rt_thread_yield)
    [Anonymous Symbol]                       0x080041fc   Section        0  clock.o(.text.rt_tick_from_millisecond)
    __arm_cp.4_0                             0x0800422c   Number         4  clock.o(.text.rt_tick_from_millisecond)
    [Anonymous Symbol]                       0x08004230   Section        0  clock.o(.text.rt_tick_get)
    [Anonymous Symbol]                       0x08004238   Section        0  clock.o(.text.rt_tick_increase)
    __arm_cp.3_0                             0x08004264   Number         4  clock.o(.text.rt_tick_increase)
    [Anonymous Symbol]                       0x08004268   Section        0  timer.o(.text.rt_timer_check)
    [Anonymous Symbol]                       0x08004300   Section        0  timer.o(.text.rt_timer_control)
    [Anonymous Symbol]                       0x08004356   Section        0  timer.o(.text.rt_timer_detach)
    [Anonymous Symbol]                       0x08004386   Section        0  timer.o(.text.rt_timer_init)
    [Anonymous Symbol]                       0x080043b4   Section        0  timer.o(.text.rt_timer_start)
    __arm_cp.2_0                             0x08004424   Number         4  timer.o(.text.rt_timer_start)
    __arm_cp.2_1                             0x08004428   Number         4  timer.o(.text.rt_timer_start)
    __arm_cp.2_2                             0x0800442c   Number         4  timer.o(.text.rt_timer_start)
    [Anonymous Symbol]                       0x08004430   Section        0  timer.o(.text.rt_timer_stop)
    [Anonymous Symbol]                       0x08004468   Section        0  kservice.o(.text.rt_vsnprintf)
    rti_board_end                            0x080047e5   Thumb Code     4  components.o(.text.rti_board_end)
    [Anonymous Symbol]                       0x080047e4   Section        0  components.o(.text.rti_board_end)
    rti_board_start                          0x080047e9   Thumb Code     4  components.o(.text.rti_board_start)
    [Anonymous Symbol]                       0x080047e8   Section        0  components.o(.text.rti_board_start)
    rti_end                                  0x080047ed   Thumb Code     4  components.o(.text.rti_end)
    [Anonymous Symbol]                       0x080047ec   Section        0  components.o(.text.rti_end)
    rti_start                                0x080047f1   Thumb Code     4  components.o(.text.rti_start)
    [Anonymous Symbol]                       0x080047f0   Section        0  components.o(.text.rti_start)
    [Anonymous Symbol]                       0x080047f4   Section        0  components.o(.text.rtthread_startup)
    __arm_cp.8_0                             0x08004848   Number         4  components.o(.text.rtthread_startup)
    __arm_cp.8_1                             0x0800484c   Number         4  components.o(.text.rtthread_startup)
    __arm_cp.8_2                             0x08004850   Number         4  components.o(.text.rtthread_startup)
    __arm_cp.8_3                             0x08004854   Number         4  components.o(.text.rtthread_startup)
    [Anonymous Symbol]                       0x08004858   Section        0  cmd.o(.text.version)
    i.__scatterload_copy                     0x08004862   Section       14  handlers.o(i.__scatterload_copy)
    i.__scatterload_null                     0x08004870   Section        2  handlers.o(i.__scatterload_null)
    i.__scatterload_zeroinit                 0x08004872   Section       14  handlers.o(i.__scatterload_zeroinit)
    [Anonymous Symbol]                       0x08004880   Section        0  air001xx_hal_rcc.o(.rodata..L__const.HAL_RCC_GetSysClockFreq.hsiValue)
    [Anonymous Symbol]                       0x08004c01   Section        0  components.o(.rodata.str1.1)
    [Anonymous Symbol]                       0x08004c06   Section        0  cmd.o(.rodata.str1.1)
    [Anonymous Symbol]                       0x08004c93   Section        0  msh.o(.rodata.str1.1)
    [Anonymous Symbol]                       0x08004cc1   Section        0  shell.o(.rodata.str1.1)
    __tagsym$$used.0                         0x08004cd4   Number         0  components.o(.rti_fn.0)
    __tagsym$$used.1                         0x08004cd8   Number         0  components.o(.rti_fn.0.end)
    __tagsym$$used.0                         0x08004cdc   Number         0  air001_core_board.o(.rti_fn.1)
    __tagsym$$used.2                         0x08004ce0   Number         0  components.o(.rti_fn.1.end)
    __tagsym$$used.0                         0x08004ce4   Number         0  shell.o(.rti_fn.6)
    __tagsym$$used.3                         0x08004ce8   Number         0  components.o(.rti_fn.6.end)
    __tagsym$$used.0                         0x08004cec   Number         0  cmd.o(FSymTab)
    __tagsym$$used.1                         0x08004cf8   Number         0  cmd.o(FSymTab)
    __tagsym$$used.2                         0x08004d04   Number         0  cmd.o(FSymTab)
    __tagsym$$used.3                         0x08004d10   Number         0  cmd.o(FSymTab)
    __tagsym$$used.4                         0x08004d1c   Number         0  cmd.o(FSymTab)
    __tagsym$$used.5                         0x08004d28   Number         0  cmd.o(FSymTab)
    __tagsym$$used.6                         0x08004d34   Number         0  cmd.o(FSymTab)
    __tagsym$$used.7                         0x08004d40   Number         0  cmd.o(FSymTab)
    __tagsym$$used.8                         0x08004d4c   Number         0  cmd.o(FSymTab)
    __tagsym$$used.9                         0x08004d58   Number         0  cmd.o(FSymTab)
    __tagsym$$used.10                        0x08004d64   Number         0  cmd.o(FSymTab)
    __tagsym$$used.11                        0x08004d70   Number         0  cmd.o(FSymTab)
    __tagsym$$used.0                         0x08004d7c   Number         0  msh.o(FSymTab)
    __tagsym$$used.1                         0x08004d88   Number         0  msh.o(FSymTab)
    rt_object_container                      0x200000c8   Data          64  object.o(.data.rt_object_container)
    [Anonymous Symbol]                       0x200000c8   Section        0  object.o(.data.rt_object_container)
    finsh_get_prompt.finsh_prompt            0x20000314   Data          65  shell.o(.bss.finsh_get_prompt.finsh_prompt)
    [Anonymous Symbol]                       0x20000314   Section        0  shell.o(.bss.finsh_get_prompt.finsh_prompt)
    finsh_thread                             0x20000358   Data         120  shell.o(.bss.finsh_thread)
    [Anonymous Symbol]                       0x20000358   Section        0  shell.o(.bss.finsh_thread)
    finsh_thread_stack                       0x200003d0   Data         512  shell.o(.bss.finsh_thread_stack)
    [Anonymous Symbol]                       0x200003d0   Section        0  shell.o(.bss.finsh_thread_stack)
    idle                                     0x200005d0   Data         120  idle.o(.bss.idle)
    [Anonymous Symbol]                       0x200005d0   Section        0  idle.o(.bss.idle)
    main_stack                               0x20000648   Data         256  components.o(.bss.main_stack)
    [Anonymous Symbol]                       0x20000648   Section        0  components.o(.bss.main_stack)
    rt_kprintf.rt_log_buf                    0x200007d4   Data          64  kservice.o(.bss.rt_kprintf.rt_log_buf)
    [Anonymous Symbol]                       0x200007d4   Section        0  kservice.o(.bss.rt_kprintf.rt_log_buf)
    rt_scheduler_lock_nest                   0x20000814   Data           2  scheduler.o(.bss.rt_scheduler_lock_nest)
    [Anonymous Symbol]                       0x20000814   Section        0  scheduler.o(.bss.rt_scheduler_lock_nest)
    rt_thread_stack                          0x20000864   Data         128  idle.o(.bss.rt_thread_stack)
    [Anonymous Symbol]                       0x20000864   Section        0  idle.o(.bss.rt_thread_stack)
    rt_tick                                  0x200008e8   Data           4  clock.o(.bss.rt_tick)
    [Anonymous Symbol]                       0x200008e8   Section        0  clock.o(.bss.rt_tick)
    rt_timer_list                            0x200008ec   Data           8  timer.o(.bss.rt_timer_list)
    [Anonymous Symbol]                       0x200008ec   Section        0  timer.o(.bss.rt_timer_list)
    rt_timer_start.random_nr                 0x200008f4   Data           4  timer.o(.bss.rt_timer_start.random_nr)
    [Anonymous Symbol]                       0x200008f4   Section        0  timer.o(.bss.rt_timer_start.random_nr)
    shell_rx_sem                             0x20000900   Data          32  air001_core_board.o(.bss.shell_rx_sem)
    [Anonymous Symbol]                       0x20000900   Section        0  air001_core_board.o(.bss.shell_rx_sem)
    STACK                                    0x20000970   Section      768  startup_air001_dev.o(STACK)

    Global Symbols

    Symbol Name                              Value     Ov Type        Size  Object(Section)

    BuildAttributes$$THM_ISAv3M$S$PE$A:L22$X:L11$S22$IEEE1$IW$~IW$USESV6$~STKCKD$USESV7$~SHL$OTIME$ROPI$EBA8$MICROLIB$REQ8$PRES8$EABIv2 0x00000000   Number         0  anon$$obj.o ABSOLUTE
    __cpp_initialize__aeabi_                  - Undefined Weak Reference
    __cxa_finalize                            - Undefined Weak Reference
    __decompress                              - Undefined Weak Reference
    _clock_init                               - Undefined Weak Reference
    _microlib_exit                            - Undefined Weak Reference
    __Vectors_Size                           0x000000c0   Number         0  startup_air001_dev.o ABSOLUTE
    __Vectors                                0x08000000   Data           4  startup_air001_dev.o(RESET)
    __Vectors_End                            0x080000c0   Data           0  startup_air001_dev.o(RESET)
    __main                                   0x080000c1   Thumb Code     0  entry.o(.ARM.Collect$$$$00000000)
    _main_stk                                0x080000c1   Thumb Code     0  entry2.o(.ARM.Collect$$$$00000001)
    _main_scatterload                        0x080000c5   Thumb Code     0  entry5.o(.ARM.Collect$$$$00000004)
    __main_after_scatterload                 0x080000c9   Thumb Code     0  entry5.o(.ARM.Collect$$$$00000004)
    _main_clock                              0x080000c9   Thumb Code     0  entry7b.o(.ARM.Collect$$$$00000008)
    _main_cpp_init                           0x080000c9   Thumb Code     0  entry8b.o(.ARM.Collect$$$$0000000A)
    _main_init                               0x080000c9   Thumb Code     0  entry9a.o(.ARM.Collect$$$$0000000B)
    __rt_final_cpp                           0x080000d1   Thumb Code     0  entry10a.o(.ARM.Collect$$$$0000000D)
    __rt_final_exit                          0x080000d1   Thumb Code     0  entry11a.o(.ARM.Collect$$$$0000000F)
    rt_hw_interrupt_disable                  0x080000d5   Thumb Code     8  context_rvds.o(.text)
    rt_hw_interrupt_enable                   0x080000dd   Thumb Code     6  context_rvds.o(.text)
    rt_hw_context_switch                     0x080000e3   Thumb Code    28  context_rvds.o(.text)
    rt_hw_context_switch_interrupt           0x080000e3   Thumb Code     0  context_rvds.o(.text)
    PendSV_Handler                           0x080000ff   Thumb Code    84  context_rvds.o(.text)
    rt_hw_context_switch_to                  0x08000153   Thumb Code    44  context_rvds.o(.text)
    rt_hw_interrupt_thread_switch            0x0800017f   Thumb Code     2  context_rvds.o(.text)
    HardFault_Handler                        0x08000181   Thumb Code    12  context_rvds.o(.text)
    Reset_Handler                            0x080001ad   Thumb Code     8  startup_air001_dev.o(.text)
    ADC_COMP_IRQHandler                      0x080001bf   Thumb Code     0  startup_air001_dev.o(.text)
    EXTI0_1_IRQHandler                       0x080001bf   Thumb Code     0  startup_air001_dev.o(.text)
    EXTI2_3_IRQHandler                       0x080001bf   Thumb Code     0  startup_air001_dev.o(.text)
    FLASH_IRQHandler                         0x080001bf   Thumb Code     0  startup_air001_dev.o(.text)
    I2C1_IRQHandler                          0x080001bf   Thumb Code     0  startup_air001_dev.o(.text)
    LED_IRQHandler                           0x080001bf   Thumb Code     0  startup_air001_dev.o(.text)
    LPTIM1_IRQHandler                        0x080001bf   Thumb Code     0  startup_air001_dev.o(.text)
    PVD_IRQHandler                           0x080001bf   Thumb Code     0  startup_air001_dev.o(.text)
    RCC_IRQHandler                           0x080001bf   Thumb Code     0  startup_air001_dev.o(.text)
    RTC_IRQHandler                           0x080001bf   Thumb Code     0  startup_air001_dev.o(.text)
    SPI2_IRQHandler                          0x080001bf   Thumb Code     0  startup_air001_dev.o(.text)
    TIM14_IRQHandler                         0x080001bf   Thumb Code     0  startup_air001_dev.o(.text)
    TIM16_IRQHandler                         0x080001bf   Thumb Code     0  startup_air001_dev.o(.text)
    TIM17_IRQHandler                         0x080001bf   Thumb Code     0  startup_air001_dev.o(.text)
    TIM1_BRK_UP_TRG_COM_IRQHandler           0x080001bf   Thumb Code     0  startup_air001_dev.o(.text)
    TIM1_CC_IRQHandler                       0x080001bf   Thumb Code     0  startup_air001_dev.o(.text)
    TIM3_IRQHandler                          0x080001bf   Thumb Code     0  startup_air001_dev.o(.text)
    USART1_IRQHandler                        0x080001bf   Thumb Code     0  startup_air001_dev.o(.text)
    WWDG_IRQHandler                          0x080001bf   Thumb Code     0  startup_air001_dev.o(.text)
    __aeabi_memcpy                           0x080001c9   Thumb Code    36  memcpya.o(.text)
    __aeabi_memcpy4                          0x080001c9   Thumb Code     0  memcpya.o(.text)
    __aeabi_memcpy8                          0x080001c9   Thumb Code     0  memcpya.o(.text)
    __aeabi_memset                           0x080001ed   Thumb Code    14  memseta.o(.text)
    __aeabi_memset4                          0x080001ed   Thumb Code     0  memseta.o(.text)
    __aeabi_memset8                          0x080001ed   Thumb Code     0  memseta.o(.text)
    __aeabi_memclr                           0x080001fb   Thumb Code     4  memseta.o(.text)
    __aeabi_memclr4                          0x080001fb   Thumb Code     0  memseta.o(.text)
    __aeabi_memclr8                          0x080001fb   Thumb Code     0  memseta.o(.text)
    _memset$wrapper                          0x080001ff   Thumb Code    18  memseta.o(.text)
    strlen                                   0x08000211   Thumb Code    14  strlen.o(.text)
    strncmp                                  0x0800021f   Thumb Code    30  strncmp.o(.text)
    __aeabi_fmul                             0x0800023d   Thumb Code   122  fmul.o(.text)
    __aeabi_fdiv                             0x080002b7   Thumb Code   124  fdiv.o(.text)
    __aeabi_i2f                              0x08000333   Thumb Code    22  fflti.o(.text)
    __aeabi_uidiv                            0x08000349   Thumb Code     0  uidiv_div0.o(.text)
    __aeabi_uidivmod                         0x08000349   Thumb Code    62  uidiv_div0.o(.text)
    __aeabi_idiv                             0x08000389   Thumb Code     0  idiv_div0.o(.text)
    __aeabi_idivmod                          0x08000389   Thumb Code    74  idiv_div0.o(.text)
    __I$use$fp                               0x080003d9   Thumb Code     0  iusefp.o(.text)
    _float_round                             0x080003d9   Thumb Code    16  fepilogue.o(.text)
    _float_epilogue                          0x080003e9   Thumb Code   114  fepilogue.o(.text)
    __scatterload                            0x0800045d   Thumb Code    28  init.o(.text)
    __scatterload_rt2                        0x0800045d   Thumb Code     0  init.o(.text)
    main                                     0x08000481   Thumb Code    36  system_air001xx.o(.text.$Sub$$main)
    BSP_LED_Init                             0x080004ad   Thumb Code    60  air001_core_board.o(.text.BSP_LED_Init)
    BSP_LED_Off                              0x080004e9   Thumb Code    20  air001_core_board.o(.text.BSP_LED_Off)
    BSP_USART_Config                         0x08000501   Thumb Code   204  air001_core_board.o(.text.BSP_USART_Config)
    DMA1_Channel1_IRQHandler                 0x080005f5   Thumb Code    20  air001xx_it.o(.text.DMA1_Channel1_IRQHandler)
    DMA1_Channel2_3_IRQHandler               0x08000609   Thumb Code    20  air001xx_it.o(.text.DMA1_Channel2_3_IRQHandler)
    EXTI4_15_IRQHandler                      0x08000621   Thumb Code    16  air001xx_it.o(.text.EXTI4_15_IRQHandler)
    Encode_Handler                           0x08000631   Thumb Code    36  encode.o(.text.Encode_Handler)
    Error_Handler                            0x08000661   Thumb Code     8  main.o(.text.Error_Handler)
    HAL_DMA_Abort_IT                         0x08000669   Thumb Code    84  air001xx_hal_dma.o(.text.HAL_DMA_Abort_IT)
    HAL_DMA_DeInit                           0x080006bd   Thumb Code    80  air001xx_hal_dma.o(.text.HAL_DMA_DeInit)
    HAL_DMA_IRQHandler                       0x0800070d   Thumb Code   252  air001xx_hal_dma.o(.text.HAL_DMA_IRQHandler)
    HAL_DMA_Init                             0x0800080d   Thumb Code   108  air001xx_hal_dma.o(.text.HAL_DMA_Init)
    HAL_GPIO_DeInit                          0x08000885   Thumb Code   224  air001xx_hal_gpio.o(.text.HAL_GPIO_DeInit)
    HAL_GPIO_Init                            0x08000965   Thumb Code   360  air001xx_hal_gpio.o(.text.HAL_GPIO_Init)
    HAL_GPIO_WritePin                        0x08000add   Thumb Code    16  air001xx_hal_gpio.o(.text.HAL_GPIO_WritePin)
    HAL_GetTick                              0x08000aed   Thumb Code     8  air001xx_hal.o(.text.HAL_GetTick)
    HAL_Init                                 0x08000af9   Thumb Code    24  air001xx_hal.o(.text.HAL_Init)
    HAL_InitTick                             0x08000b11   Thumb Code    64  air001xx_hal.o(.text.HAL_InitTick)
    HAL_MspInit                              0x08000b55   Thumb Code    52  air001xx_hal_msp.o(.text.HAL_MspInit)
    HAL_NVIC_DisableIRQ                      0x08000b8d   Thumb Code    28  air001xx_hal_cortex.o(.text.HAL_NVIC_DisableIRQ)
    HAL_NVIC_EnableIRQ                       0x08000bad   Thumb Code    20  air001xx_hal_cortex.o(.text.HAL_NVIC_EnableIRQ)
    HAL_NVIC_SetPriority                     0x08000bc5   Thumb Code    48  air001xx_hal_cortex.o(.text.HAL_NVIC_SetPriority)
    HAL_RCC_ClockConfig                      0x08000bfd   Thumb Code   484  air001xx_hal_rcc.o(.text.HAL_RCC_ClockConfig)
    HAL_RCC_GetPCLK1Freq                     0x08000df1   Thumb Code    28  air001xx_hal_rcc.o(.text.HAL_RCC_GetPCLK1Freq)
    HAL_RCC_GetSysClockFreq                  0x08000e15   Thumb Code   124  air001xx_hal_rcc.o(.text.HAL_RCC_GetSysClockFreq)
    HAL_RCC_OscConfig                        0x08000ea1   Thumb Code  1216  air001xx_hal_rcc.o(.text.HAL_RCC_OscConfig)
    HAL_SPI_DeInit                           0x08001391   Thumb Code    46  air001xx_hal_spi.o(.text.HAL_SPI_DeInit)
    HAL_SPI_ErrorCallback                    0x080013bf   Thumb Code     2  air001xx_hal_spi.o(.text.HAL_SPI_ErrorCallback)
    HAL_SPI_IRQHandler                       0x080013c1   Thumb Code   300  air001xx_hal_spi.o(.text.HAL_SPI_IRQHandler)
    HAL_SPI_Init                             0x080014f1   Thumb Code   128  air001xx_hal_spi.o(.text.HAL_SPI_Init)
    HAL_SPI_MspDeInit                        0x08001571   Thumb Code    72  air001xx_hal_msp.o(.text.HAL_SPI_MspDeInit)
    HAL_SPI_MspInit                          0x080015bd   Thumb Code   360  air001xx_hal_msp.o(.text.HAL_SPI_MspInit)
    HAL_SYSCFG_DMA_Req                       0x0800173d   Thumb Code    12  air001xx_hal.o(.text.HAL_SYSCFG_DMA_Req)
    HAL_SYSTICK_Config                       0x0800174d   Thumb Code    40  air001xx_hal_cortex.o(.text.HAL_SYSTICK_Config)
    HAL_TIM_PWM_ConfigChannel                0x08001781   Thumb Code   628  air001xx_hal_tim.o(.text.HAL_TIM_PWM_ConfigChannel)
    HAL_TIM_PWM_Init                         0x080019f9   Thumb Code   164  air001xx_hal_tim.o(.text.HAL_TIM_PWM_Init)
    HAL_TIM_PWM_MspInit                      0x08001aa9   Thumb Code     2  air001xx_hal_msp.o(.text.HAL_TIM_PWM_MspInit)
    HAL_TIM_PWM_Start                        0x08001aad   Thumb Code    72  air001xx_hal_tim.o(.text.HAL_TIM_PWM_Start)
    HAL_UART_ErrorCallback                   0x08001b01   Thumb Code     2  air001xx_hal_uart.o(.text.HAL_UART_ErrorCallback)
    HAL_UART_IRQHandler                      0x08001b05   Thumb Code   648  air001xx_hal_uart.o(.text.HAL_UART_IRQHandler)
    HAL_UART_Init                            0x08001d95   Thumb Code   138  air001xx_hal_uart.o(.text.HAL_UART_Init)
    HAL_UART_MspInit                         0x08001e1f   Thumb Code     2  air001xx_hal_uart.o(.text.HAL_UART_MspInit)
    HAL_UART_Receive_IT                      0x08001e21   Thumb Code    96  air001xx_hal_uart.o(.text.HAL_UART_Receive_IT)
    HAL_UART_RxCpltCallback                  0x08001e81   Thumb Code    48  air001_core_board.o(.text.HAL_UART_RxCpltCallback)
    HAL_UART_Transmit                        0x08001ebd   Thumb Code   312  air001xx_hal_uart.o(.text.HAL_UART_Transmit)
    HAL_UART_TxCpltCallback                  0x08001ff9   Thumb Code     2  air001xx_hal_uart.o(.text.HAL_UART_TxCpltCallback)
    Motor_Set_CH2                            0x08001ffd   Thumb Code     8  motor_pwm.o(.text.Motor_Set_CH2)
    Motor_Set_CH3                            0x08002005   Thumb Code     8  motor_pwm.o(.text.Motor_Set_CH3)
    Motor_Set_CH4                            0x0800200d   Thumb Code     8  motor_pwm.o(.text.Motor_Set_CH4)
    NMI_Handler                              0x08002019   Thumb Code    12  air001xx_it.o(.text.NMI_Handler)
    SPI1_IRQHandler                          0x08002025   Thumb Code    20  air001xx_it.o(.text.SPI1_IRQHandler)
    SVC_Handler                              0x08002049   Thumb Code    12  air001xx_it.o(.text.SVC_Handler)
    Set_LEDColor                             0x08002055   Thumb Code    20  ws2812_spi_dma.o(.text.Set_LEDColor)
    SysTick_Handler                          0x0800206d   Thumb Code    16  board.o(.text.SysTick_Handler)
    SystemInit                               0x0800207d   Thumb Code    32  system_air001xx.o(.text.SystemInit)
    USART2_IRQHandler                        0x0800218d   Thumb Code    12  air001_core_board.o(.text.USART2_IRQHandler)
    WS2812Init                               0x0800219d   Thumb Code    68  ws2812_spi_dma.o(.text.WS2812Init)
    __rt_ffs                                 0x080021e9   Thumb Code    56  kservice.o(.text.__rt_ffs)
    _countSpeed                              0x08002225   Thumb Code    52  encode.o(.text._countSpeed)
    cmd_ps                                   0x08002261   Thumb Code    10  msh.o(.text.cmd_ps)
    encode_Init                              0x0800226d   Thumb Code   140  encode.o(.text.encode_Init)
    finsh_system_init                        0x08002319   Thumb Code    96  shell.o(.text.finsh_system_init)
    finsh_thread_entry                       0x080023ad   Thumb Code  1156  shell.o(.text.finsh_thread_entry)
    hello                                    0x08002861   Thumb Code    12  cmd.o(.text.hello)
    list                                     0x08002881   Thumb Code    68  cmd.o(.text.list)
    list_mailbox                             0x080028f5   Thumb Code   292  cmd.o(.text.list_mailbox)
    list_sem                                 0x08002aa1   Thumb Code   292  cmd.o(.text.list_sem)
    list_thread                              0x08002c35   Thumb Code   280  cmd.o(.text.list_thread)
    list_timer                               0x08002de5   Thumb Code   224  cmd.o(.text.list_timer)
    $Super$$main                             0x08002f55   Thumb Code    76  main.o(.text.main)
    main_thread_entry                        0x08002fd1   Thumb Code    24  components.o(.text.main_thread_entry)
    motor_Init                               0x08002ff1   Thumb Code   296  motor_pwm.o(.text.motor_Init)
    msh_auto_complete                        0x0800312d   Thumb Code   248  msh.o(.text.msh_auto_complete)
    msh_exec                                 0x08003235   Thumb Code   492  msh.o(.text.msh_exec)
    msh_help                                 0x0800346d   Thumb Code    76  msh.o(.text.msh_help)
    msh_is_used                              0x080034d1   Thumb Code     4  msh.o(.text.msh_is_used)
    rt_components_board_init                 0x08003679   Thumb Code    20  components.o(.text.rt_components_board_init)
    rt_enter_critical                        0x08003695   Thumb Code    20  scheduler.o(.text.rt_enter_critical)
    rt_exit_critical                         0x080036a9   Thumb Code    48  scheduler.o(.text.rt_exit_critical)
    rt_hw_board_init                         0x080036dd   Thumb Code   108  board.o(.text.rt_hw_board_init)
    rt_hw_console_getchar                    0x08003751   Thumb Code    52  air001_core_board.o(.text.rt_hw_console_getchar)
    rt_hw_console_output                     0x0800378d   Thumb Code    80  air001_core_board.o(.text.rt_hw_console_output)
    rt_hw_hard_fault_exception               0x080037e1   Thumb Code    80  cpuport.o(.text.rt_hw_hard_fault_exception)
    rt_hw_stack_init                         0x080038d1   Thumb Code    68  cpuport.o(.text.rt_hw_stack_init)
    rt_interrupt_enter                       0x08003919   Thumb Code    20  irq.o(.text.rt_interrupt_enter)
    rt_interrupt_leave                       0x0800392d   Thumb Code    20  irq.o(.text.rt_interrupt_leave)
    rt_kprintf                               0x08003941   Thumb Code    44  kservice.o(.text.rt_kprintf)
    rt_memmove                               0x08003971   Thumb Code    50  kservice.o(.text.rt_memmove)
    rt_memset                                0x080039a5   Thumb Code    84  kservice.o(.text.rt_memset)
    rt_object_detach                         0x080039fd   Thumb Code    36  object.o(.text.rt_object_detach)
    rt_object_get_information                0x08003a21   Thumb Code    24  object.o(.text.rt_object_get_information)
    rt_object_init                           0x08003a39   Thumb Code    92  object.o(.text.rt_object_init)
    rt_object_is_systemobject                0x08003a99   Thumb Code     6  object.o(.text.rt_object_is_systemobject)
    rt_ringbuffer_getchar                    0x08003a9f   Thumb Code   112  ringbuff.o(.text.rt_ringbuffer_getchar)
    rt_ringbuffer_init                       0x08003b0f   Thumb Code    12  ringbuff.o(.text.rt_ringbuffer_init)
    rt_ringbuffer_putchar                    0x08003b1b   Thumb Code    96  ringbuff.o(.text.rt_ringbuffer_putchar)
    rt_schedule                              0x08003b7d   Thumb Code    84  scheduler.o(.text.rt_schedule)
    rt_schedule_insert_thread                0x08003bd5   Thumb Code    64  scheduler.o(.text.rt_schedule_insert_thread)
    rt_schedule_remove_thread                0x08003c15   Thumb Code    64  scheduler.o(.text.rt_schedule_remove_thread)
    rt_sem_init                              0x08003c55   Thumb Code    32  ipc.o(.text.rt_sem_init)
    rt_sem_release                           0x08003c75   Thumb Code    78  ipc.o(.text.rt_sem_release)
    rt_sem_take                              0x08003cc3   Thumb Code   182  ipc.o(.text.rt_sem_take)
    rt_show_version                          0x08003d79   Thumb Code    44  kservice.o(.text.rt_show_version)
    rt_strlen                                0x08003e2d   Thumb Code    14  kservice.o(.text.rt_strlen)
    rt_strncpy                               0x08003e3b   Thumb Code    52  kservice.o(.text.rt_strncpy)
    rt_system_scheduler_init                 0x08003e71   Thumb Code    44  scheduler.o(.text.rt_system_scheduler_init)
    rt_system_scheduler_start                0x08003ea5   Thumb Code    36  scheduler.o(.text.rt_system_scheduler_start)
    rt_system_timer_init                     0x08003ed1   Thumb Code     8  timer.o(.text.rt_system_timer_init)
    rt_system_timer_thread_init              0x08003edd   Thumb Code     2  timer.o(.text.rt_system_timer_thread_init)
    rt_thread_exit                           0x08003ee1   Thumb Code   100  thread.o(.text.rt_thread_exit)
    rt_thread_idle_init                      0x08003f51   Thumb Code    44  idle.o(.text.rt_thread_idle_init)
    rt_thread_init                           0x08003f91   Thumb Code   116  thread.o(.text.rt_thread_init)
    rt_thread_mdelay                         0x0800400d   Thumb Code    14  thread.o(.text.rt_thread_mdelay)
    rt_thread_resume                         0x0800401b   Thumb Code    70  thread.o(.text.rt_thread_resume)
    rt_thread_self                           0x08004061   Thumb Code     8  thread.o(.text.rt_thread_self)
    rt_thread_sleep                          0x08004069   Thumb Code   116  thread.o(.text.rt_thread_sleep)
    rt_thread_startup                        0x080040dd   Thumb Code    84  thread.o(.text.rt_thread_startup)
    rt_thread_suspend                        0x08004131   Thumb Code    70  thread.o(.text.rt_thread_suspend)
    rt_thread_timeout                        0x08004177   Thumb Code    36  thread.o(.text.rt_thread_timeout)
    rt_thread_yield                          0x0800419d   Thumb Code    88  thread.o(.text.rt_thread_yield)
    rt_tick_from_millisecond                 0x080041fd   Thumb Code    48  clock.o(.text.rt_tick_from_millisecond)
    rt_tick_get                              0x08004231   Thumb Code     8  clock.o(.text.rt_tick_get)
    rt_tick_increase                         0x08004239   Thumb Code    44  clock.o(.text.rt_tick_increase)
    rt_timer_check                           0x08004269   Thumb Code   152  timer.o(.text.rt_timer_check)
    rt_timer_control                         0x08004301   Thumb Code    86  timer.o(.text.rt_timer_control)
    rt_timer_detach                          0x08004357   Thumb Code    48  timer.o(.text.rt_timer_detach)
    rt_timer_init                            0x08004387   Thumb Code    46  timer.o(.text.rt_timer_init)
    rt_timer_start                           0x080043b5   Thumb Code   112  timer.o(.text.rt_timer_start)
    rt_timer_stop                            0x08004431   Thumb Code    54  timer.o(.text.rt_timer_stop)
    rt_vsnprintf                             0x08004469   Thumb Code   884  kservice.o(.text.rt_vsnprintf)
    rtthread_startup                         0x080047f5   Thumb Code    84  components.o(.text.rtthread_startup)
    version                                  0x08004859   Thumb Code    10  cmd.o(.text.version)
    __scatterload_copy                       0x08004863   Thumb Code    14  handlers.o(i.__scatterload_copy)
    __scatterload_null                       0x08004871   Thumb Code     2  handlers.o(i.__scatterload_null)
    __scatterload_zeroinit                   0x08004873   Thumb Code    14  handlers.o(i.__scatterload_zeroinit)
    AHBPrescTable                            0x08004894   Data          64  system_air001xx.o(.rodata.AHBPrescTable)
    APBPrescTable                            0x080048d4   Data          32  system_air001xx.o(.rodata.APBPrescTable)
    HSIFreqTable                             0x080048f4   Data          32  system_air001xx.o(.rodata.HSIFreqTable)
    __lowest_bit_bitmap                      0x08004914   Data         256  kservice.o(.rodata.__lowest_bit_bitmap)
    __fsym_hello_name                        0x08004a14   Data           6  cmd.o(.rodata.name)
    __fsym_hello_desc                        0x08004a1a   Data          16  cmd.o(.rodata.name)
    __fsym_version_name                      0x08004a2a   Data           8  cmd.o(.rodata.name)
    __fsym_version_desc                      0x08004a32   Data          35  cmd.o(.rodata.name)
    __fsym___cmd_version_name                0x08004a55   Data          14  cmd.o(.rodata.name)
    __fsym___cmd_version_desc                0x08004a63   Data          35  cmd.o(.rodata.name)
    __fsym_list_thread_name                  0x08004a86   Data          12  cmd.o(.rodata.name)
    __fsym_list_thread_desc                  0x08004a92   Data          12  cmd.o(.rodata.name)
    __fsym___cmd_list_thread_name            0x08004a9e   Data          18  cmd.o(.rodata.name)
    __fsym___cmd_list_thread_desc            0x08004ab0   Data          12  cmd.o(.rodata.name)
    __fsym_list_sem_name                     0x08004abc   Data           9  cmd.o(.rodata.name)
    __fsym_list_sem_desc                     0x08004ac5   Data          25  cmd.o(.rodata.name)
    __fsym___cmd_list_sem_name               0x08004ade   Data          15  cmd.o(.rodata.name)
    __fsym___cmd_list_sem_desc               0x08004aed   Data          25  cmd.o(.rodata.name)
    __fsym_list_mailbox_name                 0x08004b06   Data          13  cmd.o(.rodata.name)
    __fsym_list_mailbox_desc                 0x08004b13   Data          24  cmd.o(.rodata.name)
    __fsym___cmd_list_mailbox_name           0x08004b2b   Data          19  cmd.o(.rodata.name)
    __fsym___cmd_list_mailbox_desc           0x08004b3e   Data          24  cmd.o(.rodata.name)
    __fsym_list_timer_name                   0x08004b56   Data          11  cmd.o(.rodata.name)
    __fsym_list_timer_desc                   0x08004b61   Data          21  cmd.o(.rodata.name)
    __fsym___cmd_list_timer_name             0x08004b76   Data          17  cmd.o(.rodata.name)
    __fsym___cmd_list_timer_desc             0x08004b87   Data          21  cmd.o(.rodata.name)
    __fsym_list_name                         0x08004b9c   Data           5  cmd.o(.rodata.name)
    __fsym_list_desc                         0x08004ba1   Data          26  cmd.o(.rodata.name)
    __fsym___cmd_help_name                   0x08004bbb   Data          11  msh.o(.rodata.name)
    __fsym___cmd_help_desc                   0x08004bc6   Data          22  msh.o(.rodata.name)
    __fsym___cmd_ps_name                     0x08004bdc   Data           9  msh.o(.rodata.name)
    __fsym___cmd_ps_desc                     0x08004be5   Data          28  msh.o(.rodata.name)
    __rt_init_rti_start                      0x08004cd4   Data           4  components.o(.rti_fn.0)
    __rt_init_rti_board_start                0x08004cd8   Data           4  components.o(.rti_fn.0.end)
    __rt_init_BSP_USART_Config               0x08004cdc   Data           4  air001_core_board.o(.rti_fn.1)
    __rt_init_rti_board_end                  0x08004ce0   Data           4  components.o(.rti_fn.1.end)
    __rt_init_finsh_system_init              0x08004ce4   Data           4  shell.o(.rti_fn.6)
    __rt_init_rti_end                        0x08004ce8   Data           4  components.o(.rti_fn.6.end)
    FSymTab$$Base                            0x08004cec   Number         0  cmd.o(FSymTab)
    __fsym_hello                             0x08004cec   Data          12  cmd.o(FSymTab)
    __fsym_version                           0x08004cf8   Data          12  cmd.o(FSymTab)
    __fsym___cmd_version                     0x08004d04   Data          12  cmd.o(FSymTab)
    __fsym_list_thread                       0x08004d10   Data          12  cmd.o(FSymTab)
    __fsym___cmd_list_thread                 0x08004d1c   Data          12  cmd.o(FSymTab)
    __fsym_list_sem                          0x08004d28   Data          12  cmd.o(FSymTab)
    __fsym___cmd_list_sem                    0x08004d34   Data          12  cmd.o(FSymTab)
    __fsym_list_mailbox                      0x08004d40   Data          12  cmd.o(FSymTab)
    __fsym___cmd_list_mailbox                0x08004d4c   Data          12  cmd.o(FSymTab)
    __fsym_list_timer                        0x08004d58   Data          12  cmd.o(FSymTab)
    __fsym___cmd_list_timer                  0x08004d64   Data          12  cmd.o(FSymTab)
    __fsym_list                              0x08004d70   Data          12  cmd.o(FSymTab)
    __fsym___cmd_help                        0x08004d7c   Data          12  msh.o(FSymTab)
    __fsym___cmd_ps                          0x08004d88   Data          12  msh.o(FSymTab)
    FSymTab$$Limit                           0x08004d94   Number         0  msh.o(FSymTab)
    Region$$Table$$Base                      0x08004d94   Number         0  anon$$obj.o(Region$$Table)
    Region$$Table$$Limit                     0x08004db4   Number         0  anon$$obj.o(Region$$Table)
    VECT_SRAM_TAB                            0x20000000   Data         192  system_air001xx.o(.ARM.__at_0x20000000)
    LED_PORT                                 0x200000c0   Data           4  air001_core_board.o(.data.LED_PORT)
    SystemCoreClock                          0x200000c4   Data           4  system_air001xx.o(.data.SystemCoreClock)
    uwTickFreq                               0x20000108   Data           4  air001xx_hal.o(.data.uwTickFreq)
    uwTickPrio                               0x2000010c   Data           4  air001xx_hal.o(.data.uwTickPrio)
    DebugUartHandle                          0x20000110   Data          76  air001_core_board.o(.bss.DebugUartHandle)
    HdmaCh1                                  0x2000015c   Data          68  ws2812_spi_dma.o(.bss.HdmaCh1)
    HdmaCh2                                  0x200001a0   Data          68  ws2812_spi_dma.o(.bss.HdmaCh2)
    RGB_Data                                 0x200001e4   Data           6  ws2812_spi_dma.o(.bss.RGB_Data)
    Spi1Handle                               0x200001ec   Data          80  ws2812_spi_dma.o(.bss.Spi1Handle)
    TimHandle                                0x2000023c   Data          64  motor_pwm.o(.bss.TimHandle)
    _shell                                   0x2000027c   Data         120  shell.o(.bss._shell)
    _syscall_table_begin                     0x200002f4   Data           4  shell.o(.bss._syscall_table_begin)
    _syscall_table_end                       0x200002f8   Data           4  shell.o(.bss._syscall_table_end)
    encode                                   0x200002fc   Data          24  encode.o(.bss.encode)
    main_thread                              0x20000748   Data         120  components.o(.bss.main_thread)
    rt_current_priority                      0x200007c0   Data           1  scheduler.o(.bss.rt_current_priority)
    rt_current_thread                        0x200007c4   Data           4  scheduler.o(.bss.rt_current_thread)
    rt_interrupt_from_thread                 0x200007c8   Data           4  cpuport.o(.bss.rt_interrupt_from_thread)
    rt_interrupt_nest                        0x200007cc   Data           1  irq.o(.bss.rt_interrupt_nest)
    rt_interrupt_to_thread                   0x200007d0   Data           4  cpuport.o(.bss.rt_interrupt_to_thread)
    rt_thread_defunct                        0x20000818   Data           8  scheduler.o(.bss.rt_thread_defunct)
    rt_thread_priority_table                 0x20000820   Data          64  scheduler.o(.bss.rt_thread_priority_table)
    rt_thread_ready_priority_group           0x20000860   Data           4  scheduler.o(.bss.rt_thread_ready_priority_group)
    rt_thread_switch_interrupt_flag          0x200008e4   Data           4  cpuport.o(.bss.rt_thread_switch_interrupt_flag)
    rx_buf                                   0x200008f8   Data           1  air001_core_board.o(.bss.rx_buf)
    shell                                    0x200008fc   Data           4  shell.o(.bss.shell)
    static_timer                             0x20000920   Data          44  encode.o(.bss.static_timer)
    uart_rx_buf                              0x2000094c   Data          16  air001_core_board.o(.bss.uart_rx_buf)
    uart_rxcb                                0x2000095c   Data          12  air001_core_board.o(.bss.uart_rxcb)
    uwTick                                   0x20000968   Data           4  air001xx_hal.o(.bss.uwTick)
    __initial_sp                             0x20000c70   Data           0  startup_air001_dev.o(STACK)



==============================================================================

Memory Map of the image

  Image Entry point : 0x080000c1

  Load Region LR_IROM1 (Base: 0x08000000, Size: 0x00004ec8, Max: 0x00008000, ABSOLUTE)

    Execution Region ER_IROM1 (Exec base: 0x08000000, Load base: 0x08000000, Size: 0x00004db4, Max: 0x00008000, ABSOLUTE)

    Exec Addr    Load Addr    Size         Type   Attr      Idx    E Section Name        Object

    0x08000000   0x08000000   0x000000c0   Data   RO         1500    RESET               startup_air001_dev.o
    0x080000c0   0x080000c0   0x00000000   Code   RO         1524  * .ARM.Collect$$$$00000000  mc_p.l(entry.o)
    0x080000c0   0x080000c0   0x00000004   Code   RO         1587    .ARM.Collect$$$$00000001  mc_p.l(entry2.o)
    0x080000c4   0x080000c4   0x00000004   Code   RO         1590    .ARM.Collect$$$$00000004  mc_p.l(entry5.o)
    0x080000c8   0x080000c8   0x00000000   Code   RO         1592    .ARM.Collect$$$$00000008  mc_p.l(entry7b.o)
    0x080000c8   0x080000c8   0x00000000   Code   RO         1594    .ARM.Collect$$$$0000000A  mc_p.l(entry8b.o)
    0x080000c8   0x080000c8   0x00000008   Code   RO         1595    .ARM.Collect$$$$0000000B  mc_p.l(entry9a.o)
    0x080000d0   0x080000d0   0x00000000   Code   RO         1597    .ARM.Collect$$$$0000000D  mc_p.l(entry10a.o)
    0x080000d0   0x080000d0   0x00000000   Code   RO         1599    .ARM.Collect$$$$0000000F  mc_p.l(entry11a.o)
    0x080000d0   0x080000d0   0x00000004   Code   RO         1588    .ARM.Collect$$$$00002712  mc_p.l(entry2.o)
    0x080000d4   0x080000d4   0x000000d8   Code   RO            1    .text               context_rvds.o
    0x080001ac   0x080001ac   0x0000001c   Code   RO         1501    .text               startup_air001_dev.o
    0x080001c8   0x080001c8   0x00000024   Code   RO         1535    .text               mc_p.l(memcpya.o)
    0x080001ec   0x080001ec   0x00000024   Code   RO         1537    .text               mc_p.l(memseta.o)
    0x08000210   0x08000210   0x0000000e   Code   RO         1539    .text               mc_p.l(strlen.o)
    0x0800021e   0x0800021e   0x0000001e   Code   RO         1541    .text               mc_p.l(strncmp.o)
    0x0800023c   0x0800023c   0x0000007a   Code   RO         1573    .text               mf_p.l(fmul.o)
    0x080002b6   0x080002b6   0x0000007c   Code   RO         1575    .text               mf_p.l(fdiv.o)
    0x08000332   0x08000332   0x00000016   Code   RO         1581    .text               mf_p.l(fflti.o)
    0x08000348   0x08000348   0x0000003e   Code   RO         1606    .text               mc_p.l(uidiv_div0.o)
    0x08000386   0x08000386   0x00000002   PAD
    0x08000388   0x08000388   0x00000050   Code   RO         1608    .text               mc_p.l(idiv_div0.o)
    0x080003d8   0x080003d8   0x00000000   Code   RO         1614    .text               mc_p.l(iusefp.o)
    0x080003d8   0x080003d8   0x00000082   Code   RO         1615    .text               mf_p.l(fepilogue.o)
    0x0800045a   0x0800045a   0x00000002   PAD
    0x0800045c   0x0800045c   0x00000024   Code   RO         1627    .text               mc_p.l(init.o)
    0x08000480   0x08000480   0x0000002c   Code   RO         1510    .text.$Sub$$main    system_air001xx.o
    0x080004ac   0x080004ac   0x0000003c   Code   RO         1290    .text.BSP_LED_Init  air001_core_board.o
    0x080004e8   0x080004e8   0x00000018   Code   RO         1296    .text.BSP_LED_Off   air001_core_board.o
    0x08000500   0x08000500   0x000000f4   Code   RO         1306    .text.BSP_USART_Config  air001_core_board.o
    0x080005f4   0x080005f4   0x00000014   Code   RO         1359    .text.DMA1_Channel1_IRQHandler  air001xx_it.o
    0x08000608   0x08000608   0x00000018   Code   RO         1361    .text.DMA1_Channel2_3_IRQHandler  air001xx_it.o
    0x08000620   0x08000620   0x00000010   Code   RO         1365    .text.EXTI4_15_IRQHandler  air001xx_it.o
    0x08000630   0x08000630   0x00000030   Code   RO         1448    .text.Encode_Handler  encode.o
    0x08000660   0x08000660   0x00000008   Code   RO         1391    .text.Error_Handler  main.o
    0x08000668   0x08000668   0x00000054   Code   RO          521    .text.HAL_DMA_Abort_IT  air001xx_hal_dma.o
    0x080006bc   0x080006bc   0x00000050   Code   RO          513    .text.HAL_DMA_DeInit  air001xx_hal_dma.o
    0x0800070c   0x0800070c   0x00000100   Code   RO          525    .text.HAL_DMA_IRQHandler  air001xx_hal_dma.o
    0x0800080c   0x0800080c   0x00000078   Code   RO          511    .text.HAL_DMA_Init  air001xx_hal_dma.o
    0x08000884   0x08000884   0x000000e0   Code   RO          595    .text.HAL_GPIO_DeInit  air001xx_hal_gpio.o
    0x08000964   0x08000964   0x00000178   Code   RO          593    .text.HAL_GPIO_Init  air001xx_hal_gpio.o
    0x08000adc   0x08000adc   0x00000010   Code   RO          599    .text.HAL_GPIO_WritePin  air001xx_hal_gpio.o
    0x08000aec   0x08000aec   0x0000000c   Code   RO          436    .text.HAL_GetTick   air001xx_hal.o
    0x08000af8   0x08000af8   0x00000018   Code   RO          424    .text.HAL_Init      air001xx_hal.o
    0x08000b10   0x08000b10   0x00000044   Code   RO          426    .text.HAL_InitTick  air001xx_hal.o
    0x08000b54   0x08000b54   0x00000038   Code   RO         1339    .text.HAL_MspInit   air001xx_hal_msp.o
    0x08000b8c   0x08000b8c   0x00000020   Code   RO          483    .text.HAL_NVIC_DisableIRQ  air001xx_hal_cortex.o
    0x08000bac   0x08000bac   0x00000018   Code   RO          481    .text.HAL_NVIC_EnableIRQ  air001xx_hal_cortex.o
    0x08000bc4   0x08000bc4   0x00000038   Code   RO          479    .text.HAL_NVIC_SetPriority  air001xx_hal_cortex.o
    0x08000bfc   0x08000bfc   0x000001f4   Code   RO          675    .text.HAL_RCC_ClockConfig  air001xx_hal_rcc.o
    0x08000df0   0x08000df0   0x00000024   Code   RO          681    .text.HAL_RCC_GetPCLK1Freq  air001xx_hal_rcc.o
    0x08000e14   0x08000e14   0x0000008c   Code   RO          673    .text.HAL_RCC_GetSysClockFreq  air001xx_hal_rcc.o
    0x08000ea0   0x08000ea0   0x000004f0   Code   RO          671    .text.HAL_RCC_OscConfig  air001xx_hal_rcc.o
    0x08001390   0x08001390   0x0000002e   Code   RO          834    .text.HAL_SPI_DeInit  air001xx_hal_spi.o
    0x080013be   0x080013be   0x00000002   Code   RO          914    .text.HAL_SPI_ErrorCallback  air001xx_hal_spi.o
    0x080013c0   0x080013c0   0x00000130   Code   RO          910    .text.HAL_SPI_IRQHandler  air001xx_hal_spi.o
    0x080014f0   0x080014f0   0x00000080   Code   RO          830    .text.HAL_SPI_Init  air001xx_hal_spi.o
    0x08001570   0x08001570   0x0000004c   Code   RO         1343    .text.HAL_SPI_MspDeInit  air001xx_hal_msp.o
    0x080015bc   0x080015bc   0x00000180   Code   RO         1341    .text.HAL_SPI_MspInit  air001xx_hal_msp.o
    0x0800173c   0x0800173c   0x00000010   Code   RO          466    .text.HAL_SYSCFG_DMA_Req  air001xx_hal.o
    0x0800174c   0x0800174c   0x00000034   Code   RO          487    .text.HAL_SYSTICK_Config  air001xx_hal_cortex.o
    0x08001780   0x08001780   0x00000278   Code   RO         1109    .text.HAL_TIM_PWM_ConfigChannel  air001xx_hal_tim.o
    0x080019f8   0x080019f8   0x000000b0   Code   RO         1009    .text.HAL_TIM_PWM_Init  air001xx_hal_tim.o
    0x08001aa8   0x08001aa8   0x00000002   Code   RO         1345    .text.HAL_TIM_PWM_MspInit  air001xx_hal_msp.o
    0x08001aaa   0x08001aaa   0x00000002   PAD
    0x08001aac   0x08001aac   0x00000054   Code   RO         1017    .text.HAL_TIM_PWM_Start  air001xx_hal_tim.o
    0x08001b00   0x08001b00   0x00000002   Code   RO          798    .text.HAL_UART_ErrorCallback  air001xx_hal_uart.o
    0x08001b02   0x08001b02   0x00000002   PAD
    0x08001b04   0x08001b04   0x00000290   Code   RO          794    .text.HAL_UART_IRQHandler  air001xx_hal_uart.o
    0x08001d94   0x08001d94   0x0000008a   Code   RO          726    .text.HAL_UART_Init  air001xx_hal_uart.o
    0x08001e1e   0x08001e1e   0x00000002   Code   RO          728    .text.HAL_UART_MspInit  air001xx_hal_uart.o
    0x08001e20   0x08001e20   0x00000060   Code   RO          746    .text.HAL_UART_Receive_IT  air001xx_hal_uart.o
    0x08001e80   0x08001e80   0x0000003c   Code   RO         1312    .text.HAL_UART_RxCpltCallback  air001_core_board.o
    0x08001ebc   0x08001ebc   0x0000013c   Code   RO          740    .text.HAL_UART_Transmit  air001xx_hal_uart.o
    0x08001ff8   0x08001ff8   0x00000002   Code   RO          800    .text.HAL_UART_TxCpltCallback  air001xx_hal_uart.o
    0x08001ffa   0x08001ffa   0x00000002   PAD
    0x08001ffc   0x08001ffc   0x00000008   Code   RO         1485    .text.Motor_Set_CH2  motor_pwm.o
    0x08002004   0x08002004   0x00000008   Code   RO         1487    .text.Motor_Set_CH3  motor_pwm.o
    0x0800200c   0x0800200c   0x0000000c   Code   RO         1489    .text.Motor_Set_CH4  motor_pwm.o
    0x08002018   0x08002018   0x0000000c   Code   RO         1355    .text.NMI_Handler   air001xx_it.o
    0x08002024   0x08002024   0x00000014   Code   RO         1363    .text.SPI1_IRQHandler  air001xx_it.o
    0x08002038   0x08002038   0x00000010   Code   RO          912    .text.SPI_DMAAbortOnError  air001xx_hal_spi.o
    0x08002048   0x08002048   0x0000000c   Code   RO         1357    .text.SVC_Handler   air001xx_it.o
    0x08002054   0x08002054   0x00000018   Code   RO         1422    .text.Set_LEDColor  ws2812_spi_dma.o
    0x0800206c   0x0800206c   0x00000010   Code   RO         1376    .text.SysTick_Handler  board.o
    0x0800207c   0x0800207c   0x00000030   Code   RO         1508    .text.SystemInit    system_air001xx.o
    0x080020ac   0x080020ac   0x00000010   Code   RO          796    .text.UART_DMAAbortOnError  air001xx_hal_uart.o
    0x080020bc   0x080020bc   0x000000d0   Code   RO          730    .text.UART_SetConfig  air001xx_hal_uart.o
    0x0800218c   0x0800218c   0x00000010   Code   RO         1310    .text.USART2_IRQHandler  air001_core_board.o
    0x0800219c   0x0800219c   0x0000004c   Code   RO         1420    .text.WS2812Init    ws2812_spi_dma.o
    0x080021e8   0x080021e8   0x0000003c   Code   RO          188    .text.__rt_ffs      kservice.o
    0x08002224   0x08002224   0x0000003c   Code   RO         1444    .text._countSpeed   encode.o
    0x08002260   0x08002260   0x0000000a   Code   RO          369    .text.cmd_ps        msh.o
    0x0800226a   0x0800226a   0x00000002   PAD
    0x0800226c   0x0800226c   0x000000ac   Code   RO         1446    .text.encode_Init   encode.o
    0x08002318   0x08002318   0x00000094   Code   RO          403    .text.finsh_system_init  shell.o
    0x080023ac   0x080023ac   0x000004b4   Code   RO          397    .text.finsh_thread_entry  shell.o
    0x08002860   0x08002860   0x00000020   Code   RO          328    .text.hello         cmd.o
    0x08002880   0x08002880   0x00000074   Code   RO          340    .text.list          cmd.o
    0x080028f4   0x080028f4   0x000001ac   Code   RO          336    .text.list_mailbox  cmd.o
    0x08002aa0   0x08002aa0   0x00000194   Code   RO          334    .text.list_sem      cmd.o
    0x08002c34   0x08002c34   0x000001b0   Code   RO          332    .text.list_thread   cmd.o
    0x08002de4   0x08002de4   0x00000170   Code   RO          338    .text.list_timer    cmd.o
    0x08002f54   0x08002f54   0x0000007c   Code   RO         1389    .text.main          main.o
    0x08002fd0   0x08002fd0   0x00000020   Code   RO           56    .text.main_thread_entry  components.o
    0x08002ff0   0x08002ff0   0x0000013c   Code   RO         1483    .text.motor_Init    motor_pwm.o
    0x0800312c   0x0800312c   0x00000108   Code   RO          373    .text.msh_auto_complete  msh.o
    0x08003234   0x08003234   0x00000238   Code   RO          371    .text.msh_exec      msh.o
    0x0800346c   0x0800346c   0x00000064   Code   RO          367    .text.msh_help      msh.o
    0x080034d0   0x080034d0   0x00000004   Code   RO          365    .text.msh_is_used   msh.o
    0x080034d4   0x080034d4   0x000001a4   Code   RO          176    .text.print_number  kservice.o
    0x08003678   0x08003678   0x0000001c   Code   RO           52    .text.rt_components_board_init  components.o
    0x08003694   0x08003694   0x00000014   Code   RO          241    .text.rt_enter_critical  scheduler.o
    0x080036a8   0x080036a8   0x00000034   Code   RO          243    .text.rt_exit_critical  scheduler.o
    0x080036dc   0x080036dc   0x00000074   Code   RO         1378    .text.rt_hw_board_init  board.o
    0x08003750   0x08003750   0x0000003c   Code   RO         1314    .text.rt_hw_console_getchar  air001_core_board.o
    0x0800378c   0x0800378c   0x00000054   Code   RO         1308    .text.rt_hw_console_output  air001_core_board.o
    0x080037e0   0x080037e0   0x000000f0   Code   RO           10    .text.rt_hw_hard_fault_exception  cpuport.o
    0x080038d0   0x080038d0   0x00000048   Code   RO            8    .text.rt_hw_stack_init  cpuport.o
    0x08003918   0x08003918   0x00000014   Code   RO          127    .text.rt_interrupt_enter  irq.o
    0x0800392c   0x0800392c   0x00000014   Code   RO          129    .text.rt_interrupt_leave  irq.o
    0x08003940   0x08003940   0x00000030   Code   RO          172    .text.rt_kprintf    kservice.o
    0x08003970   0x08003970   0x00000032   Code   RO          152    .text.rt_memmove    kservice.o
    0x080039a2   0x080039a2   0x00000002   PAD
    0x080039a4   0x080039a4   0x00000058   Code   RO          148    .text.rt_memset     kservice.o
    0x080039fc   0x080039fc   0x00000024   Code   RO          214    .text.rt_object_detach  object.o
    0x08003a20   0x08003a20   0x00000018   Code   RO          206    .text.rt_object_get_information  object.o
    0x08003a38   0x08003a38   0x00000060   Code   RO          212    .text.rt_object_init  object.o
    0x08003a98   0x08003a98   0x00000006   Code   RO          216    .text.rt_object_is_systemobject  object.o
    0x08003a9e   0x08003a9e   0x00000070   Code   RO         1410    .text.rt_ringbuffer_getchar  ringbuff.o
    0x08003b0e   0x08003b0e   0x0000000c   Code   RO         1406    .text.rt_ringbuffer_init  ringbuff.o
    0x08003b1a   0x08003b1a   0x00000060   Code   RO         1408    .text.rt_ringbuffer_putchar  ringbuff.o
    0x08003b7a   0x08003b7a   0x00000002   PAD
    0x08003b7c   0x08003b7c   0x00000058   Code   RO          235    .text.rt_schedule   scheduler.o
    0x08003bd4   0x08003bd4   0x00000040   Code   RO          237    .text.rt_schedule_insert_thread  scheduler.o
    0x08003c14   0x08003c14   0x00000040   Code   RO          239    .text.rt_schedule_remove_thread  scheduler.o
    0x08003c54   0x08003c54   0x00000020   Code   RO           95    .text.rt_sem_init   ipc.o
    0x08003c74   0x08003c74   0x0000004e   Code   RO          103    .text.rt_sem_release  ipc.o
    0x08003cc2   0x08003cc2   0x000000b6   Code   RO           99    .text.rt_sem_take   ipc.o
    0x08003d78   0x08003d78   0x000000b4   Code   RO          170    .text.rt_show_version  kservice.o
    0x08003e2c   0x08003e2c   0x0000000e   Code   RO          158    .text.rt_strlen     kservice.o
    0x08003e3a   0x08003e3a   0x00000034   Code   RO          162    .text.rt_strncpy    kservice.o
    0x08003e6e   0x08003e6e   0x00000002   PAD
    0x08003e70   0x08003e70   0x00000034   Code   RO          231    .text.rt_system_scheduler_init  scheduler.o
    0x08003ea4   0x08003ea4   0x0000002c   Code   RO          233    .text.rt_system_scheduler_start  scheduler.o
    0x08003ed0   0x08003ed0   0x0000000c   Code   RO          314    .text.rt_system_timer_init  timer.o
    0x08003edc   0x08003edc   0x00000002   Code   RO          316    .text.rt_system_timer_thread_init  timer.o
    0x08003ede   0x08003ede   0x00000002   PAD
    0x08003ee0   0x08003ee0   0x0000006c   Code   RO          262    .text.rt_thread_exit  thread.o
    0x08003f4c   0x08003f4c   0x00000002   Code   RO           82    .text.rt_thread_idle_entry  idle.o
    0x08003f4e   0x08003f4e   0x00000002   PAD
    0x08003f50   0x08003f50   0x00000040   Code   RO           80    .text.rt_thread_idle_init  idle.o
    0x08003f90   0x08003f90   0x0000007c   Code   RO          264    .text.rt_thread_init  thread.o
    0x0800400c   0x0800400c   0x0000000e   Code   RO          284    .text.rt_thread_mdelay  thread.o
    0x0800401a   0x0800401a   0x00000046   Code   RO          270    .text.rt_thread_resume  thread.o
    0x08004060   0x08004060   0x00000008   Code   RO          266    .text.rt_thread_self  thread.o
    0x08004068   0x08004068   0x00000074   Code   RO          276    .text.rt_thread_sleep  thread.o
    0x080040dc   0x080040dc   0x00000054   Code   RO          268    .text.rt_thread_startup  thread.o
    0x08004130   0x08004130   0x00000046   Code   RO          278    .text.rt_thread_suspend  thread.o
    0x08004176   0x08004176   0x00000024   Code   RO          288    .text.rt_thread_timeout  thread.o
    0x0800419a   0x0800419a   0x00000002   PAD
    0x0800419c   0x0800419c   0x00000060   Code   RO          274    .text.rt_thread_yield  thread.o
    0x080041fc   0x080041fc   0x00000034   Code   RO           33    .text.rt_tick_from_millisecond  clock.o
    0x08004230   0x08004230   0x00000008   Code   RO           27    .text.rt_tick_get   clock.o
    0x08004238   0x08004238   0x00000030   Code   RO           31    .text.rt_tick_increase  clock.o
    0x08004268   0x08004268   0x00000098   Code   RO          310    .text.rt_timer_check  timer.o
    0x08004300   0x08004300   0x00000056   Code   RO          308    .text.rt_timer_control  timer.o
    0x08004356   0x08004356   0x00000030   Code   RO          302    .text.rt_timer_detach  timer.o
    0x08004386   0x08004386   0x0000002e   Code   RO          300    .text.rt_timer_init  timer.o
    0x080043b4   0x080043b4   0x0000007c   Code   RO          304    .text.rt_timer_start  timer.o
    0x08004430   0x08004430   0x00000036   Code   RO          306    .text.rt_timer_stop  timer.o
    0x08004466   0x08004466   0x00000002   PAD
    0x08004468   0x08004468   0x0000037c   Code   RO          174    .text.rt_vsnprintf  kservice.o
    0x080047e4   0x080047e4   0x00000004   Code   RO           48    .text.rti_board_end  components.o
    0x080047e8   0x080047e8   0x00000004   Code   RO           46    .text.rti_board_start  components.o
    0x080047ec   0x080047ec   0x00000004   Code   RO           50    .text.rti_end       components.o
    0x080047f0   0x080047f0   0x00000004   Code   RO           44    .text.rti_start     components.o
    0x080047f4   0x080047f4   0x00000064   Code   RO           60    .text.rtthread_startup  components.o
    0x08004858   0x08004858   0x0000000a   Code   RO          330    .text.version       cmd.o
    0x08004862   0x08004862   0x0000000e   Code   RO         1637    i.__scatterload_copy  mc_p.l(handlers.o)
    0x08004870   0x08004870   0x00000002   Code   RO         1638    i.__scatterload_null  mc_p.l(handlers.o)
    0x08004872   0x08004872   0x0000000e   Code   RO         1639    i.__scatterload_zeroinit  mc_p.l(handlers.o)
    0x08004880   0x08004880   0x00000014   Data   RO          699    .rodata..L__const.HAL_RCC_GetSysClockFreq.hsiValue  air001xx_hal_rcc.o
    0x08004894   0x08004894   0x00000040   Data   RO         1513    .rodata.AHBPrescTable  system_air001xx.o
    0x080048d4   0x080048d4   0x00000020   Data   RO         1514    .rodata.APBPrescTable  system_air001xx.o
    0x080048f4   0x080048f4   0x00000020   Data   RO         1515    .rodata.HSIFreqTable  system_air001xx.o
    0x08004914   0x08004914   0x00000100   Data   RO          192    .rodata.__lowest_bit_bitmap  kservice.o
    0x08004a14   0x08004a14   0x000001a7   Data   RO          342    .rodata.name        cmd.o
    0x08004bbb   0x08004bbb   0x00000046   Data   RO          376    .rodata.name        msh.o
    0x08004c01   0x08004c01   0x00000005   Data   RO           67    .rodata.str1.1      components.o
    0x08004c06   0x08004c06   0x0000008d   Data   RO          346    .rodata.str1.1      cmd.o
    0x08004c93   0x08004c93   0x0000002e   Data   RO          375    .rodata.str1.1      msh.o
    0x08004cc1   0x08004cc1   0x00000011   Data   RO          411    .rodata.str1.1      shell.o
    0x08004cd2   0x08004cd2   0x00000002   PAD
    0x08004cd4   0x08004cd4   0x00000004   Data   RO           62    .rti_fn.0           components.o
    0x08004cd8   0x08004cd8   0x00000004   Data   RO           63    .rti_fn.0.end       components.o
    0x08004cdc   0x08004cdc   0x00000004   Data   RO         1330    .rti_fn.1           air001_core_board.o
    0x08004ce0   0x08004ce0   0x00000004   Data   RO           64    .rti_fn.1.end       components.o
    0x08004ce4   0x08004ce4   0x00000004   Data   RO          415    .rti_fn.6           shell.o
    0x08004ce8   0x08004ce8   0x00000004   Data   RO           65    .rti_fn.6.end       components.o
    0x08004cec   0x08004cec   0x0000000c   Data   RO          343    FSymTab             cmd.o
    0x08004cf8   0x08004cf8   0x0000000c   Data   RO          344    FSymTab             cmd.o
    0x08004d04   0x08004d04   0x0000000c   Data   RO          345    FSymTab             cmd.o
    0x08004d10   0x08004d10   0x0000000c   Data   RO          347    FSymTab             cmd.o
    0x08004d1c   0x08004d1c   0x0000000c   Data   RO          348    FSymTab             cmd.o
    0x08004d28   0x08004d28   0x0000000c   Data   RO          349    FSymTab             cmd.o
    0x08004d34   0x08004d34   0x0000000c   Data   RO          350    FSymTab             cmd.o
    0x08004d40   0x08004d40   0x0000000c   Data   RO          351    FSymTab             cmd.o
    0x08004d4c   0x08004d4c   0x0000000c   Data   RO          352    FSymTab             cmd.o
    0x08004d58   0x08004d58   0x0000000c   Data   RO          353    FSymTab             cmd.o
    0x08004d64   0x08004d64   0x0000000c   Data   RO          354    FSymTab             cmd.o
    0x08004d70   0x08004d70   0x0000000c   Data   RO          355    FSymTab             cmd.o
    0x08004d7c   0x08004d7c   0x0000000c   Data   RO          377    FSymTab             msh.o
    0x08004d88   0x08004d88   0x0000000c   Data   RO          378    FSymTab             msh.o
    0x08004d94   0x08004d94   0x00000020   Data   RO         1636    Region$$Table       anon$$obj.o


    Execution Region RW_IRAM1 (Exec base: 0x20000000, Load base: 0x08004db8, Size: 0x00000c70, Max: 0x00001000, ABSOLUTE)

    Exec Addr    Load Addr    Size         Type   Attr      Idx    E Section Name        Object

    0x20000000   0x08004db8   0x000000c0   Data   RW         1516    .ARM.__at_0x20000000  system_air001xx.o
    0x200000c0   0x08004e78   0x00000004   Data   RW         1320    .data.LED_PORT      air001_core_board.o
    0x200000c4   0x08004e7c   0x00000004   Data   RW         1512    .data.SystemCoreClock  system_air001xx.o
    0x200000c8   0x08004e80   0x00000040   Data   RW          222    .data.rt_object_container  object.o
    0x20000108   0x08004ec0   0x00000004   Data   RW          469    .data.uwTickFreq    air001xx_hal.o
    0x2000010c   0x08004ec4   0x00000004   Data   RW          468    .data.uwTickPrio    air001xx_hal.o
    0x20000110        -       0x0000004c   Zero   RW         1326    .bss.DebugUartHandle  air001_core_board.o
    0x2000015c        -       0x00000044   Zero   RW         1431    .bss.HdmaCh1        ws2812_spi_dma.o
    0x200001a0        -       0x00000044   Zero   RW         1432    .bss.HdmaCh2        ws2812_spi_dma.o
    0x200001e4        -       0x00000006   Zero   RW         1428    .bss.RGB_Data       ws2812_spi_dma.o
    0x200001ea   0x08004ec8   0x00000002   PAD
    0x200001ec        -       0x00000050   Zero   RW         1426    .bss.Spi1Handle     ws2812_spi_dma.o
    0x2000023c        -       0x00000040   Zero   RW         1491    .bss.TimHandle      motor_pwm.o
    0x2000027c        -       0x00000078   Zero   RW          412    .bss._shell         shell.o
    0x200002f4        -       0x00000004   Zero   RW          405    .bss._syscall_table_begin  shell.o
    0x200002f8        -       0x00000004   Zero   RW          406    .bss._syscall_table_end  shell.o
    0x200002fc        -       0x00000018   Zero   RW         1462    .bss.encode         encode.o
    0x20000314        -       0x00000041   Zero   RW          409    .bss.finsh_get_prompt.finsh_prompt  shell.o
    0x20000355   0x08004ec8   0x00000003   PAD
    0x20000358        -       0x00000078   Zero   RW          413    .bss.finsh_thread   shell.o
    0x200003d0        -       0x00000200   Zero   RW          414    .bss.finsh_thread_stack  shell.o
    0x200005d0        -       0x00000078   Zero   RW           86    .bss.idle           idle.o
    0x20000648        -       0x00000100   Zero   RW           68    .bss.main_stack     components.o
    0x20000748        -       0x00000078   Zero   RW           66    .bss.main_thread    components.o
    0x200007c0        -       0x00000001   Zero   RW          250    .bss.rt_current_priority  scheduler.o
    0x200007c1   0x08004ec8   0x00000003   PAD
    0x200007c4        -       0x00000004   Zero   RW          247    .bss.rt_current_thread  scheduler.o
    0x200007c8        -       0x00000004   Zero   RW           14    .bss.rt_interrupt_from_thread  cpuport.o
    0x200007cc        -       0x00000001   Zero   RW          133    .bss.rt_interrupt_nest  irq.o
    0x200007cd   0x08004ec8   0x00000003   PAD
    0x200007d0        -       0x00000004   Zero   RW           15    .bss.rt_interrupt_to_thread  cpuport.o
    0x200007d4        -       0x00000040   Zero   RW          191    .bss.rt_kprintf.rt_log_buf  kservice.o
    0x20000814        -       0x00000002   Zero   RW          248    .bss.rt_scheduler_lock_nest  scheduler.o
    0x20000816   0x08004ec8   0x00000002   PAD
    0x20000818        -       0x00000008   Zero   RW          252    .bss.rt_thread_defunct  scheduler.o
    0x20000820        -       0x00000040   Zero   RW          249    .bss.rt_thread_priority_table  scheduler.o
    0x20000860        -       0x00000004   Zero   RW          251    .bss.rt_thread_ready_priority_group  scheduler.o
    0x20000864        -       0x00000080   Zero   RW           87    .bss.rt_thread_stack  idle.o
    0x200008e4        -       0x00000004   Zero   RW           16    .bss.rt_thread_switch_interrupt_flag  cpuport.o
    0x200008e8        -       0x00000004   Zero   RW           35    .bss.rt_tick        clock.o
    0x200008ec        -       0x00000008   Zero   RW          319    .bss.rt_timer_list  timer.o
    0x200008f4        -       0x00000004   Zero   RW          318    .bss.rt_timer_start.random_nr  timer.o
    0x200008f8        -       0x00000001   Zero   RW         1327    .bss.rx_buf         air001_core_board.o
    0x200008f9   0x08004ec8   0x00000003   PAD
    0x200008fc        -       0x00000004   Zero   RW          410    .bss.shell          shell.o
    0x20000900        -       0x00000020   Zero   RW         1328    .bss.shell_rx_sem   air001_core_board.o
    0x20000920        -       0x0000002c   Zero   RW         1463    .bss.static_timer   encode.o
    0x2000094c        -       0x00000010   Zero   RW         1325    .bss.uart_rx_buf    air001_core_board.o
    0x2000095c        -       0x0000000c   Zero   RW         1329    .bss.uart_rxcb      air001_core_board.o
    0x20000968        -       0x00000004   Zero   RW          470    .bss.uwTick         air001xx_hal.o
    0x2000096c   0x08004ec8   0x00000004   PAD
    0x20000970        -       0x00000300   Zero   RW         1498    STACK               startup_air001_dev.o


==============================================================================

Image component sizes


      Code (inc. data)   RO Data    RW Data    ZI Data      Debug   Object Name

       548         72          4          4        137       9945   air001_core_board.o
       120         12          0          8          4       5287   air001xx_hal.o
       164         28          0          0          0       5414   air001xx_hal_cortex.o
       540         16          0          0          0       8739   air001xx_hal_dma.o
       616         16          0          0          0       4511   air001xx_hal_gpio.o
       518         32          0          0          0       6547   air001xx_hal_msp.o
      1940        116         20          0          0       9556   air001xx_hal_rcc.o
       496          4          0          0          0      23988   air001xx_hal_spi.o
       892         32          0          0          0      56701   air001xx_hal_tim.o
      1436         24          0          0          0      19104   air001xx_hal_uart.o
       104          4          0          0          0       1443   air001xx_it.o
       132          8          0          0          0       1673   board.o
       108          8          0          0          4       2560   clock.o
      1790        612        708          0          0      13270   cmd.o
       176         32         21          0        376       3333   components.o
       216         32          0          0          0        800   context_rvds.o
       312        164          0          0         12       2248   cpuport.o
       280         52          0          0         68       4997   encode.o
        66         20          0          0        248       2110   idle.o
       292          0          0          0          0      11028   ipc.o
        40          0          0          0          1       1017   irq.o
      1804        382        256          0         64      15224   kservice.o
       132         48          0          0          0       2171   main.o
       344         24          0          0         64       5183   motor_pwm.o
       946        116        140          0          0       5242   msh.o
       162          4          0         64          0       5958   object.o
       220          0          0          0          0       2761   ringbuff.o
       384         24          0          0         83       4459   scheduler.o
      1352        448         21          0        829       6642   shell.o
        28          8        192          0        768        620   startup_air001_dev.o
        92         24        128        196          0       2356   system_air001xx.o
       726         24          0          0          0       8974   thread.o
       524         22          0          0         12       6647   timer.o
       100         12          0          0        222       4241   ws2812_spi_dma.o

    ----------------------------------------------------------------------
     17622       2420       1524        272       2912     264749   Object Totals
         0          0         32          0          0          0   (incl. Generated)
        22          0          2          0         20          0   (incl. Padding)

    ----------------------------------------------------------------------

      Code (inc. data)   RO Data    RW Data    ZI Data      Debug   Library Member Name

         0          0          0          0          0          0   entry.o
         0          0          0          0          0          0   entry10a.o
         0          0          0          0          0          0   entry11a.o
         8          4          0          0          0          0   entry2.o
         4          0          0          0          0          0   entry5.o
         0          0          0          0          0          0   entry7b.o
         0          0          0          0          0          0   entry8b.o
         8          4          0          0          0          0   entry9a.o
        30          0          0          0          0          0   handlers.o
        80          6          0          0          0         72   idiv_div0.o
        36          8          0          0          0         68   init.o
         0          0          0          0          0          0   iusefp.o
        36          0          0          0          0         60   memcpya.o
        36          0          0          0          0        100   memseta.o
        14          0          0          0          0         60   strlen.o
        30          0          0          0          0         72   strncmp.o
        62          0          0          0          0         72   uidiv_div0.o
       124          0          0          0          0         72   fdiv.o
       130          0          0          0          0        144   fepilogue.o
        22          0          0          0          0         68   fflti.o
       122          0          0          0          0         72   fmul.o

    ----------------------------------------------------------------------
       746         22          0          0          0        860   Library Totals
         4          0          0          0          0          0   (incl. Padding)

    ----------------------------------------------------------------------

      Code (inc. data)   RO Data    RW Data    ZI Data      Debug   Library Name

       344         22          0          0          0        504   mc_p.l
       398          0          0          0          0        356   mf_p.l

    ----------------------------------------------------------------------
       746         22          0          0          0        860   Library Totals

    ----------------------------------------------------------------------

==============================================================================


      Code (inc. data)   RO Data    RW Data    ZI Data      Debug   

     18368       2442       1524        272       2912     264781   Grand Totals
     18368       2442       1524        272       2912     264781   ELF Image Totals
     18368       2442       1524        272          0          0   ROM Totals

==============================================================================

    Total RO  Size (Code + RO Data)                19892 (  19.43kB)
    Total RW  Size (RW Data + ZI Data)              3184 (   3.11kB)
    Total ROM Size (Code + RO Data + RW Data)      20164 (  19.69kB)

==============================================================================

